Archive member included because of file (symbol)

c:/program files (x86)/arm gcc/bin/../lib/gcc/arm-none-eabi/4.8.4/armv7-m\libgcc.a(_arm_addsubdf3.o)
                              ..\obj\math_.o (__aeabi_i2d)
c:/program files (x86)/arm gcc/bin/../lib/gcc/arm-none-eabi/4.8.4/armv7-m\libgcc.a(_arm_muldivdf3.o)
                              ..\obj\string.o (__aeabi_dmul)
c:/program files (x86)/arm gcc/bin/../lib/gcc/arm-none-eabi/4.8.4/armv7-m\libgcc.a(_arm_cmpdf2.o)
                              ..\obj\math_.o (__aeabi_dcmple)
c:/program files (x86)/arm gcc/bin/../lib/gcc/arm-none-eabi/4.8.4/armv7-m\libgcc.a(_arm_truncdfsf2.o)
                              ..\obj\string.o (__aeabi_d2f)
c:/program files (x86)/arm gcc/bin/../lib/gcc/arm-none-eabi/4.8.4/armv7-m\libgcc.a(_arm_addsubsf3.o)
                              ..\obj\string.o (__aeabi_fsub)
c:/program files (x86)/arm gcc/bin/../lib/gcc/arm-none-eabi/4.8.4/armv7-m\libgcc.a(_arm_muldivsf3.o)
                              ..\obj\string.o (__aeabi_fmul)
c:/program files (x86)/arm gcc/bin/../lib/gcc/arm-none-eabi/4.8.4/armv7-m\libgcc.a(_arm_cmpsf2.o)
                              ..\obj\string.o (__aeabi_fcmplt)
c:/program files (x86)/arm gcc/bin/../lib/gcc/arm-none-eabi/4.8.4/armv7-m\libgcc.a(_arm_fixsfsi.o)
                              ..\obj\string.o (__aeabi_f2iz)
c:/program files (x86)/arm gcc/bin/../lib/gcc/arm-none-eabi/4.8.4/armv7-m\libgcc.a(_arm_fixunssfsi.o)
                              ..\obj\math_.o (__aeabi_f2uiz)

Allocating common symbols
Common symbol       size              file

IGain               0x4               ..\obj\controller.o
Payload             0x1               ..\obj\NRF24L01.o
DGain               0x4               ..\obj\controller.o
TxMode              0x1               ..\obj\NRF24L01.o
PGain               0x4               ..\obj\controller.o
DebugDecrease       0x4               ..\obj\debug.o
LCDBuffer           0x3e8             ..\obj\pcd8544.o
LIS3DSH_Sensitivity
                    0x4               ..\obj\LIS3DSH.o

Discarded input sections

 .text          0x00000000        0x0 ..\obj\pcd8544.o
 .data          0x00000000        0x0 ..\obj\pcd8544.o
 .bss           0x00000000        0x0 ..\obj\pcd8544.o
 .text.LCD_Rectangle
                0x00000000       0x4c ..\obj\pcd8544.o
 .rodata        0x00000000      0x248 ..\obj\pcd8544.o
 .text          0x00000000        0x0 ..\obj\string.o
 .data          0x00000000        0x0 ..\obj\string.o
 .bss           0x00000000        0x0 ..\obj\string.o
 .text.strlenNum
                0x00000000       0x18 ..\obj\string.o
 .text.dtoa_    0x00000000       0x48 ..\obj\string.o
 .text.strcatNum
                0x00000000       0x20 ..\obj\string.o
 .text          0x00000000        0x0 ..\obj\stm32f10x_tim.o
 .data          0x00000000        0x0 ..\obj\stm32f10x_tim.o
 .bss           0x00000000        0x0 ..\obj\stm32f10x_tim.o
 .text.TIM_DeInit
                0x00000000      0x200 ..\obj\stm32f10x_tim.o
 .text.TIM_OC1Init
                0x00000000       0x8c ..\obj\stm32f10x_tim.o
 .text.TIM_OC2Init
                0x00000000       0x88 ..\obj\stm32f10x_tim.o
 .text.TIM_BDTRConfig
                0x00000000       0x24 ..\obj\stm32f10x_tim.o
 .text.TIM_OCStructInit
                0x00000000       0x14 ..\obj\stm32f10x_tim.o
 .text.TIM_ICStructInit
                0x00000000       0x10 ..\obj\stm32f10x_tim.o
 .text.TIM_BDTRStructInit
                0x00000000       0x14 ..\obj\stm32f10x_tim.o
 .text.TIM_CtrlPWMOutputs
                0x00000000       0x24 ..\obj\stm32f10x_tim.o
 .text.TIM_GenerateEvent
                0x00000000        0x4 ..\obj\stm32f10x_tim.o
 .text.TIM_DMAConfig
                0x00000000        0x8 ..\obj\stm32f10x_tim.o
 .text.TIM_DMACmd
                0x00000000       0x18 ..\obj\stm32f10x_tim.o
 .text.TIM_InternalClockConfig
                0x00000000       0x10 ..\obj\stm32f10x_tim.o
 .text.TIM_ITRxExternalClockConfig
                0x00000000       0x1c ..\obj\stm32f10x_tim.o
 .text.TIM_TIxExternalClockConfig
                0x00000000       0x38 ..\obj\stm32f10x_tim.o
 .text.TIM_ETRConfig
                0x00000000       0x18 ..\obj\stm32f10x_tim.o
 .text.TIM_ETRClockMode1Config
                0x00000000       0x1c ..\obj\stm32f10x_tim.o
 .text.TIM_ETRClockMode2Config
                0x00000000       0x14 ..\obj\stm32f10x_tim.o
 .text.TIM_PrescalerConfig
                0x00000000        0x8 ..\obj\stm32f10x_tim.o
 .text.TIM_CounterModeConfig
                0x00000000       0x10 ..\obj\stm32f10x_tim.o
 .text.TIM_SelectInputTrigger
                0x00000000       0x10 ..\obj\stm32f10x_tim.o
 .text.TIM_ForcedOC1Config
                0x00000000       0x10 ..\obj\stm32f10x_tim.o
 .text.TIM_ForcedOC2Config
                0x00000000       0x14 ..\obj\stm32f10x_tim.o
 .text.TIM_ForcedOC3Config
                0x00000000       0x10 ..\obj\stm32f10x_tim.o
 .text.TIM_ForcedOC4Config
                0x00000000       0x14 ..\obj\stm32f10x_tim.o
 .text.TIM_ARRPreloadConfig
                0x00000000       0x1c ..\obj\stm32f10x_tim.o
 .text.TIM_SelectCOM
                0x00000000       0x1c ..\obj\stm32f10x_tim.o
 .text.TIM_SelectCCDMA
                0x00000000       0x1c ..\obj\stm32f10x_tim.o
 .text.TIM_CCPreloadControl
                0x00000000       0x1c ..\obj\stm32f10x_tim.o
 .text.TIM_OC1PreloadConfig
                0x00000000       0x10 ..\obj\stm32f10x_tim.o
 .text.TIM_OC2PreloadConfig
                0x00000000       0x14 ..\obj\stm32f10x_tim.o
 .text.TIM_OC3PreloadConfig
                0x00000000       0x10 ..\obj\stm32f10x_tim.o
 .text.TIM_OC4PreloadConfig
                0x00000000       0x14 ..\obj\stm32f10x_tim.o
 .text.TIM_OC1FastConfig
                0x00000000       0x10 ..\obj\stm32f10x_tim.o
 .text.TIM_OC2FastConfig
                0x00000000       0x14 ..\obj\stm32f10x_tim.o
 .text.TIM_OC3FastConfig
                0x00000000       0x10 ..\obj\stm32f10x_tim.o
 .text.TIM_OC4FastConfig
                0x00000000       0x14 ..\obj\stm32f10x_tim.o
 .text.TIM_ClearOC1Ref
                0x00000000       0x10 ..\obj\stm32f10x_tim.o
 .text.TIM_ClearOC2Ref
                0x00000000       0x10 ..\obj\stm32f10x_tim.o
 .text.TIM_ClearOC3Ref
                0x00000000       0x10 ..\obj\stm32f10x_tim.o
 .text.TIM_ClearOC4Ref
                0x00000000       0x10 ..\obj\stm32f10x_tim.o
 .text.TIM_OC1PolarityConfig
                0x00000000       0x10 ..\obj\stm32f10x_tim.o
 .text.TIM_OC1NPolarityConfig
                0x00000000       0x10 ..\obj\stm32f10x_tim.o
 .text.TIM_OC2PolarityConfig
                0x00000000       0x14 ..\obj\stm32f10x_tim.o
 .text.TIM_OC2NPolarityConfig
                0x00000000       0x14 ..\obj\stm32f10x_tim.o
 .text.TIM_OC3PolarityConfig
                0x00000000       0x14 ..\obj\stm32f10x_tim.o
 .text.TIM_OC3NPolarityConfig
                0x00000000       0x14 ..\obj\stm32f10x_tim.o
 .text.TIM_OC4PolarityConfig
                0x00000000       0x14 ..\obj\stm32f10x_tim.o
 .text.TIM_CCxCmd
                0x00000000       0x20 ..\obj\stm32f10x_tim.o
 .text.TIM_CCxNCmd
                0x00000000       0x20 ..\obj\stm32f10x_tim.o
 .text.TIM_SelectOCxM
                0x00000000       0x4c ..\obj\stm32f10x_tim.o
 .text.TIM_UpdateDisableConfig
                0x00000000       0x1c ..\obj\stm32f10x_tim.o
 .text.TIM_UpdateRequestConfig
                0x00000000       0x1c ..\obj\stm32f10x_tim.o
 .text.TIM_SelectHallSensor
                0x00000000       0x1c ..\obj\stm32f10x_tim.o
 .text.TIM_SelectOnePulseMode
                0x00000000       0x18 ..\obj\stm32f10x_tim.o
 .text.TIM_SelectSlaveMode
                0x00000000       0x18 ..\obj\stm32f10x_tim.o
 .text.TIM_SelectMasterSlaveMode
                0x00000000       0x18 ..\obj\stm32f10x_tim.o
 .text.TIM_SetCounter
                0x00000000        0x4 ..\obj\stm32f10x_tim.o
 .text.TIM_SetAutoreload
                0x00000000        0x4 ..\obj\stm32f10x_tim.o
 .text.TIM_SetCompare1
                0x00000000        0x4 ..\obj\stm32f10x_tim.o
 .text.TIM_SetCompare2
                0x00000000        0x4 ..\obj\stm32f10x_tim.o
 .text.TIM_SetCompare3
                0x00000000        0x4 ..\obj\stm32f10x_tim.o
 .text.TIM_SetCompare4
                0x00000000        0x8 ..\obj\stm32f10x_tim.o
 .text.TIM_PWMIConfig
                0x00000000       0x6c ..\obj\stm32f10x_tim.o
 .text.TIM_SetClockDivision
                0x00000000       0x18 ..\obj\stm32f10x_tim.o
 .text.TIM_GetCapture1
                0x00000000        0x8 ..\obj\stm32f10x_tim.o
 .text.TIM_GetCapture2
                0x00000000        0x8 ..\obj\stm32f10x_tim.o
 .text.TIM_GetCapture3
                0x00000000        0x8 ..\obj\stm32f10x_tim.o
 .text.TIM_GetCapture4
                0x00000000        0x8 ..\obj\stm32f10x_tim.o
 .text.TIM_GetCounter
                0x00000000        0x8 ..\obj\stm32f10x_tim.o
 .text.TIM_GetPrescaler
                0x00000000        0x8 ..\obj\stm32f10x_tim.o
 .text.TIM_GetFlagStatus
                0x00000000        0xc ..\obj\stm32f10x_tim.o
 .text.TIM_ClearFlag
                0x00000000        0x8 ..\obj\stm32f10x_tim.o
 .text.TIM_GetITStatus
                0x00000000       0x18 ..\obj\stm32f10x_tim.o
 .text.TIM_ClearITPendingBit
                0x00000000        0x8 ..\obj\stm32f10x_tim.o
 .text          0x00000000        0x0 ..\obj\NRF24L01.o
 .data          0x00000000       0x10 ..\obj\NRF24L01.o
 .bss           0x00000000        0x0 ..\obj\NRF24L01.o
 .text.NRF24L01_WriteRegisters
                0x00000000       0x38 ..\obj\NRF24L01.o
 .text.NRF24L01_SetRxAdr
                0x00000000       0x28 ..\obj\NRF24L01.o
 .text.NRF24L01_SetTxAdr
                0x00000000       0x28 ..\obj\NRF24L01.o
 .text          0x00000000        0x0 ..\obj\LIS3DSH.o
 .data          0x00000000        0x0 ..\obj\LIS3DSH.o
 .bss           0x00000000        0x0 ..\obj\LIS3DSH.o
 .text.SPI_ReadMulti
                0x00000000       0x20 ..\obj\LIS3DSH.o
 .text.LIS3DSH_ReadSPI
                0x00000000       0x3c ..\obj\LIS3DSH.o
 .text.LIS3DSH_ReadAxes
                0x00000000       0x40 ..\obj\LIS3DSH.o
 COMMON         0x00000000        0x4 ..\obj\LIS3DSH.o
 .text          0x00000000        0x0 ..\obj\startup_stm32f10x_ld_vl.o
 .data          0x00000000        0x0 ..\obj\startup_stm32f10x_ld_vl.o
 .bss           0x00000000        0x0 ..\obj\startup_stm32f10x_ld_vl.o
 .text          0x00000000        0x0 ..\obj\system_stm32f10x.o
 .data          0x00000000       0x14 ..\obj\system_stm32f10x.o
 .bss           0x00000000        0x0 ..\obj\system_stm32f10x.o
 .text.SystemCoreClockUpdate
                0x00000000       0x88 ..\obj\system_stm32f10x.o
 .text          0x00000000        0x0 ..\obj\hw_config.o
 .data          0x00000000        0x0 ..\obj\hw_config.o
 .text          0x00000000        0x0 ..\obj\stm32f10x_gpio.o
 .data          0x00000000        0x0 ..\obj\stm32f10x_gpio.o
 .bss           0x00000000        0x0 ..\obj\stm32f10x_gpio.o
 .text.GPIO_DeInit
                0x00000000       0xcc ..\obj\stm32f10x_gpio.o
 .text.GPIO_AFIODeInit
                0x00000000       0x14 ..\obj\stm32f10x_gpio.o
 .text.GPIO_StructInit
                0x00000000       0x10 ..\obj\stm32f10x_gpio.o
 .text.GPIO_ReadInputDataBit
                0x00000000        0xc ..\obj\stm32f10x_gpio.o
 .text.GPIO_ReadInputData
                0x00000000        0x8 ..\obj\stm32f10x_gpio.o
 .text.GPIO_ReadOutputDataBit
                0x00000000        0xc ..\obj\stm32f10x_gpio.o
 .text.GPIO_ReadOutputData
                0x00000000        0x8 ..\obj\stm32f10x_gpio.o
 .text.GPIO_WriteBit
                0x00000000        0xc ..\obj\stm32f10x_gpio.o
 .text.GPIO_Write
                0x00000000        0x4 ..\obj\stm32f10x_gpio.o
 .text.GPIO_PinLockConfig
                0x00000000       0x10 ..\obj\stm32f10x_gpio.o
 .text.GPIO_EventOutputConfig
                0x00000000       0x1c ..\obj\stm32f10x_gpio.o
 .text.GPIO_EventOutputCmd
                0x00000000        0xc ..\obj\stm32f10x_gpio.o
 .text.GPIO_ETH_MediaInterfaceConfig
                0x00000000        0xc ..\obj\stm32f10x_gpio.o
 .text          0x00000000        0x0 ..\obj\main.o
 .text          0x00000000        0x0 ..\obj\font.o
 .data          0x00000000        0x0 ..\obj\font.o
 .bss           0x00000000        0x0 ..\obj\font.o
 .text          0x00000000        0x0 ..\obj\math_.o
 .data          0x00000000        0x0 ..\obj\math_.o
 .bss           0x00000000        0x0 ..\obj\math_.o
 .text.sin_     0x00000000       0xb0 ..\obj\math_.o
 .text.cos_     0x00000000       0xb8 ..\obj\math_.o
 .text.tan_     0x00000000       0x1c ..\obj\math_.o
 .text.factorial_
                0x00000000       0x60 ..\obj\math_.o
 .text.sqrt_    0x00000000        0x8 ..\obj\math_.o
 .rodata        0x00000000      0x16c ..\obj\math_.o
 .debug_info    0x00000000      0x1da ..\obj\math_.o
 .debug_abbrev  0x00000000       0xfc ..\obj\math_.o
 .debug_loc     0x00000000      0x2c2 ..\obj\math_.o
 .debug_aranges
                0x00000000       0x40 ..\obj\math_.o
 .debug_ranges  0x00000000       0x48 ..\obj\math_.o
 .debug_line    0x00000000       0xe1 ..\obj\math_.o
 .debug_str     0x00000000      0x108 ..\obj\math_.o
 .comment       0x00000000       0x71 ..\obj\math_.o
 .ARM.attributes
                0x00000000       0x33 ..\obj\math_.o
 .debug_frame   0x00000000       0xa0 ..\obj\math_.o
 .text          0x00000000        0x0 ..\obj\stm32f10x_rcc.o
 .bss           0x00000000        0x0 ..\obj\stm32f10x_rcc.o
 .text.RCC_DeInit
                0x00000000       0x44 ..\obj\stm32f10x_rcc.o
 .text.RCC_AdjustHSICalibrationValue
                0x00000000       0x14 ..\obj\stm32f10x_rcc.o
 .text.RCC_HSICmd
                0x00000000        0xc ..\obj\stm32f10x_rcc.o
 .text.RCC_PREDIV1Config
                0x00000000       0x18 ..\obj\stm32f10x_rcc.o
 .text.RCC_ITConfig
                0x00000000       0x1c ..\obj\stm32f10x_rcc.o
 .text.RCC_USBCLKConfig
                0x00000000        0xc ..\obj\stm32f10x_rcc.o
 .text.RCC_LSEConfig
                0x00000000       0x28 ..\obj\stm32f10x_rcc.o
 .text.RCC_LSICmd
                0x00000000        0xc ..\obj\stm32f10x_rcc.o
 .text.RCC_RTCCLKConfig
                0x00000000       0x10 ..\obj\stm32f10x_rcc.o
 .text.RCC_RTCCLKCmd
                0x00000000        0xc ..\obj\stm32f10x_rcc.o
 .text.RCC_AHBPeriphClockCmd
                0x00000000       0x1c ..\obj\stm32f10x_rcc.o
 .text.RCC_APB2PeriphResetCmd
                0x00000000       0x1c ..\obj\stm32f10x_rcc.o
 .text.RCC_APB1PeriphResetCmd
                0x00000000       0x1c ..\obj\stm32f10x_rcc.o
 .text.RCC_BackupResetCmd
                0x00000000        0xc ..\obj\stm32f10x_rcc.o
 .text.RCC_ClockSecuritySystemCmd
                0x00000000        0xc ..\obj\stm32f10x_rcc.o
 .text.RCC_MCOConfig
                0x00000000        0xc ..\obj\stm32f10x_rcc.o
 .text.RCC_ClearFlag
                0x00000000       0x10 ..\obj\stm32f10x_rcc.o
 .text.RCC_GetITStatus
                0x00000000       0x14 ..\obj\stm32f10x_rcc.o
 .text.RCC_ClearITPendingBit
                0x00000000        0xc ..\obj\stm32f10x_rcc.o
 .text          0x00000000        0x0 ..\obj\stm32f10x_exti.o
 .data          0x00000000        0x0 ..\obj\stm32f10x_exti.o
 .bss           0x00000000        0x0 ..\obj\stm32f10x_exti.o
 .text.EXTI_DeInit
                0x00000000       0x1c ..\obj\stm32f10x_exti.o
 .text.EXTI_StructInit
                0x00000000       0x10 ..\obj\stm32f10x_exti.o
 .text.EXTI_GenerateSWInterrupt
                0x00000000       0x10 ..\obj\stm32f10x_exti.o
 .text.EXTI_GetFlagStatus
                0x00000000       0x14 ..\obj\stm32f10x_exti.o
 .text.EXTI_ClearFlag
                0x00000000        0xc ..\obj\stm32f10x_exti.o
 .text.EXTI_GetITStatus
                0x00000000       0x1c ..\obj\stm32f10x_exti.o
 .text          0x00000000        0x0 ..\obj\stm32f10x_adc.o
 .data          0x00000000        0x0 ..\obj\stm32f10x_adc.o
 .bss           0x00000000        0x0 ..\obj\stm32f10x_adc.o
 .text.ADC_DeInit
                0x00000000       0x64 ..\obj\stm32f10x_adc.o
 .text.ADC_StructInit
                0x00000000       0x14 ..\obj\stm32f10x_adc.o
 .text.ADC_DMACmd
                0x00000000       0x18 ..\obj\stm32f10x_adc.o
 .text.ADC_SoftwareStartConvCmd
                0x00000000       0x18 ..\obj\stm32f10x_adc.o
 .text.ADC_GetSoftwareStartConvStatus
                0x00000000        0x8 ..\obj\stm32f10x_adc.o
 .text.ADC_DiscModeChannelCountConfig
                0x00000000       0x10 ..\obj\stm32f10x_adc.o
 .text.ADC_DiscModeCmd
                0x00000000       0x18 ..\obj\stm32f10x_adc.o
 .text.ADC_GetDualModeConversionValue
                0x00000000        0xc ..\obj\stm32f10x_adc.o
 .text.ADC_AutoInjectedConvCmd
                0x00000000       0x18 ..\obj\stm32f10x_adc.o
 .text.ADC_InjectedDiscModeCmd
                0x00000000       0x18 ..\obj\stm32f10x_adc.o
 .text.ADC_ExternalTrigInjectedConvConfig
                0x00000000        0xc ..\obj\stm32f10x_adc.o
 .text.ADC_ExternalTrigInjectedConvCmd
                0x00000000       0x18 ..\obj\stm32f10x_adc.o
 .text.ADC_SoftwareStartInjectedConvCmd
                0x00000000       0x18 ..\obj\stm32f10x_adc.o
 .text.ADC_GetSoftwareStartInjectedConvCmdStatus
                0x00000000        0x8 ..\obj\stm32f10x_adc.o
 .text.ADC_InjectedChannelConfig
                0x00000000       0x60 ..\obj\stm32f10x_adc.o
 .text.ADC_InjectedSequencerLengthConfig
                0x00000000       0x10 ..\obj\stm32f10x_adc.o
 .text.ADC_SetInjectedOffset
                0x00000000       0x18 ..\obj\stm32f10x_adc.o
 .text.ADC_GetInjectedConversionValue
                0x00000000       0x1c ..\obj\stm32f10x_adc.o
 .text.ADC_AnalogWatchdogCmd
                0x00000000       0x10 ..\obj\stm32f10x_adc.o
 .text.ADC_AnalogWatchdogThresholdsConfig
                0x00000000        0x8 ..\obj\stm32f10x_adc.o
 .text.ADC_AnalogWatchdogSingleChannelConfig
                0x00000000        0xc ..\obj\stm32f10x_adc.o
 .text.ADC_TempSensorVrefintCmd
                0x00000000       0x20 ..\obj\stm32f10x_adc.o
 .text.ADC_GetFlagStatus
                0x00000000        0xc ..\obj\stm32f10x_adc.o
 .text.ADC_ClearFlag
                0x00000000        0x8 ..\obj\stm32f10x_adc.o
 .text.ADC_GetITStatus
                0x00000000       0x1c ..\obj\stm32f10x_adc.o
 .text          0x00000000        0x0 ..\obj\stm32f10x_usart.o
 .data          0x00000000        0x0 ..\obj\stm32f10x_usart.o
 .bss           0x00000000        0x0 ..\obj\stm32f10x_usart.o
 .text.USART_DeInit
                0x00000000       0xa4 ..\obj\stm32f10x_usart.o
 .text.USART_StructInit
                0x00000000       0x18 ..\obj\stm32f10x_usart.o
 .text.USART_ClockInit
                0x00000000       0x24 ..\obj\stm32f10x_usart.o
 .text.USART_ClockStructInit
                0x00000000        0xc ..\obj\stm32f10x_usart.o
 .text.USART_ITConfig
                0x00000000       0x38 ..\obj\stm32f10x_usart.o
 .text.USART_DMACmd
                0x00000000       0x18 ..\obj\stm32f10x_usart.o
 .text.USART_SetAddress
                0x00000000       0x18 ..\obj\stm32f10x_usart.o
 .text.USART_WakeUpConfig
                0x00000000       0x18 ..\obj\stm32f10x_usart.o
 .text.USART_ReceiverWakeUpCmd
                0x00000000       0x1c ..\obj\stm32f10x_usart.o
 .text.USART_LINBreakDetectLengthConfig
                0x00000000       0x18 ..\obj\stm32f10x_usart.o
 .text.USART_LINCmd
                0x00000000       0x1c ..\obj\stm32f10x_usart.o
 .text.USART_SendData
                0x00000000        0x8 ..\obj\stm32f10x_usart.o
 .text.USART_ReceiveData
                0x00000000        0x8 ..\obj\stm32f10x_usart.o
 .text.USART_SendBreak
                0x00000000        0xc ..\obj\stm32f10x_usart.o
 .text.USART_SetGuardTime
                0x00000000       0x14 ..\obj\stm32f10x_usart.o
 .text.USART_SetPrescaler
                0x00000000       0x14 ..\obj\stm32f10x_usart.o
 .text.USART_SmartCardCmd
                0x00000000       0x1c ..\obj\stm32f10x_usart.o
 .text.USART_SmartCardNACKCmd
                0x00000000       0x1c ..\obj\stm32f10x_usart.o
 .text.USART_HalfDuplexCmd
                0x00000000       0x1c ..\obj\stm32f10x_usart.o
 .text.USART_OverSampling8Cmd
                0x00000000       0x1c ..\obj\stm32f10x_usart.o
 .text.USART_OneBitMethodCmd
                0x00000000       0x1c ..\obj\stm32f10x_usart.o
 .text.USART_IrDAConfig
                0x00000000       0x18 ..\obj\stm32f10x_usart.o
 .text.USART_IrDACmd
                0x00000000       0x1c ..\obj\stm32f10x_usart.o
 .text.USART_GetFlagStatus
                0x00000000        0xc ..\obj\stm32f10x_usart.o
 .text.USART_ClearFlag
                0x00000000        0x8 ..\obj\stm32f10x_usart.o
 .text.USART_GetITStatus
                0x00000000       0x48 ..\obj\stm32f10x_usart.o
 .text.USART_ClearITPendingBit
                0x00000000       0x10 ..\obj\stm32f10x_usart.o
 .text          0x00000000        0x0 ..\obj\stm32f10x_flash.o
 .data          0x00000000        0x0 ..\obj\stm32f10x_flash.o
 .bss           0x00000000        0x0 ..\obj\stm32f10x_flash.o
 .text.FLASH_SetLatency
                0x00000000       0x14 ..\obj\stm32f10x_flash.o
 .text.FLASH_HalfCycleAccessCmd
                0x00000000       0x18 ..\obj\stm32f10x_flash.o
 .text.FLASH_PrefetchBufferCmd
                0x00000000       0x18 ..\obj\stm32f10x_flash.o
 .text.FLASH_Unlock
                0x00000000       0x18 ..\obj\stm32f10x_flash.o
 .text.FLASH_UnlockBank1
                0x00000000       0x18 ..\obj\stm32f10x_flash.o
 .text.FLASH_Lock
                0x00000000       0x10 ..\obj\stm32f10x_flash.o
 .text.FLASH_LockBank1
                0x00000000       0x10 ..\obj\stm32f10x_flash.o
 .text.FLASH_GetUserOptionByte
                0x00000000        0xc ..\obj\stm32f10x_flash.o
 .text.FLASH_GetWriteProtectionOptionByte
                0x00000000        0xc ..\obj\stm32f10x_flash.o
 .text.FLASH_GetReadOutProtectionStatus
                0x00000000       0x10 ..\obj\stm32f10x_flash.o
 .text.FLASH_GetPrefetchBufferStatus
                0x00000000       0x10 ..\obj\stm32f10x_flash.o
 .text.FLASH_ITConfig
                0x00000000       0x1c ..\obj\stm32f10x_flash.o
 .text.FLASH_GetFlagStatus
                0x00000000       0x20 ..\obj\stm32f10x_flash.o
 .text.FLASH_ClearFlag
                0x00000000        0xc ..\obj\stm32f10x_flash.o
 .text.FLASH_GetStatus
                0x00000000       0x34 ..\obj\stm32f10x_flash.o
 .text.FLASH_GetBank1Status
                0x00000000       0x34 ..\obj\stm32f10x_flash.o
 .text.FLASH_WaitForLastOperation
                0x00000000       0x24 ..\obj\stm32f10x_flash.o
 .text.FLASH_ErasePage
                0x00000000       0x40 ..\obj\stm32f10x_flash.o
 .text.FLASH_EraseAllPages
                0x00000000       0x3c ..\obj\stm32f10x_flash.o
 .text.FLASH_EraseOptionBytes
                0x00000000       0x98 ..\obj\stm32f10x_flash.o
 .text.FLASH_ProgramWord
                0x00000000       0x6c ..\obj\stm32f10x_flash.o
 .text.FLASH_ProgramHalfWord
                0x00000000       0x38 ..\obj\stm32f10x_flash.o
 .text.FLASH_ProgramOptionByteData
                0x00000000       0x4c ..\obj\stm32f10x_flash.o
 .text.FLASH_EnableWriteProtection
                0x00000000       0xb0 ..\obj\stm32f10x_flash.o
 .text.FLASH_ReadOutProtection
                0x00000000       0x9c ..\obj\stm32f10x_flash.o
 .text.FLASH_UserOptionByteConfig
                0x00000000       0x60 ..\obj\stm32f10x_flash.o
 .text.FLASH_WaitForLastBank1Operation
                0x00000000       0x24 ..\obj\stm32f10x_flash.o
 .text.FLASH_EraseAllBank1Pages
                0x00000000       0x3c ..\obj\stm32f10x_flash.o
 .debug_info    0x00000000      0xa00 ..\obj\stm32f10x_flash.o
 .debug_abbrev  0x00000000      0x1ad ..\obj\stm32f10x_flash.o
 .debug_loc     0x00000000      0x97e ..\obj\stm32f10x_flash.o
 .debug_aranges
                0x00000000       0xf8 ..\obj\stm32f10x_flash.o
 .debug_ranges  0x00000000       0xe8 ..\obj\stm32f10x_flash.o
 .debug_line    0x00000000      0x470 ..\obj\stm32f10x_flash.o
 .debug_str     0x00000000      0x5f2 ..\obj\stm32f10x_flash.o
 .comment       0x00000000       0x71 ..\obj\stm32f10x_flash.o
 .ARM.attributes
                0x00000000       0x33 ..\obj\stm32f10x_flash.o
 .debug_frame   0x00000000      0x24c ..\obj\stm32f10x_flash.o
 .text          0x00000000        0x0 ..\obj\debug.o
 .data          0x00000000        0x0 ..\obj\debug.o
 .bss           0x00000000        0x0 ..\obj\debug.o
 .text.DebugSendString
                0x00000000       0x48 ..\obj\debug.o
 .text.DebugSendChar
                0x00000000       0x24 ..\obj\debug.o
 .text.DebugSysTimeStart
                0x00000000        0xc ..\obj\debug.o
 .text.DebugSendNum
                0x00000000       0x18 ..\obj\debug.o
 .text.DebugSendNumWDesc
                0x00000000       0x48 ..\obj\debug.o
 .text.DebugSendPID
                0x00000000       0x54 ..\obj\debug.o
 .rodata.str1.4
                0x00000000        0x8 ..\obj\debug.o
 COMMON         0x00000000        0x4 ..\obj\debug.o
 .text          0x00000000        0x0 ..\obj\stm32f10x_dma.o
 .data          0x00000000        0x0 ..\obj\stm32f10x_dma.o
 .bss           0x00000000        0x0 ..\obj\stm32f10x_dma.o
 .text.DMA_DeInit
                0x00000000      0x120 ..\obj\stm32f10x_dma.o
 .text.DMA_Init
                0x00000000       0x40 ..\obj\stm32f10x_dma.o
 .text.DMA_StructInit
                0x00000000       0x1c ..\obj\stm32f10x_dma.o
 .text.DMA_Cmd  0x00000000       0x1c ..\obj\stm32f10x_dma.o
 .text.DMA_ITConfig
                0x00000000       0x14 ..\obj\stm32f10x_dma.o
 .text.DMA_SetCurrDataCounter
                0x00000000        0x4 ..\obj\stm32f10x_dma.o
 .text.DMA_GetCurrDataCounter
                0x00000000        0x8 ..\obj\stm32f10x_dma.o
 .text.DMA_GetFlagStatus
                0x00000000       0x20 ..\obj\stm32f10x_dma.o
 .text.DMA_ClearFlag
                0x00000000       0x18 ..\obj\stm32f10x_dma.o
 .text.DMA_GetITStatus
                0x00000000       0x20 ..\obj\stm32f10x_dma.o
 .text.DMA_ClearITPendingBit
                0x00000000       0x18 ..\obj\stm32f10x_dma.o
 .debug_info    0x00000000      0x470 ..\obj\stm32f10x_dma.o
 .debug_abbrev  0x00000000      0x164 ..\obj\stm32f10x_dma.o
 .debug_loc     0x00000000      0x183 ..\obj\stm32f10x_dma.o
 .debug_aranges
                0x00000000       0x70 ..\obj\stm32f10x_dma.o
 .debug_ranges  0x00000000       0x60 ..\obj\stm32f10x_dma.o
 .debug_line    0x00000000      0x290 ..\obj\stm32f10x_dma.o
 .debug_str     0x00000000      0x3c1 ..\obj\stm32f10x_dma.o
 .comment       0x00000000       0x71 ..\obj\stm32f10x_dma.o
 .ARM.attributes
                0x00000000       0x33 ..\obj\stm32f10x_dma.o
 .debug_frame   0x00000000       0xc8 ..\obj\stm32f10x_dma.o
 .text          0x00000000        0x0 ..\obj\misc.o
 .data          0x00000000        0x0 ..\obj\misc.o
 .bss           0x00000000        0x0 ..\obj\misc.o
 .text.NVIC_PriorityGroupConfig
                0x00000000       0x14 ..\obj\misc.o
 .text.NVIC_SetVectorTable
                0x00000000       0x14 ..\obj\misc.o
 .text.NVIC_SystemLPConfig
                0x00000000       0x1c ..\obj\misc.o
 .text.SysTick_CLKSourceConfig
                0x00000000       0x18 ..\obj\misc.o
 .text          0x00000000        0x0 ..\obj\stm32f10x_spi.o
 .data          0x00000000        0x0 ..\obj\stm32f10x_spi.o
 .bss           0x00000000        0x0 ..\obj\stm32f10x_spi.o
 .text.SPI_I2S_DeInit
                0x00000000       0x64 ..\obj\stm32f10x_spi.o
 .text.I2S_Init
                0x00000000       0xb8 ..\obj\stm32f10x_spi.o
 .text.SPI_StructInit
                0x00000000       0x18 ..\obj\stm32f10x_spi.o
 .text.I2S_StructInit
                0x00000000       0x14 ..\obj\stm32f10x_spi.o
 .text.I2S_Cmd  0x00000000       0x1c ..\obj\stm32f10x_spi.o
 .text.SPI_I2S_ITConfig
                0x00000000       0x20 ..\obj\stm32f10x_spi.o
 .text.SPI_I2S_DMACmd
                0x00000000       0x18 ..\obj\stm32f10x_spi.o
 .text.SPI_I2S_ReceiveData
                0x00000000        0x8 ..\obj\stm32f10x_spi.o
 .text.SPI_NSSInternalSoftwareConfig
                0x00000000       0x24 ..\obj\stm32f10x_spi.o
 .text.SPI_SSOutputCmd
                0x00000000       0x1c ..\obj\stm32f10x_spi.o
 .text.SPI_DataSizeConfig
                0x00000000       0x18 ..\obj\stm32f10x_spi.o
 .text.SPI_TransmitCRC
                0x00000000        0xc ..\obj\stm32f10x_spi.o
 .text.SPI_CalculateCRC
                0x00000000       0x1c ..\obj\stm32f10x_spi.o
 .text.SPI_GetCRC
                0x00000000        0xc ..\obj\stm32f10x_spi.o
 .text.SPI_GetCRCPolynomial
                0x00000000        0x8 ..\obj\stm32f10x_spi.o
 .text.SPI_BiDirectionalLineConfig
                0x00000000       0x20 ..\obj\stm32f10x_spi.o
 .text.SPI_I2S_ClearFlag
                0x00000000        0x8 ..\obj\stm32f10x_spi.o
 .text.SPI_I2S_GetITStatus
                0x00000000       0x30 ..\obj\stm32f10x_spi.o
 .text.SPI_I2S_ClearITPendingBit
                0x00000000       0x10 ..\obj\stm32f10x_spi.o
 .text          0x00000000        0x0 ..\obj\controller.o
 .text          0x00000000        0x0 ..\obj\stm32f10x_iwdg.o
 .data          0x00000000        0x0 ..\obj\stm32f10x_iwdg.o
 .bss           0x00000000        0x0 ..\obj\stm32f10x_iwdg.o
 .text.IWDG_WriteAccessCmd
                0x00000000        0xc ..\obj\stm32f10x_iwdg.o
 .text.IWDG_SetPrescaler
                0x00000000        0xc ..\obj\stm32f10x_iwdg.o
 .text.IWDG_SetReload
                0x00000000        0xc ..\obj\stm32f10x_iwdg.o
 .text.IWDG_ReloadCounter
                0x00000000       0x10 ..\obj\stm32f10x_iwdg.o
 .text.IWDG_Enable
                0x00000000       0x10 ..\obj\stm32f10x_iwdg.o
 .text.IWDG_GetFlagStatus
                0x00000000       0x14 ..\obj\stm32f10x_iwdg.o
 .debug_info    0x00000000      0x209 ..\obj\stm32f10x_iwdg.o
 .debug_abbrev  0x00000000      0x110 ..\obj\stm32f10x_iwdg.o
 .debug_loc     0x00000000       0x62 ..\obj\stm32f10x_iwdg.o
 .debug_aranges
                0x00000000       0x48 ..\obj\stm32f10x_iwdg.o
 .debug_ranges  0x00000000       0x38 ..\obj\stm32f10x_iwdg.o
 .debug_line    0x00000000      0x1ba ..\obj\stm32f10x_iwdg.o
 .debug_str     0x00000000      0x266 ..\obj\stm32f10x_iwdg.o
 .comment       0x00000000       0x71 ..\obj\stm32f10x_iwdg.o
 .ARM.attributes
                0x00000000       0x33 ..\obj\stm32f10x_iwdg.o
 .debug_frame   0x00000000       0x70 ..\obj\stm32f10x_iwdg.o
 .data          0x00000000        0x0 c:/program files (x86)/arm gcc/bin/../lib/gcc/arm-none-eabi/4.8.4/armv7-m\libgcc.a(_arm_addsubdf3.o)
 .bss           0x00000000        0x0 c:/program files (x86)/arm gcc/bin/../lib/gcc/arm-none-eabi/4.8.4/armv7-m\libgcc.a(_arm_addsubdf3.o)
 .data          0x00000000        0x0 c:/program files (x86)/arm gcc/bin/../lib/gcc/arm-none-eabi/4.8.4/armv7-m\libgcc.a(_arm_muldivdf3.o)
 .bss           0x00000000        0x0 c:/program files (x86)/arm gcc/bin/../lib/gcc/arm-none-eabi/4.8.4/armv7-m\libgcc.a(_arm_muldivdf3.o)
 .text          0x00000000      0x110 c:/program files (x86)/arm gcc/bin/../lib/gcc/arm-none-eabi/4.8.4/armv7-m\libgcc.a(_arm_cmpdf2.o)
 .data          0x00000000        0x0 c:/program files (x86)/arm gcc/bin/../lib/gcc/arm-none-eabi/4.8.4/armv7-m\libgcc.a(_arm_cmpdf2.o)
 .bss           0x00000000        0x0 c:/program files (x86)/arm gcc/bin/../lib/gcc/arm-none-eabi/4.8.4/armv7-m\libgcc.a(_arm_cmpdf2.o)
 .ARM.attributes
                0x00000000       0x1d c:/program files (x86)/arm gcc/bin/../lib/gcc/arm-none-eabi/4.8.4/armv7-m\libgcc.a(_arm_cmpdf2.o)
 .data          0x00000000        0x0 c:/program files (x86)/arm gcc/bin/../lib/gcc/arm-none-eabi/4.8.4/armv7-m\libgcc.a(_arm_truncdfsf2.o)
 .bss           0x00000000        0x0 c:/program files (x86)/arm gcc/bin/../lib/gcc/arm-none-eabi/4.8.4/armv7-m\libgcc.a(_arm_truncdfsf2.o)
 .data          0x00000000        0x0 c:/program files (x86)/arm gcc/bin/../lib/gcc/arm-none-eabi/4.8.4/armv7-m\libgcc.a(_arm_addsubsf3.o)
 .bss           0x00000000        0x0 c:/program files (x86)/arm gcc/bin/../lib/gcc/arm-none-eabi/4.8.4/armv7-m\libgcc.a(_arm_addsubsf3.o)
 .data          0x00000000        0x0 c:/program files (x86)/arm gcc/bin/../lib/gcc/arm-none-eabi/4.8.4/armv7-m\libgcc.a(_arm_muldivsf3.o)
 .bss           0x00000000        0x0 c:/program files (x86)/arm gcc/bin/../lib/gcc/arm-none-eabi/4.8.4/armv7-m\libgcc.a(_arm_muldivsf3.o)
 .data          0x00000000        0x0 c:/program files (x86)/arm gcc/bin/../lib/gcc/arm-none-eabi/4.8.4/armv7-m\libgcc.a(_arm_cmpsf2.o)
 .bss           0x00000000        0x0 c:/program files (x86)/arm gcc/bin/../lib/gcc/arm-none-eabi/4.8.4/armv7-m\libgcc.a(_arm_cmpsf2.o)
 .data          0x00000000        0x0 c:/program files (x86)/arm gcc/bin/../lib/gcc/arm-none-eabi/4.8.4/armv7-m\libgcc.a(_arm_fixsfsi.o)
 .bss           0x00000000        0x0 c:/program files (x86)/arm gcc/bin/../lib/gcc/arm-none-eabi/4.8.4/armv7-m\libgcc.a(_arm_fixsfsi.o)
 .text          0x00000000       0x40 c:/program files (x86)/arm gcc/bin/../lib/gcc/arm-none-eabi/4.8.4/armv7-m\libgcc.a(_arm_fixunssfsi.o)
 .data          0x00000000        0x0 c:/program files (x86)/arm gcc/bin/../lib/gcc/arm-none-eabi/4.8.4/armv7-m\libgcc.a(_arm_fixunssfsi.o)
 .bss           0x00000000        0x0 c:/program files (x86)/arm gcc/bin/../lib/gcc/arm-none-eabi/4.8.4/armv7-m\libgcc.a(_arm_fixunssfsi.o)
 .ARM.attributes
                0x00000000       0x1d c:/program files (x86)/arm gcc/bin/../lib/gcc/arm-none-eabi/4.8.4/armv7-m\libgcc.a(_arm_fixunssfsi.o)

Memory Configuration

Name             Origin             Length             Attributes
rom              0x08000000         0x00004000         xr
ram              0x20000000         0x00001000         xrw
*default*        0x00000000         0xffffffff

Linker script and memory map

                0x20001000                _eram = 0x20001000

.text           0x08000000     0x3a04
 *(.isr_vector)
 .isr_vector    0x08000000      0x124 ..\obj\startup_stm32f10x_ld_vl.o
                0x08000000                g_pfnVectors
 *(.text*)
 .text.flip     0x08000124       0x28 ..\obj\pcd8544.o
                0x08000124                flip
 .text.LCD_data
                0x0800014c       0x24 ..\obj\pcd8544.o
                0x0800014c                LCD_data
 .text.LCD_Refresh
                0x08000170       0x80 ..\obj\pcd8544.o
                0x08000170                LCD_Refresh
 .text.LCD_Init
                0x080001f0       0x64 ..\obj\pcd8544.o
                0x080001f0                LCD_Init
 .text.LCD_Clear
                0x08000254       0x24 ..\obj\pcd8544.o
                0x08000254                LCD_Clear
 .text.LCD_Pixel
                0x08000278       0x4c ..\obj\pcd8544.o
                0x08000278                LCD_Pixel
 .text.LCD_Line
                0x080002c4       0xd0 ..\obj\pcd8544.o
                0x080002c4                LCD_Line
 .text.LCD_Char
                0x08000394       0x98 ..\obj\pcd8544.o
                0x08000394                LCD_Char
 .text.LCD_String
                0x0800042c       0x54 ..\obj\pcd8544.o
                0x0800042c                LCD_String
 .text.LCD_Int  0x08000480       0x24 ..\obj\pcd8544.o
                0x08000480                LCD_Int
 .text.LCD_IntWString
                0x080004a4       0x54 ..\obj\pcd8544.o
                0x080004a4                LCD_IntWString
 .text.strlen   0x080004f8       0x18 ..\obj\string.o
                0x080004f8                strlen
 .text.reverse  0x08000510       0x24 ..\obj\string.o
                0x08000510                reverse
 .text.itoa_    0x08000534       0x4c ..\obj\string.o
                0x08000534                itoa_
 .text.strcat_  0x08000580       0x2c ..\obj\string.o
                0x08000580                strcat_
 .text.pow_     0x080005ac       0x58 ..\obj\string.o
                0x080005ac                pow_
 .text.log10_   0x08000604       0x8c ..\obj\string.o
                0x08000604                log10_
 .text.ftoa_    0x08000690      0x130 ..\obj\string.o
                0x08000690                ftoa_
 .text.TI1_Config
                0x080007c0       0x70 ..\obj\stm32f10x_tim.o
 .text.TI2_Config
                0x08000830       0x78 ..\obj\stm32f10x_tim.o
 .text.TIM_TimeBaseInit
                0x080008a8       0xa0 ..\obj\stm32f10x_tim.o
                0x080008a8                TIM_TimeBaseInit
 .text.TIM_OC3Init
                0x08000948       0x84 ..\obj\stm32f10x_tim.o
                0x08000948                TIM_OC3Init
 .text.TIM_OC4Init
                0x080009cc       0x6c ..\obj\stm32f10x_tim.o
                0x080009cc                TIM_OC4Init
 .text.TIM_TimeBaseStructInit
                0x08000a38       0x14 ..\obj\stm32f10x_tim.o
                0x08000a38                TIM_TimeBaseStructInit
 .text.TIM_Cmd  0x08000a4c       0x1c ..\obj\stm32f10x_tim.o
                0x08000a4c                TIM_Cmd
 .text.TIM_ITConfig
                0x08000a68       0x18 ..\obj\stm32f10x_tim.o
                0x08000a68                TIM_ITConfig
 .text.TIM_EncoderInterfaceConfig
                0x08000a80       0x3c ..\obj\stm32f10x_tim.o
                0x08000a80                TIM_EncoderInterfaceConfig
 .text.TIM_SelectOutputTrigger
                0x08000abc       0x18 ..\obj\stm32f10x_tim.o
                0x08000abc                TIM_SelectOutputTrigger
 .text.TIM_SetIC1Prescaler
                0x08000ad4       0x18 ..\obj\stm32f10x_tim.o
                0x08000ad4                TIM_SetIC1Prescaler
 .text.TIM_SetIC2Prescaler
                0x08000aec       0x1c ..\obj\stm32f10x_tim.o
                0x08000aec                TIM_SetIC2Prescaler
 .text.TIM_SetIC3Prescaler
                0x08000b08       0x18 ..\obj\stm32f10x_tim.o
                0x08000b08                TIM_SetIC3Prescaler
 .text.TIM_SetIC4Prescaler
                0x08000b20       0x1c ..\obj\stm32f10x_tim.o
                0x08000b20                TIM_SetIC4Prescaler
 .text.TIM_ICInit
                0x08000b3c      0x13c ..\obj\stm32f10x_tim.o
                0x08000b3c                TIM_ICInit
 .text.NRF24L01_Init
                0x08000c78       0x20 ..\obj\NRF24L01.o
                0x08000c78                NRF24L01_Init
 .text.SPI_Send
                0x08000c98       0x44 ..\obj\NRF24L01.o
                0x08000c98                SPI_Send
 .text.NRF24L01_ReadRegister
                0x08000cdc       0x34 ..\obj\NRF24L01.o
                0x08000cdc                NRF24L01_ReadRegister
 .text.NRF24L01_WriteRegister
                0x08000d10       0x34 ..\obj\NRF24L01.o
                0x08000d10                NRF24L01_WriteRegister
 .text.NRF24L01_WriteBit
                0x08000d44       0x2c ..\obj\NRF24L01.o
                0x08000d44                NRF24L01_WriteBit
 .text.NRF24L01_SetRF
                0x08000d70       0x38 ..\obj\NRF24L01.o
                0x08000d70                NRF24L01_SetRF
 .text.NRF24L01_PowerUpTx
                0x08000da8       0x30 ..\obj\NRF24L01.o
                0x08000da8                NRF24L01_PowerUpTx
 .text.NRF24L01_IsDataReady
                0x08000dd8       0x2c ..\obj\NRF24L01.o
                0x08000dd8                NRF24L01_IsDataReady
 .text.NRF24L01_PowerUpRx
                0x08000e04       0x64 ..\obj\NRF24L01.o
                0x08000e04                NRF24L01_PowerUpRx
 .text.NRF24L01_Config
                0x08000e68       0x48 ..\obj\NRF24L01.o
                0x08000e68                NRF24L01_Config
 .text.NRF24L01_GetTransmissionStatus
                0x08000eb0       0x38 ..\obj\NRF24L01.o
                0x08000eb0                NRF24L01_GetTransmissionStatus
 .text.SPI_WrRdMass
                0x08000ee8       0x20 ..\obj\NRF24L01.o
                0x08000ee8                SPI_WrRdMass
 .text.NRF24L01_GetData
                0x08000f08       0x40 ..\obj\NRF24L01.o
                0x08000f08                NRF24L01_GetData
 .text.SPI_WriteMass
                0x08000f48       0x1c ..\obj\NRF24L01.o
                0x08000f48                SPI_WriteMass
 .text.NRF24L01_Send
                0x08000f64       0x64 ..\obj\NRF24L01.o
                0x08000f64                NRF24L01_Send
 .text.SPI_Write
                0x08000fc8       0x44 ..\obj\LIS3DSH.o
                0x08000fc8                SPI_Write
 .text.SPI_WriteMulti
                0x0800100c       0x1c ..\obj\LIS3DSH.o
                0x0800100c                SPI_WriteMulti
 .text.LIS3DSH_WriteSPI
                0x08001028       0x34 ..\obj\LIS3DSH.o
                0x08001028                LIS3DSH_WriteSPI
 .text.LIS3DSH_Init
                0x0800105c       0x3c ..\obj\LIS3DSH.o
                0x0800105c                LIS3DSH_Init
 .text.Default_Handler
                0x08001098        0x4 ..\obj\startup_stm32f10x_ld_vl.o
                0x08001098                DebugMon_Handler
                0x08001098                TIM1_CC_IRQHandler
                0x08001098                HardFault_Handler
                0x08001098                PVD_IRQHandler
                0x08001098                PendSV_Handler
                0x08001098                NMI_Handler
                0x08001098                EXTI3_IRQHandler
                0x08001098                EXTI0_IRQHandler
                0x08001098                TIM1_UP_TIM16_IRQHandler
                0x08001098                UsageFault_Handler
                0x08001098                SPI1_IRQHandler
                0x08001098                TAMPER_IRQHandler
                0x08001098                TIM6_DAC_IRQHandler
                0x08001098                DMA1_Channel4_IRQHandler
                0x08001098                RTC_IRQHandler
                0x08001098                DMA1_Channel7_IRQHandler
                0x08001098                I2C1_EV_IRQHandler
                0x08001098                DMA1_Channel6_IRQHandler
                0x08001098                TIM3_IRQHandler
                0x08001098                RCC_IRQHandler
                0x08001098                DMA1_Channel1_IRQHandler
                0x08001098                CEC_IRQHandler
                0x08001098                EXTI15_10_IRQHandler
                0x08001098                TIM7_IRQHandler
                0x08001098                MemManage_Handler
                0x08001098                SVC_Handler
                0x08001098                DMA1_Channel5_IRQHandler
                0x08001098                EXTI4_IRQHandler
                0x08001098                TIM1_TRG_COM_TIM17_IRQHandler
                0x08001098                DMA1_Channel3_IRQHandler
                0x08001098                WWDG_IRQHandler
                0x08001098                TIM2_IRQHandler
                0x08001098                EXTI1_IRQHandler
                0x08001098                RTCAlarm_IRQHandler
                0x08001098                USART2_IRQHandler
                0x08001098                DMA1_Channel2_IRQHandler
                0x08001098                FLASH_IRQHandler
                0x08001098                BusFault_Handler
                0x08001098                USART1_IRQHandler
                0x08001098                I2C1_ER_IRQHandler
                0x08001098                TIM1_BRK_TIM15_IRQHandler
 .text.Default_Reset_Handler
                0x0800109c       0x5c ..\obj\startup_stm32f10x_ld_vl.o
                0x0800109c                Default_Reset_Handler
                0x0800109c                Reset_Handler
 .text.SystemInit
                0x080010f8       0xe0 ..\obj\system_stm32f10x.o
                0x080010f8                SystemInit
 .text.PeriphInit
                0x080011d8      0x4f4 ..\obj\hw_config.o
                0x080011d8                PeriphInit
 .text.Motor    0x080016cc       0x90 ..\obj\hw_config.o
                0x080016cc                Motor
 .text.LED      0x0800175c       0xa4 ..\obj\hw_config.o
                0x0800175c                LED
 .text.LED_Callback
                0x08001800       0x8c ..\obj\hw_config.o
                0x08001800                LED_Callback
 .text.GPIO_Init
                0x0800188c       0xa4 ..\obj\stm32f10x_gpio.o
                0x0800188c                GPIO_Init
 .text.GPIO_SetBits
                0x08001930        0x4 ..\obj\stm32f10x_gpio.o
                0x08001930                GPIO_SetBits
 .text.GPIO_ResetBits
                0x08001934        0x4 ..\obj\stm32f10x_gpio.o
                0x08001934                GPIO_ResetBits
 .text.GPIO_PinRemapConfig
                0x08001938       0x70 ..\obj\stm32f10x_gpio.o
                0x08001938                GPIO_PinRemapConfig
 .text.GPIO_EXTILineConfig
                0x080019a8       0x30 ..\obj\stm32f10x_gpio.o
                0x080019a8                GPIO_EXTILineConfig
 .text.delay_ms
                0x080019d8       0x14 ..\obj\main.o
                0x080019d8                delay_ms
 .text.SysTick_Handler
                0x080019ec       0x30 ..\obj\main.o
                0x080019ec                SysTick_Handler
 .text.main     0x08001a1c      0x360 ..\obj\main.o
                0x08001a1c                main
 .text.EXTI2_IRQHandler
                0x08001d7c       0x18 ..\obj\main.o
                0x08001d7c                EXTI2_IRQHandler
 .text.EXTI9_5_IRQHandler
                0x08001d94        0xc ..\obj\main.o
                0x08001d94                EXTI9_5_IRQHandler
 .text.ADC1_IRQHandler
                0x08001da0       0xd8 ..\obj\main.o
                0x08001da0                ADC1_IRQHandler
 .text.RCC_HSEConfig
                0x08001e78       0x3c ..\obj\stm32f10x_rcc.o
                0x08001e78                RCC_HSEConfig
 .text.RCC_PLLConfig
                0x08001eb4       0x14 ..\obj\stm32f10x_rcc.o
                0x08001eb4                RCC_PLLConfig
 .text.RCC_PLLCmd
                0x08001ec8        0xc ..\obj\stm32f10x_rcc.o
                0x08001ec8                RCC_PLLCmd
 .text.RCC_SYSCLKConfig
                0x08001ed4       0x14 ..\obj\stm32f10x_rcc.o
                0x08001ed4                RCC_SYSCLKConfig
 .text.RCC_GetSYSCLKSource
                0x08001ee8       0x10 ..\obj\stm32f10x_rcc.o
                0x08001ee8                RCC_GetSYSCLKSource
 .text.RCC_HCLKConfig
                0x08001ef8       0x14 ..\obj\stm32f10x_rcc.o
                0x08001ef8                RCC_HCLKConfig
 .text.RCC_PCLK1Config
                0x08001f0c       0x14 ..\obj\stm32f10x_rcc.o
                0x08001f0c                RCC_PCLK1Config
 .text.RCC_PCLK2Config
                0x08001f20       0x14 ..\obj\stm32f10x_rcc.o
                0x08001f20                RCC_PCLK2Config
 .text.RCC_ADCCLKConfig
                0x08001f34       0x14 ..\obj\stm32f10x_rcc.o
                0x08001f34                RCC_ADCCLKConfig
 .text.RCC_GetClocksFreq
                0x08001f48       0xb4 ..\obj\stm32f10x_rcc.o
                0x08001f48                RCC_GetClocksFreq
 .text.RCC_APB2PeriphClockCmd
                0x08001ffc       0x1c ..\obj\stm32f10x_rcc.o
                0x08001ffc                RCC_APB2PeriphClockCmd
 .text.RCC_APB1PeriphClockCmd
                0x08002018       0x1c ..\obj\stm32f10x_rcc.o
                0x08002018                RCC_APB1PeriphClockCmd
 .text.RCC_GetFlagStatus
                0x08002034       0x28 ..\obj\stm32f10x_rcc.o
                0x08002034                RCC_GetFlagStatus
 .text.RCC_WaitForHSEStartUp
                0x0800205c       0x34 ..\obj\stm32f10x_rcc.o
                0x0800205c                RCC_WaitForHSEStartUp
 .text.EXTI_Init
                0x08002090       0x90 ..\obj\stm32f10x_exti.o
                0x08002090                EXTI_Init
 .text.EXTI_ClearITPendingBit
                0x08002120        0xc ..\obj\stm32f10x_exti.o
                0x08002120                EXTI_ClearITPendingBit
 .text.ADC_Init
                0x0800212c       0x4c ..\obj\stm32f10x_adc.o
                0x0800212c                ADC_Init
 .text.ADC_Cmd  0x08002178       0x18 ..\obj\stm32f10x_adc.o
                0x08002178                ADC_Cmd
 .text.ADC_ITConfig
                0x08002190       0x18 ..\obj\stm32f10x_adc.o
                0x08002190                ADC_ITConfig
 .text.ADC_ResetCalibration
                0x080021a8        0xc ..\obj\stm32f10x_adc.o
                0x080021a8                ADC_ResetCalibration
 .text.ADC_GetResetCalibrationStatus
                0x080021b4        0x8 ..\obj\stm32f10x_adc.o
                0x080021b4                ADC_GetResetCalibrationStatus
 .text.ADC_StartCalibration
                0x080021bc        0xc ..\obj\stm32f10x_adc.o
                0x080021bc                ADC_StartCalibration
 .text.ADC_GetCalibrationStatus
                0x080021c8        0x8 ..\obj\stm32f10x_adc.o
                0x080021c8                ADC_GetCalibrationStatus
 .text.ADC_RegularChannelConfig
                0x080021d0       0x94 ..\obj\stm32f10x_adc.o
                0x080021d0                ADC_RegularChannelConfig
 .text.ADC_ExternalTrigConvCmd
                0x08002264       0x18 ..\obj\stm32f10x_adc.o
                0x08002264                ADC_ExternalTrigConvCmd
 .text.ADC_GetConversionValue
                0x0800227c        0x8 ..\obj\stm32f10x_adc.o
                0x0800227c                ADC_GetConversionValue
 .text.ADC_ClearITPendingBit
                0x08002284        0x8 ..\obj\stm32f10x_adc.o
                0x08002284                ADC_ClearITPendingBit
 .text.USART_Init
                0x0800228c       0xc4 ..\obj\stm32f10x_usart.o
                0x0800228c                USART_Init
 .text.USART_Cmd
                0x08002350       0x1c ..\obj\stm32f10x_usart.o
                0x08002350                USART_Cmd
 .text.DebugInit
                0x0800236c       0x6c ..\obj\debug.o
                0x0800236c                DebugInit
 .text.NVIC_Init
                0x080023d8       0x6c ..\obj\misc.o
                0x080023d8                NVIC_Init
 .text.SPI_Init
                0x08002444       0x44 ..\obj\stm32f10x_spi.o
                0x08002444                SPI_Init
 .text.SPI_Cmd  0x08002488       0x1c ..\obj\stm32f10x_spi.o
                0x08002488                SPI_Cmd
 .text.SPI_I2S_SendData
                0x080024a4        0x4 ..\obj\stm32f10x_spi.o
                0x080024a4                SPI_I2S_SendData
 .text.SPI_I2S_GetFlagStatus
                0x080024a8        0xc ..\obj\stm32f10x_spi.o
                0x080024a8                SPI_I2S_GetFlagStatus
 .text.InitPWMController
                0x080024b4       0x28 ..\obj\controller.o
                0x080024b4                InitPWMController
 .text.PWMController
                0x080024dc      0x194 ..\obj\controller.o
                0x080024dc                PWMController
 .text.VirtZeroController
                0x08002670       0x54 ..\obj\controller.o
                0x08002670                VirtZeroController
 .text          0x080026c4      0x370 c:/program files (x86)/arm gcc/bin/../lib/gcc/arm-none-eabi/4.8.4/armv7-m\libgcc.a(_arm_addsubdf3.o)
                0x080026c4                __aeabi_drsub
                0x080026cc                __aeabi_dsub
                0x080026cc                __subdf3
                0x080026d0                __aeabi_dadd
                0x080026d0                __adddf3
                0x08002948                __floatunsidf
                0x08002948                __aeabi_ui2d
                0x08002968                __floatsidf
                0x08002968                __aeabi_i2d
                0x0800298c                __aeabi_f2d
                0x0800298c                __extendsfdf2
                0x080029c8                __floatundidf
                0x080029c8                __aeabi_ul2d
                0x080029d8                __floatdidf
                0x080029d8                __aeabi_l2d
 .text          0x08002a34      0x424 c:/program files (x86)/arm gcc/bin/../lib/gcc/arm-none-eabi/4.8.4/armv7-m\libgcc.a(_arm_muldivdf3.o)
                0x08002a34                __aeabi_dmul
                0x08002a34                __muldf3
                0x08002c88                __divdf3
                0x08002c88                __aeabi_ddiv
 .text          0x08002e58       0xa0 c:/program files (x86)/arm gcc/bin/../lib/gcc/arm-none-eabi/4.8.4/armv7-m\libgcc.a(_arm_truncdfsf2.o)
                0x08002e58                __truncdfsf2
                0x08002e58                __aeabi_d2f
 .text          0x08002ef8      0x21c c:/program files (x86)/arm gcc/bin/../lib/gcc/arm-none-eabi/4.8.4/armv7-m\libgcc.a(_arm_addsubsf3.o)
                0x08002ef8                __aeabi_frsub
                0x08002f00                __subsf3
                0x08002f00                __aeabi_fsub
                0x08002f04                __aeabi_fadd
                0x08002f04                __addsf3
                0x08003064                __aeabi_ui2f
                0x08003064                __floatunsisf
                0x0800306c                __aeabi_i2f
                0x0800306c                __floatsisf
                0x08003088                __aeabi_ul2f
                0x08003088                __floatundisf
                0x08003098                __aeabi_l2f
                0x08003098                __floatdisf
 .text          0x08003114      0x2a0 c:/program files (x86)/arm gcc/bin/../lib/gcc/arm-none-eabi/4.8.4/armv7-m\libgcc.a(_arm_muldivsf3.o)
                0x08003114                __mulsf3
                0x08003114                __aeabi_fmul
                0x0800327c                __aeabi_fdiv
                0x0800327c                __divsf3
 .text          0x080033b4       0xec c:/program files (x86)/arm gcc/bin/../lib/gcc/arm-none-eabi/4.8.4/armv7-m\libgcc.a(_arm_cmpsf2.o)
                0x080033b4                __gesf2
                0x080033b4                __gtsf2
                0x080033bc                __lesf2
                0x080033bc                __ltsf2
                0x080033c4                __nesf2
                0x080033c4                __eqsf2
                0x080033c4                __cmpsf2
                0x08003424                __aeabi_cfrcmple
                0x0800342c                __aeabi_cfcmpeq
                0x0800342c                __aeabi_cfcmple
                0x0800343c                __aeabi_fcmpeq
                0x08003450                __aeabi_fcmplt
                0x08003464                __aeabi_fcmple
                0x08003478                __aeabi_fcmpge
                0x0800348c                __aeabi_fcmpgt
 .text          0x080034a0       0x4c c:/program files (x86)/arm gcc/bin/../lib/gcc/arm-none-eabi/4.8.4/armv7-m\libgcc.a(_arm_fixsfsi.o)
                0x080034a0                __aeabi_f2iz
                0x080034a0                __fixsfsi
 *(.init)
 *(.fini)
 *crtbegin.o(.ctors)
 *crtbegin?.o(.ctors)
 *(EXCLUDE_FILE(*crtend.o *crtend?.o) .ctors)
 *(SORT(.ctors.*))
 *(.ctors)
 *crtbegin.o(.dtors)
 *crtbegin?.o(.dtors)
 *(EXCLUDE_FILE(*crtend.o *crtend?.o) .dtors)
 *(SORT(.dtors.*))
 *(.dtors)
 *(.rodata*)
 .rodata.str1.4
                0x080034ec       0x14 ..\obj\main.o
 .rodata        0x08003500      0x504 ..\obj\font.o
                0x08003500                font5x8
                0x08003820                font3x5
 *(.eh_fram e*)

.glue_7         0x08003a04        0x0
 .glue_7        0x00000000        0x0 linker stubs

.glue_7t        0x08003a04        0x0
 .glue_7t       0x00000000        0x0 linker stubs

.vfp11_veneer   0x08003a04        0x0
 .vfp11_veneer  0x00000000        0x0 linker stubs

.v4_bx          0x08003a04        0x0
 .v4_bx         0x00000000        0x0 linker stubs

.iplt           0x08003a04        0x0
 .iplt          0x00000000        0x0 ..\obj\pcd8544.o

.rel.dyn        0x08003a04        0x0
 .rel.iplt      0x00000000        0x0 ..\obj\pcd8544.o

.ARM.extab
 *(.ARM.extab* .gnu.linkonce.armextab.*)
                0x08003a04                __exidx_start = .

.ARM.exidx
 *(.ARM.exidx* .gnu.linkonce.armexidx.*)
                0x08003a04                __exidx_end = .
                0x08003a04                __etext = .
                0x08003a04                _sidata = __etext

.data           0x20000000       0x1c load address 0x08003a04
                0x20000000                __data_start__ = .
                0x20000000                _sdata = __data_start__
 *(vtable)
 *(.data*)
 .data          0x20000000        0x4 ..\obj\main.o
                0x20000000                realTrack
 .data          0x20000004       0x14 ..\obj\stm32f10x_rcc.o
 .data          0x20000018        0x4 ..\obj\controller.o
                0x2000001a                Center
                0x2000001c                . = ALIGN (0x4)
                0x2000001c                PROVIDE (__preinit_array_start, .)
 *(.preinit_array)
                0x2000001c                PROVIDE (__preinit_array_end, .)
                0x2000001c                . = ALIGN (0x4)
                0x2000001c                PROVIDE (__init_array_start, .)
 *(SORT(.init_array.*))
 *(.init_array)
                0x2000001c                PROVIDE (__init_array_end, .)
                0x2000001c                . = ALIGN (0x4)
                0x2000001c                PROVIDE (__fini_array_start, .)
 *(SORT(.fini_array.*))
 *(.fini_array)
                0x2000001c                PROVIDE (__fini_array_end, .)
 *(.jcr*)
                0x2000001c                . = ALIGN (0x4)
                0x2000001c                __data_end__ = .
                0x2000001c                _edata = __data_end__

.igot.plt       0x2000001c        0x0 load address 0x08003a20
 .igot.plt      0x00000000        0x0 ..\obj\pcd8544.o

.bss            0x2000001c      0x428 load address 0x08003a20
                0x2000001c                . = ALIGN (0x4)
                0x2000001c                __bss_start__ = .
                0x2000001c                _sbss = __bss_start__
 *(.bss*)
 .bss           0x2000001c        0x4 ..\obj\hw_config.o
                0x2000001c                LED_B
                0x2000001d                LED_R
                0x2000001e                LED_G
 .bss           0x20000020       0x18 ..\obj\main.o
                0x20000020                delay
                0x20000026                monitorRelAngle
                0x20000028                monitorPWM
                0x2000002c                speedOfMove
                0x20000030                ii
                0x20000033                MEncoder
                0x20000036                handEnc
 .bss           0x20000038       0x14 ..\obj\controller.o
                0x2000003c                curSpeed
                0x20000040                lastPos
                0x20000044                Error
                0x20000048                EError
 *(COMMON)
 COMMON         0x2000004c      0x3e8 ..\obj\pcd8544.o
                0x2000004c                LCDBuffer
 COMMON         0x20000434        0x2 ..\obj\NRF24L01.o
                0x20000434                Payload
                0x20000435                TxMode
 *fill*         0x20000436        0x2 
 COMMON         0x20000438        0xc ..\obj\controller.o
                0x20000438                IGain
                0x2000043c                DGain
                0x20000440                PGain
                0x20000444                . = ALIGN (0x4)
                0x20000444                __bss_end__ = .
                0x20000444                _ebss = __bss_end__

.heap           0x20000444        0x0
                0x20000444                __end__ = .
                0x20000444                _end = __end__
                0x20000444                end = __end__
 *(.heap*)
                0x20000444                __HeapLimit = .

.co_stack       0x20000444      0x404 load address 0x08003e48
                0x20000448                . = ALIGN (0x8)
 *fill*         0x20000444        0x4 
 *(.co_stack .co_stack.*)
 .co_stack      0x20000448      0x400 ..\obj\startup_stm32f10x_ld_vl.o
                0x20000448                pulStack
                0x20001000                __StackTop = (ORIGIN (ram) + 0x1000)
                0x20000bfc                __StackLimit = (__StackTop - SIZEOF (.co_stack))
                0x20001000                PROVIDE (__stack, __StackTop)
                0x00000001                ASSERT ((__StackLimit >= __HeapLimit), region ram  overflowed with stack)
LOAD ..\obj\pcd8544.o
LOAD ..\obj\string.o
LOAD ..\obj\stm32f10x_tim.o
LOAD ..\obj\NRF24L01.o
LOAD ..\obj\LIS3DSH.o
LOAD ..\obj\startup_stm32f10x_ld_vl.o
LOAD ..\obj\system_stm32f10x.o
LOAD ..\obj\hw_config.o
LOAD ..\obj\stm32f10x_gpio.o
LOAD ..\obj\main.o
LOAD ..\obj\font.o
LOAD ..\obj\math_.o
LOAD ..\obj\stm32f10x_rcc.o
LOAD ..\obj\stm32f10x_exti.o
LOAD ..\obj\stm32f10x_adc.o
LOAD ..\obj\stm32f10x_usart.o
LOAD ..\obj\stm32f10x_flash.o
LOAD ..\obj\debug.o
LOAD ..\obj\stm32f10x_dma.o
LOAD ..\obj\misc.o
LOAD ..\obj\stm32f10x_spi.o
LOAD ..\obj\controller.o
LOAD ..\obj\stm32f10x_iwdg.o
LOAD c:/program files (x86)/arm gcc/bin/../lib/gcc/arm-none-eabi/4.8.4/../../../../arm-none-eabi/lib/armv7-m\libm.a
START GROUP
LOAD c:/program files (x86)/arm gcc/bin/../lib/gcc/arm-none-eabi/4.8.4/armv7-m\libgcc.a
LOAD c:/program files (x86)/arm gcc/bin/../lib/gcc/arm-none-eabi/4.8.4/../../../../arm-none-eabi/lib/armv7-m\libg.a
LOAD c:/program files (x86)/arm gcc/bin/../lib/gcc/arm-none-eabi/4.8.4/../../../../arm-none-eabi/lib/armv7-m\libc.a
END GROUP
OUTPUT(Pendulum.elf elf32-littlearm)

.debug_info     0x00000000     0xbc32
 .debug_info    0x00000000      0xb5a ..\obj\pcd8544.o
 .debug_info    0x00000b5a      0x4cc ..\obj\string.o
 .debug_info    0x00001026     0x2251 ..\obj\stm32f10x_tim.o
 .debug_info    0x00003277      0xda6 ..\obj\NRF24L01.o
 .debug_info    0x0000401d      0x650 ..\obj\LIS3DSH.o
 .debug_info    0x0000466d      0x116 ..\obj\startup_stm32f10x_ld_vl.o
 .debug_info    0x00004783      0x447 ..\obj\system_stm32f10x.o
 .debug_info    0x00004bca     0x1c9e ..\obj\hw_config.o
 .debug_info    0x00006868      0x885 ..\obj\stm32f10x_gpio.o
 .debug_info    0x000070ed      0xd14 ..\obj\main.o
 .debug_info    0x00007e01       0x76 ..\obj\font.o
 .debug_info    0x00007e77      0x932 ..\obj\stm32f10x_rcc.o
 .debug_info    0x000087a9      0x344 ..\obj\stm32f10x_exti.o
 .debug_info    0x00008aed      0xc26 ..\obj\stm32f10x_adc.o
 .debug_info    0x00009713      0xb3a ..\obj\stm32f10x_usart.o
 .debug_info    0x0000a24d      0x83e ..\obj\debug.o
 .debug_info    0x0000aa8b      0x543 ..\obj\misc.o
 .debug_info    0x0000afce      0x9dd ..\obj\stm32f10x_spi.o
 .debug_info    0x0000b9ab      0x287 ..\obj\controller.o

.debug_abbrev   0x00000000     0x220c
 .debug_abbrev  0x00000000      0x2cb ..\obj\pcd8544.o
 .debug_abbrev  0x000002cb      0x152 ..\obj\string.o
 .debug_abbrev  0x0000041d      0x295 ..\obj\stm32f10x_tim.o
 .debug_abbrev  0x000006b2      0x285 ..\obj\NRF24L01.o
 .debug_abbrev  0x00000937      0x1c3 ..\obj\LIS3DSH.o
 .debug_abbrev  0x00000afa       0xe1 ..\obj\startup_stm32f10x_ld_vl.o
 .debug_abbrev  0x00000bdb      0x16e ..\obj\system_stm32f10x.o
 .debug_abbrev  0x00000d49      0x2e4 ..\obj\hw_config.o
 .debug_abbrev  0x0000102d      0x1f0 ..\obj\stm32f10x_gpio.o
 .debug_abbrev  0x0000121d      0x2b9 ..\obj\main.o
 .debug_abbrev  0x000014d6       0x43 ..\obj\font.o
 .debug_abbrev  0x00001519      0x1e0 ..\obj\stm32f10x_rcc.o
 .debug_abbrev  0x000016f9      0x160 ..\obj\stm32f10x_exti.o
 .debug_abbrev  0x00001859      0x1d8 ..\obj\stm32f10x_adc.o
 .debug_abbrev  0x00001a31      0x1da ..\obj\stm32f10x_usart.o
 .debug_abbrev  0x00001c0b      0x1f4 ..\obj\debug.o
 .debug_abbrev  0x00001dff      0x154 ..\obj\misc.o
 .debug_abbrev  0x00001f53      0x1dc ..\obj\stm32f10x_spi.o
 .debug_abbrev  0x0000212f       0xdd ..\obj\controller.o

.debug_loc      0x00000000     0x61d8
 .debug_loc     0x00000000      0x672 ..\obj\pcd8544.o
 .debug_loc     0x00000672      0x894 ..\obj\string.o
 .debug_loc     0x00000f06     0x1c94 ..\obj\stm32f10x_tim.o
 .debug_loc     0x00002b9a      0x4fa ..\obj\NRF24L01.o
 .debug_loc     0x00003094      0x25e ..\obj\LIS3DSH.o
 .debug_loc     0x000032f2       0x22 ..\obj\startup_stm32f10x_ld_vl.o
 .debug_loc     0x00003314      0x136 ..\obj\system_stm32f10x.o
 .debug_loc     0x0000344a      0x115 ..\obj\hw_config.o
 .debug_loc     0x0000355f      0x4d9 ..\obj\stm32f10x_gpio.o
 .debug_loc     0x00003a38      0x16e ..\obj\main.o
 .debug_loc     0x00003ba6      0x79a ..\obj\stm32f10x_rcc.o
 .debug_loc     0x00004340      0x1d4 ..\obj\stm32f10x_exti.o
 .debug_loc     0x00004514      0xaea ..\obj\stm32f10x_adc.o
 .debug_loc     0x00004ffe      0x7cf ..\obj\stm32f10x_usart.o
 .debug_loc     0x000057cd       0xf1 ..\obj\debug.o
 .debug_loc     0x000058be      0x1da ..\obj\misc.o
 .debug_loc     0x00005a98      0x5a0 ..\obj\stm32f10x_spi.o
 .debug_loc     0x00006038      0x1a0 ..\obj\controller.o

.debug_aranges  0x00000000      0xb88
 .debug_aranges
                0x00000000       0x78 ..\obj\pcd8544.o
 .debug_aranges
                0x00000078       0x68 ..\obj\string.o
 .debug_aranges
                0x000000e0      0x2e0 ..\obj\stm32f10x_tim.o
 .debug_aranges
                0x000003c0       0xa8 ..\obj\NRF24L01.o
 .debug_aranges
                0x00000468       0x50 ..\obj\LIS3DSH.o
 .debug_aranges
                0x000004b8       0x28 ..\obj\startup_stm32f10x_ld_vl.o
 .debug_aranges
                0x000004e0       0x28 ..\obj\system_stm32f10x.o
 .debug_aranges
                0x00000508       0x38 ..\obj\hw_config.o
 .debug_aranges
                0x00000540       0xa8 ..\obj\stm32f10x_gpio.o
 .debug_aranges
                0x000005e8       0x48 ..\obj\main.o
 .debug_aranges
                0x00000630       0x18 ..\obj\font.o
 .debug_aranges
                0x00000648      0x120 ..\obj\stm32f10x_rcc.o
 .debug_aranges
                0x00000768       0x58 ..\obj\stm32f10x_exti.o
 .debug_aranges
                0x000007c0      0x138 ..\obj\stm32f10x_adc.o
 .debug_aranges
                0x000008f8      0x100 ..\obj\stm32f10x_usart.o
 .debug_aranges
                0x000009f8       0x50 ..\obj\debug.o
 .debug_aranges
                0x00000a48       0x40 ..\obj\misc.o
 .debug_aranges
                0x00000a88       0xd0 ..\obj\stm32f10x_spi.o
 .debug_aranges
                0x00000b58       0x30 ..\obj\controller.o

.debug_ranges   0x00000000      0xa98
 .debug_ranges  0x00000000       0x80 ..\obj\pcd8544.o
 .debug_ranges  0x00000080       0x70 ..\obj\string.o
 .debug_ranges  0x000000f0      0x2d0 ..\obj\stm32f10x_tim.o
 .debug_ranges  0x000003c0       0x98 ..\obj\NRF24L01.o
 .debug_ranges  0x00000458       0x40 ..\obj\LIS3DSH.o
 .debug_ranges  0x00000498       0x18 ..\obj\startup_stm32f10x_ld_vl.o
 .debug_ranges  0x000004b0       0x18 ..\obj\system_stm32f10x.o
 .debug_ranges  0x000004c8       0x28 ..\obj\hw_config.o
 .debug_ranges  0x000004f0       0x98 ..\obj\stm32f10x_gpio.o
 .debug_ranges  0x00000588       0x50 ..\obj\main.o
 .debug_ranges  0x000005d8      0x110 ..\obj\stm32f10x_rcc.o
 .debug_ranges  0x000006e8       0x48 ..\obj\stm32f10x_exti.o
 .debug_ranges  0x00000730      0x128 ..\obj\stm32f10x_adc.o
 .debug_ranges  0x00000858       0xf0 ..\obj\stm32f10x_usart.o
 .debug_ranges  0x00000948       0x40 ..\obj\debug.o
 .debug_ranges  0x00000988       0x30 ..\obj\misc.o
 .debug_ranges  0x000009b8       0xc0 ..\obj\stm32f10x_spi.o
 .debug_ranges  0x00000a78       0x20 ..\obj\controller.o

.debug_line     0x00000000     0x39f7
 .debug_line    0x00000000      0x34a ..\obj\pcd8544.o
 .debug_line    0x0000034a      0x2a7 ..\obj\string.o
 .debug_line    0x000005f1      0x99f ..\obj\stm32f10x_tim.o
 .debug_line    0x00000f90      0x33c ..\obj\NRF24L01.o
 .debug_line    0x000012cc      0x241 ..\obj\LIS3DSH.o
 .debug_line    0x0000150d       0x92 ..\obj\startup_stm32f10x_ld_vl.o
 .debug_line    0x0000159f      0x187 ..\obj\system_stm32f10x.o
 .debug_line    0x00001726      0x34f ..\obj\hw_config.o
 .debug_line    0x00001a75      0x34d ..\obj\stm32f10x_gpio.o
 .debug_line    0x00001dc2      0x345 ..\obj\main.o
 .debug_line    0x00002107       0x4b ..\obj\font.o
 .debug_line    0x00002152      0x437 ..\obj\stm32f10x_rcc.o
 .debug_line    0x00002589      0x23e ..\obj\stm32f10x_exti.o
 .debug_line    0x000027c7      0x4ad ..\obj\stm32f10x_adc.o
 .debug_line    0x00002c74      0x417 ..\obj\stm32f10x_usart.o
 .debug_line    0x0000308b      0x258 ..\obj\debug.o
 .debug_line    0x000032e3      0x1e1 ..\obj\misc.o
 .debug_line    0x000034c4      0x3a1 ..\obj\stm32f10x_spi.o
 .debug_line    0x00003865      0x192 ..\obj\controller.o

.debug_str      0x00000000     0x3352
 .debug_str     0x00000000      0x2e0 ..\obj\pcd8544.o
                                0x356 (size before relaxing)
 .debug_str     0x000002e0       0xd4 ..\obj\string.o
                                0x23c (size before relaxing)
 .debug_str     0x000003b4      0xbdc ..\obj\stm32f10x_tim.o
                                0xe15 (size before relaxing)
 .debug_str     0x00000f90      0x332 ..\obj\NRF24L01.o
                                0x577 (size before relaxing)
 .debug_str     0x000012c2       0xc2 ..\obj\LIS3DSH.o
                                0x329 (size before relaxing)
 .debug_str     0x00001384       0xba ..\obj\startup_stm32f10x_ld_vl.o
                                0x15c (size before relaxing)
 .debug_str     0x0000143e      0x149 ..\obj\system_stm32f10x.o
                                0x2e4 (size before relaxing)
 .debug_str     0x00001587      0x9be ..\obj\hw_config.o
                                0xf3c (size before relaxing)
 .debug_str     0x00001f45      0x1fa ..\obj\stm32f10x_gpio.o
                                0x53a (size before relaxing)
 .debug_str     0x0000213f      0x1ce ..\obj\main.o
                                0x6a1 (size before relaxing)
 .debug_str     0x0000230d       0x33 ..\obj\font.o
                                 0xd0 (size before relaxing)
 .debug_str     0x00002340      0x2ea ..\obj\stm32f10x_rcc.o
                                0x677 (size before relaxing)
 .debug_str     0x0000262a       0xdb ..\obj\stm32f10x_exti.o
                                0x353 (size before relaxing)
 .debug_str     0x00002705      0x380 ..\obj\stm32f10x_adc.o
                                0x71c (size before relaxing)
 .debug_str     0x00002a85      0x41f ..\obj\stm32f10x_usart.o
                                0x6da (size before relaxing)
 .debug_str     0x00002ea4       0xd5 ..\obj\debug.o
                                0x4eb (size before relaxing)
 .debug_str     0x00002f79       0xf1 ..\obj\misc.o
                                0x3c8 (size before relaxing)
 .debug_str     0x0000306a      0x277 ..\obj\stm32f10x_spi.o
                                0x647 (size before relaxing)
 .debug_str     0x000032e1       0x71 ..\obj\controller.o
                                0x280 (size before relaxing)

.comment        0x00000000       0x70
 .comment       0x00000000       0x70 ..\obj\pcd8544.o
                                 0x71 (size before relaxing)
 .comment       0x00000000       0x71 ..\obj\string.o
 .comment       0x00000000       0x71 ..\obj\stm32f10x_tim.o
 .comment       0x00000000       0x71 ..\obj\NRF24L01.o
 .comment       0x00000000       0x71 ..\obj\LIS3DSH.o
 .comment       0x00000000       0x71 ..\obj\startup_stm32f10x_ld_vl.o
 .comment       0x00000000       0x71 ..\obj\system_stm32f10x.o
 .comment       0x00000000       0x71 ..\obj\hw_config.o
 .comment       0x00000000       0x71 ..\obj\stm32f10x_gpio.o
 .comment       0x00000000       0x71 ..\obj\main.o
 .comment       0x00000000       0x71 ..\obj\font.o
 .comment       0x00000000       0x71 ..\obj\stm32f10x_rcc.o
 .comment       0x00000000       0x71 ..\obj\stm32f10x_exti.o
 .comment       0x00000000       0x71 ..\obj\stm32f10x_adc.o
 .comment       0x00000000       0x71 ..\obj\stm32f10x_usart.o
 .comment       0x00000000       0x71 ..\obj\debug.o
 .comment       0x00000000       0x71 ..\obj\misc.o
 .comment       0x00000000       0x71 ..\obj\stm32f10x_spi.o
 .comment       0x00000000       0x71 ..\obj\controller.o

.ARM.attributes
                0x00000000       0x33
 .ARM.attributes
                0x00000000       0x33 ..\obj\pcd8544.o
 .ARM.attributes
                0x00000033       0x33 ..\obj\string.o
 .ARM.attributes
                0x00000066       0x33 ..\obj\stm32f10x_tim.o
 .ARM.attributes
                0x00000099       0x33 ..\obj\NRF24L01.o
 .ARM.attributes
                0x000000cc       0x33 ..\obj\LIS3DSH.o
 .ARM.attributes
                0x000000ff       0x33 ..\obj\startup_stm32f10x_ld_vl.o
 .ARM.attributes
                0x00000132       0x33 ..\obj\system_stm32f10x.o
 .ARM.attributes
                0x00000165       0x33 ..\obj\hw_config.o
 .ARM.attributes
                0x00000198       0x33 ..\obj\stm32f10x_gpio.o
 .ARM.attributes
                0x000001cb       0x33 ..\obj\main.o
 .ARM.attributes
                0x000001fe       0x33 ..\obj\font.o
 .ARM.attributes
                0x00000231       0x33 ..\obj\stm32f10x_rcc.o
 .ARM.attributes
                0x00000264       0x33 ..\obj\stm32f10x_exti.o
 .ARM.attributes
                0x00000297       0x33 ..\obj\stm32f10x_adc.o
 .ARM.attributes
                0x000002ca       0x33 ..\obj\stm32f10x_usart.o
 .ARM.attributes
                0x000002fd       0x33 ..\obj\debug.o
 .ARM.attributes
                0x00000330       0x33 ..\obj\misc.o
 .ARM.attributes
                0x00000363       0x33 ..\obj\stm32f10x_spi.o
 .ARM.attributes
                0x00000396       0x33 ..\obj\controller.o
 .ARM.attributes
                0x000003c9       0x1d c:/program files (x86)/arm gcc/bin/../lib/gcc/arm-none-eabi/4.8.4/armv7-m\libgcc.a(_arm_addsubdf3.o)
 .ARM.attributes
                0x000003e6       0x1d c:/program files (x86)/arm gcc/bin/../lib/gcc/arm-none-eabi/4.8.4/armv7-m\libgcc.a(_arm_muldivdf3.o)
 .ARM.attributes
                0x00000403       0x1d c:/program files (x86)/arm gcc/bin/../lib/gcc/arm-none-eabi/4.8.4/armv7-m\libgcc.a(_arm_truncdfsf2.o)
 .ARM.attributes
                0x00000420       0x1d c:/program files (x86)/arm gcc/bin/../lib/gcc/arm-none-eabi/4.8.4/armv7-m\libgcc.a(_arm_addsubsf3.o)
 .ARM.attributes
                0x0000043d       0x1d c:/program files (x86)/arm gcc/bin/../lib/gcc/arm-none-eabi/4.8.4/armv7-m\libgcc.a(_arm_muldivsf3.o)
 .ARM.attributes
                0x0000045a       0x1d c:/program files (x86)/arm gcc/bin/../lib/gcc/arm-none-eabi/4.8.4/armv7-m\libgcc.a(_arm_cmpsf2.o)
 .ARM.attributes
                0x00000477       0x1d c:/program files (x86)/arm gcc/bin/../lib/gcc/arm-none-eabi/4.8.4/armv7-m\libgcc.a(_arm_fixsfsi.o)

.debug_frame    0x00000000     0x1924
 .debug_frame   0x00000000      0x174 ..\obj\pcd8544.o
 .debug_frame   0x00000174      0x110 ..\obj\string.o
 .debug_frame   0x00000284      0x640 ..\obj\stm32f10x_tim.o
 .debug_frame   0x000008c4      0x200 ..\obj\NRF24L01.o
 .debug_frame   0x00000ac4       0xdc ..\obj\LIS3DSH.o
 .debug_frame   0x00000ba0       0x38 ..\obj\startup_stm32f10x_ld_vl.o
 .debug_frame   0x00000bd8       0x34 ..\obj\system_stm32f10x.o
 .debug_frame   0x00000c0c       0x88 ..\obj\hw_config.o
 .debug_frame   0x00000c94      0x160 ..\obj\stm32f10x_gpio.o
 .debug_frame   0x00000df4       0xac ..\obj\main.o
 .debug_frame   0x00000ea0      0x234 ..\obj\stm32f10x_rcc.o
 .debug_frame   0x000010d4       0x98 ..\obj\stm32f10x_exti.o
 .debug_frame   0x0000116c      0x280 ..\obj\stm32f10x_adc.o
 .debug_frame   0x000013ec      0x20c ..\obj\stm32f10x_usart.o
 .debug_frame   0x000015f8       0xc4 ..\obj\debug.o
 .debug_frame   0x000016bc       0x68 ..\obj\misc.o
 .debug_frame   0x00001724      0x1a8 ..\obj\stm32f10x_spi.o
 .debug_frame   0x000018cc       0x58 ..\obj\controller.o
