Archive member included because of file (symbol)

c:/program files (x86)/arm gcc/bin/../lib/gcc/arm-none-eabi/4.8.4/armv7-m\libgcc.a(_arm_addsubdf3.o)
                              ..\obj\string.o (__aeabi_f2d)
c:/program files (x86)/arm gcc/bin/../lib/gcc/arm-none-eabi/4.8.4/armv7-m\libgcc.a(_arm_muldivdf3.o)
                              ..\obj\string.o (__aeabi_dmul)
c:/program files (x86)/arm gcc/bin/../lib/gcc/arm-none-eabi/4.8.4/armv7-m\libgcc.a(_arm_truncdfsf2.o)
                              ..\obj\string.o (__aeabi_d2f)
c:/program files (x86)/arm gcc/bin/../lib/gcc/arm-none-eabi/4.8.4/armv7-m\libgcc.a(_arm_addsubsf3.o)
                              ..\obj\string.o (__aeabi_fsub)
c:/program files (x86)/arm gcc/bin/../lib/gcc/arm-none-eabi/4.8.4/armv7-m\libgcc.a(_arm_muldivsf3.o)
                              ..\obj\string.o (__aeabi_fmul)
c:/program files (x86)/arm gcc/bin/../lib/gcc/arm-none-eabi/4.8.4/armv7-m\libgcc.a(_arm_cmpsf2.o)
                              ..\obj\string.o (__aeabi_fcmplt)
c:/program files (x86)/arm gcc/bin/../lib/gcc/arm-none-eabi/4.8.4/armv7-m\libgcc.a(_arm_fixsfsi.o)
                              ..\obj\string.o (__aeabi_f2iz)
c:/program files (x86)/arm gcc/bin/../lib/gcc/arm-none-eabi/4.8.4/../../../../arm-none-eabi/lib/armv7-m\libg.a(lib_a-exit.o)
                              c:/program files (x86)/arm gcc/bin/../lib/gcc/arm-none-eabi/4.8.4/../../../../arm-none-eabi/lib/armv7-m/crt0.o (exit)
c:/program files (x86)/arm gcc/bin/../lib/gcc/arm-none-eabi/4.8.4/../../../../arm-none-eabi/lib/armv7-m\libg.a(lib_a-impure.o)
                              c:/program files (x86)/arm gcc/bin/../lib/gcc/arm-none-eabi/4.8.4/../../../../arm-none-eabi/lib/armv7-m\libg.a(lib_a-exit.o) (_global_impure_ptr)
c:/program files (x86)/arm gcc/bin/../lib/gcc/arm-none-eabi/4.8.4/../../../../arm-none-eabi/lib/armv7-m\libg.a(lib_a-init.o)
                              c:/program files (x86)/arm gcc/bin/../lib/gcc/arm-none-eabi/4.8.4/../../../../arm-none-eabi/lib/armv7-m/crt0.o (__libc_init_array)
c:/program files (x86)/arm gcc/bin/../lib/gcc/arm-none-eabi/4.8.4/../../../../arm-none-eabi/lib/armv7-m\libg.a(lib_a-memset.o)
                              c:/program files (x86)/arm gcc/bin/../lib/gcc/arm-none-eabi/4.8.4/../../../../arm-none-eabi/lib/armv7-m/crt0.o (memset)
c:/program files (x86)/arm gcc/bin/../lib/gcc/arm-none-eabi/4.8.4/../../../../arm-none-eabi/lib/armv7-m\libg.a(lib_a-__call_atexit.o)
                              c:/program files (x86)/arm gcc/bin/../lib/gcc/arm-none-eabi/4.8.4/../../../../arm-none-eabi/lib/armv7-m\libg.a(lib_a-exit.o) (__call_exitprocs)
c:/program files (x86)/arm gcc/bin/../lib/gcc/arm-none-eabi/4.8.4/../../../../arm-none-eabi/lib/armv7-m\libg.a(lib_a-atexit.o)
                              c:/program files (x86)/arm gcc/bin/../lib/gcc/arm-none-eabi/4.8.4/../../../../arm-none-eabi/lib/armv7-m\libg.a(lib_a-__call_atexit.o) (atexit)
c:/program files (x86)/arm gcc/bin/../lib/gcc/arm-none-eabi/4.8.4/../../../../arm-none-eabi/lib/armv7-m\libg.a(lib_a-fini.o)
                              c:/program files (x86)/arm gcc/bin/../lib/gcc/arm-none-eabi/4.8.4/../../../../arm-none-eabi/lib/armv7-m\libg.a(lib_a-__call_atexit.o) (__libc_fini_array)
c:/program files (x86)/arm gcc/bin/../lib/gcc/arm-none-eabi/4.8.4/../../../../arm-none-eabi/lib/armv7-m\libg.a(lib_a-__atexit.o)
                              c:/program files (x86)/arm gcc/bin/../lib/gcc/arm-none-eabi/4.8.4/../../../../arm-none-eabi/lib/armv7-m\libg.a(lib_a-atexit.o) (__register_exitproc)

Allocating common symbols
Common symbol       size              file

LEDConfig           0x1               ..\obj\main.o
sensConf            0x8               ..\obj\main.o
DebugDecrease       0x4               ..\obj\debug.o
tempCodeMass        0x14              ..\obj\main.o

Discarded input sections

 .text          0x00000000        0x0 c:/program files (x86)/arm gcc/bin/../lib/gcc/arm-none-eabi/4.8.4/armv7-m/crti.o
 .data          0x00000000        0x0 c:/program files (x86)/arm gcc/bin/../lib/gcc/arm-none-eabi/4.8.4/armv7-m/crti.o
 .bss           0x00000000        0x0 c:/program files (x86)/arm gcc/bin/../lib/gcc/arm-none-eabi/4.8.4/armv7-m/crti.o
 .data          0x00000000        0x4 c:/program files (x86)/arm gcc/bin/../lib/gcc/arm-none-eabi/4.8.4/armv7-m/crtbegin.o
 .text          0x00000000       0x74 c:/program files (x86)/arm gcc/bin/../lib/gcc/arm-none-eabi/4.8.4/../../../../arm-none-eabi/lib/armv7-m/crt0.o
 .data          0x00000000        0x0 c:/program files (x86)/arm gcc/bin/../lib/gcc/arm-none-eabi/4.8.4/../../../../arm-none-eabi/lib/armv7-m/crt0.o
 .bss           0x00000000        0x0 c:/program files (x86)/arm gcc/bin/../lib/gcc/arm-none-eabi/4.8.4/../../../../arm-none-eabi/lib/armv7-m/crt0.o
 .ARM.extab     0x00000000        0x0 c:/program files (x86)/arm gcc/bin/../lib/gcc/arm-none-eabi/4.8.4/../../../../arm-none-eabi/lib/armv7-m/crt0.o
 .ARM.exidx     0x00000000        0x8 c:/program files (x86)/arm gcc/bin/../lib/gcc/arm-none-eabi/4.8.4/../../../../arm-none-eabi/lib/armv7-m/crt0.o
 .ARM.attributes
                0x00000000       0x1b c:/program files (x86)/arm gcc/bin/../lib/gcc/arm-none-eabi/4.8.4/../../../../arm-none-eabi/lib/armv7-m/crt0.o
 .text          0x00000000        0x0 ..\obj\string.o
 .data          0x00000000        0x0 ..\obj\string.o
 .bss           0x00000000        0x0 ..\obj\string.o
 .text.log10_   0x00000000       0x8c ..\obj\string.o
 .text.pow_     0x00000000       0x48 ..\obj\string.o
 .text.ftoa_    0x00000000       0xdc ..\obj\string.o
 .text          0x00000000        0x0 ..\obj\stm32f10x_tim.o
 .data          0x00000000        0x0 ..\obj\stm32f10x_tim.o
 .bss           0x00000000        0x0 ..\obj\stm32f10x_tim.o
 .text.TI1_Config
                0x00000000       0x68 ..\obj\stm32f10x_tim.o
 .text.TI2_Config
                0x00000000       0x78 ..\obj\stm32f10x_tim.o
 .text.TIM_DeInit
                0x00000000      0x1ac ..\obj\stm32f10x_tim.o
 .text.TIM_OC1Init
                0x00000000       0x88 ..\obj\stm32f10x_tim.o
 .text.TIM_OC3Init
                0x00000000       0x84 ..\obj\stm32f10x_tim.o
 .text.TIM_OC4Init
                0x00000000       0x68 ..\obj\stm32f10x_tim.o
 .text.TIM_BDTRConfig
                0x00000000       0x22 ..\obj\stm32f10x_tim.o
 .text.TIM_TimeBaseStructInit
                0x00000000       0x12 ..\obj\stm32f10x_tim.o
 .text.TIM_OCStructInit
                0x00000000       0x14 ..\obj\stm32f10x_tim.o
 .text.TIM_ICStructInit
                0x00000000       0x10 ..\obj\stm32f10x_tim.o
 .text.TIM_BDTRStructInit
                0x00000000       0x12 ..\obj\stm32f10x_tim.o
 .text.TIM_CtrlPWMOutputs
                0x00000000       0x1c ..\obj\stm32f10x_tim.o
 .text.TIM_ITConfig
                0x00000000       0x12 ..\obj\stm32f10x_tim.o
 .text.TIM_GenerateEvent
                0x00000000        0x4 ..\obj\stm32f10x_tim.o
 .text.TIM_DMAConfig
                0x00000000        0x8 ..\obj\stm32f10x_tim.o
 .text.TIM_DMACmd
                0x00000000       0x12 ..\obj\stm32f10x_tim.o
 .text.TIM_InternalClockConfig
                0x00000000        0xe ..\obj\stm32f10x_tim.o
 .text.TIM_ITRxExternalClockConfig
                0x00000000       0x1a ..\obj\stm32f10x_tim.o
 .text.TIM_TIxExternalClockConfig
                0x00000000       0x34 ..\obj\stm32f10x_tim.o
 .text.TIM_ETRConfig
                0x00000000       0x14 ..\obj\stm32f10x_tim.o
 .text.TIM_ETRClockMode1Config
                0x00000000       0x1a ..\obj\stm32f10x_tim.o
 .text.TIM_ETRClockMode2Config
                0x00000000       0x14 ..\obj\stm32f10x_tim.o
 .text.TIM_PrescalerConfig
                0x00000000        0x6 ..\obj\stm32f10x_tim.o
 .text.TIM_CounterModeConfig
                0x00000000       0x10 ..\obj\stm32f10x_tim.o
 .text.TIM_SelectInputTrigger
                0x00000000       0x10 ..\obj\stm32f10x_tim.o
 .text.TIM_EncoderInterfaceConfig
                0x00000000       0x3c ..\obj\stm32f10x_tim.o
 .text.TIM_ForcedOC1Config
                0x00000000       0x10 ..\obj\stm32f10x_tim.o
 .text.TIM_ForcedOC2Config
                0x00000000       0x14 ..\obj\stm32f10x_tim.o
 .text.TIM_ForcedOC3Config
                0x00000000       0x10 ..\obj\stm32f10x_tim.o
 .text.TIM_ForcedOC4Config
                0x00000000       0x14 ..\obj\stm32f10x_tim.o
 .text.TIM_SelectCOM
                0x00000000       0x18 ..\obj\stm32f10x_tim.o
 .text.TIM_SelectCCDMA
                0x00000000       0x18 ..\obj\stm32f10x_tim.o
 .text.TIM_CCPreloadControl
                0x00000000       0x18 ..\obj\stm32f10x_tim.o
 .text.TIM_OC1PreloadConfig
                0x00000000       0x10 ..\obj\stm32f10x_tim.o
 .text.TIM_OC3PreloadConfig
                0x00000000       0x10 ..\obj\stm32f10x_tim.o
 .text.TIM_OC4PreloadConfig
                0x00000000       0x14 ..\obj\stm32f10x_tim.o
 .text.TIM_OC1FastConfig
                0x00000000       0x10 ..\obj\stm32f10x_tim.o
 .text.TIM_OC2FastConfig
                0x00000000       0x14 ..\obj\stm32f10x_tim.o
 .text.TIM_OC3FastConfig
                0x00000000       0x10 ..\obj\stm32f10x_tim.o
 .text.TIM_OC4FastConfig
                0x00000000       0x14 ..\obj\stm32f10x_tim.o
 .text.TIM_ClearOC1Ref
                0x00000000       0x10 ..\obj\stm32f10x_tim.o
 .text.TIM_ClearOC2Ref
                0x00000000       0x10 ..\obj\stm32f10x_tim.o
 .text.TIM_ClearOC3Ref
                0x00000000       0x10 ..\obj\stm32f10x_tim.o
 .text.TIM_ClearOC4Ref
                0x00000000       0x10 ..\obj\stm32f10x_tim.o
 .text.TIM_OC1PolarityConfig
                0x00000000       0x10 ..\obj\stm32f10x_tim.o
 .text.TIM_OC1NPolarityConfig
                0x00000000       0x10 ..\obj\stm32f10x_tim.o
 .text.TIM_OC2PolarityConfig
                0x00000000       0x14 ..\obj\stm32f10x_tim.o
 .text.TIM_OC2NPolarityConfig
                0x00000000       0x14 ..\obj\stm32f10x_tim.o
 .text.TIM_OC3PolarityConfig
                0x00000000       0x14 ..\obj\stm32f10x_tim.o
 .text.TIM_OC3NPolarityConfig
                0x00000000       0x14 ..\obj\stm32f10x_tim.o
 .text.TIM_OC4PolarityConfig
                0x00000000       0x14 ..\obj\stm32f10x_tim.o
 .text.TIM_CCxCmd
                0x00000000       0x1c ..\obj\stm32f10x_tim.o
 .text.TIM_CCxNCmd
                0x00000000       0x1c ..\obj\stm32f10x_tim.o
 .text.TIM_SelectOCxM
                0x00000000       0x42 ..\obj\stm32f10x_tim.o
 .text.TIM_UpdateDisableConfig
                0x00000000       0x18 ..\obj\stm32f10x_tim.o
 .text.TIM_UpdateRequestConfig
                0x00000000       0x18 ..\obj\stm32f10x_tim.o
 .text.TIM_SelectHallSensor
                0x00000000       0x18 ..\obj\stm32f10x_tim.o
 .text.TIM_SelectOnePulseMode
                0x00000000       0x16 ..\obj\stm32f10x_tim.o
 .text.TIM_SelectOutputTrigger
                0x00000000       0x16 ..\obj\stm32f10x_tim.o
 .text.TIM_SelectSlaveMode
                0x00000000       0x16 ..\obj\stm32f10x_tim.o
 .text.TIM_SelectMasterSlaveMode
                0x00000000       0x16 ..\obj\stm32f10x_tim.o
 .text.TIM_SetCounter
                0x00000000        0x4 ..\obj\stm32f10x_tim.o
 .text.TIM_SetAutoreload
                0x00000000        0x4 ..\obj\stm32f10x_tim.o
 .text.TIM_SetCompare1
                0x00000000        0x4 ..\obj\stm32f10x_tim.o
 .text.TIM_SetCompare2
                0x00000000        0x4 ..\obj\stm32f10x_tim.o
 .text.TIM_SetCompare3
                0x00000000        0x4 ..\obj\stm32f10x_tim.o
 .text.TIM_SetCompare4
                0x00000000        0x6 ..\obj\stm32f10x_tim.o
 .text.TIM_SetIC1Prescaler
                0x00000000       0x16 ..\obj\stm32f10x_tim.o
 .text.TIM_SetIC2Prescaler
                0x00000000       0x1a ..\obj\stm32f10x_tim.o
 .text.TIM_PWMIConfig
                0x00000000       0x6e ..\obj\stm32f10x_tim.o
 .text.TIM_SetIC3Prescaler
                0x00000000       0x16 ..\obj\stm32f10x_tim.o
 .text.TIM_SetIC4Prescaler
                0x00000000       0x1a ..\obj\stm32f10x_tim.o
 .text.TIM_ICInit
                0x00000000      0x130 ..\obj\stm32f10x_tim.o
 .text.TIM_SetClockDivision
                0x00000000       0x16 ..\obj\stm32f10x_tim.o
 .text.TIM_GetCapture1
                0x00000000        0x6 ..\obj\stm32f10x_tim.o
 .text.TIM_GetCapture2
                0x00000000        0x6 ..\obj\stm32f10x_tim.o
 .text.TIM_GetCapture3
                0x00000000        0x6 ..\obj\stm32f10x_tim.o
 .text.TIM_GetCapture4
                0x00000000        0x8 ..\obj\stm32f10x_tim.o
 .text.TIM_GetCounter
                0x00000000        0x6 ..\obj\stm32f10x_tim.o
 .text.TIM_GetPrescaler
                0x00000000        0x6 ..\obj\stm32f10x_tim.o
 .text.TIM_GetFlagStatus
                0x00000000        0xc ..\obj\stm32f10x_tim.o
 .text.TIM_ClearFlag
                0x00000000        0x8 ..\obj\stm32f10x_tim.o
 .text.TIM_GetITStatus
                0x00000000       0x16 ..\obj\stm32f10x_tim.o
 .text.TIM_ClearITPendingBit
                0x00000000        0x8 ..\obj\stm32f10x_tim.o
 .text          0x00000000        0x0 ..\obj\flash.o
 .data          0x00000000        0x0 ..\obj\flash.o
 .bss           0x00000000        0x0 ..\obj\flash.o
 .text          0x00000000        0x0 ..\obj\startup_stm32f10x_ld_vl.o
 .data          0x00000000        0x0 ..\obj\startup_stm32f10x_ld_vl.o
 .bss           0x00000000        0x0 ..\obj\startup_stm32f10x_ld_vl.o
 .text          0x00000000        0x0 ..\obj\system_stm32f10x.o
 .data          0x00000000       0x14 ..\obj\system_stm32f10x.o
 .bss           0x00000000        0x0 ..\obj\system_stm32f10x.o
 .text.SystemCoreClockUpdate
                0x00000000       0x60 ..\obj\system_stm32f10x.o
 .text          0x00000000        0x0 ..\obj\stm32f10x_pwr.o
 .data          0x00000000        0x0 ..\obj\stm32f10x_pwr.o
 .bss           0x00000000        0x0 ..\obj\stm32f10x_pwr.o
 .text.PWR_DeInit
                0x00000000       0x1a ..\obj\stm32f10x_pwr.o
 .text.PWR_BackupAccessCmd
                0x00000000        0xc ..\obj\stm32f10x_pwr.o
 .text.PWR_PVDCmd
                0x00000000        0xc ..\obj\stm32f10x_pwr.o
 .text.PWR_PVDLevelConfig
                0x00000000       0x14 ..\obj\stm32f10x_pwr.o
 .text.PWR_WakeUpPinCmd
                0x00000000        0xc ..\obj\stm32f10x_pwr.o
 .text.PWR_EnterSTOPMode
                0x00000000       0x34 ..\obj\stm32f10x_pwr.o
 .text.PWR_EnterSTANDBYMode
                0x00000000       0x28 ..\obj\stm32f10x_pwr.o
 .text.PWR_GetFlagStatus
                0x00000000       0x14 ..\obj\stm32f10x_pwr.o
 .text.PWR_ClearFlag
                0x00000000       0x10 ..\obj\stm32f10x_pwr.o
 .debug_info    0x00000000      0x4cd ..\obj\stm32f10x_pwr.o
 .debug_abbrev  0x00000000      0x1b5 ..\obj\stm32f10x_pwr.o
 .debug_loc     0x00000000      0x111 ..\obj\stm32f10x_pwr.o
 .debug_aranges
                0x00000000       0x60 ..\obj\stm32f10x_pwr.o
 .debug_ranges  0x00000000       0x50 ..\obj\stm32f10x_pwr.o
 .debug_line    0x00000000      0x27b ..\obj\stm32f10x_pwr.o
 .debug_str     0x00000000      0x34a ..\obj\stm32f10x_pwr.o
 .comment       0x00000000       0x71 ..\obj\stm32f10x_pwr.o
 .ARM.attributes
                0x00000000       0x33 ..\obj\stm32f10x_pwr.o
 .debug_frame   0x00000000       0xa8 ..\obj\stm32f10x_pwr.o
 .text          0x00000000        0x0 ..\obj\stm32f10x_gpio.o
 .data          0x00000000        0x0 ..\obj\stm32f10x_gpio.o
 .bss           0x00000000        0x0 ..\obj\stm32f10x_gpio.o
 .text.GPIO_DeInit
                0x00000000       0xac ..\obj\stm32f10x_gpio.o
 .text.GPIO_AFIODeInit
                0x00000000       0x16 ..\obj\stm32f10x_gpio.o
 .text.GPIO_StructInit
                0x00000000       0x10 ..\obj\stm32f10x_gpio.o
 .text.GPIO_ReadOutputDataBit
                0x00000000        0xc ..\obj\stm32f10x_gpio.o
 .text.GPIO_ReadOutputData
                0x00000000        0x6 ..\obj\stm32f10x_gpio.o
 .text.GPIO_WriteBit
                0x00000000        0xa ..\obj\stm32f10x_gpio.o
 .text.GPIO_PinLockConfig
                0x00000000       0x10 ..\obj\stm32f10x_gpio.o
 .text.GPIO_EventOutputConfig
                0x00000000       0x1c ..\obj\stm32f10x_gpio.o
 .text.GPIO_EventOutputCmd
                0x00000000        0xc ..\obj\stm32f10x_gpio.o
 .text.GPIO_PinRemapConfig
                0x00000000       0x60 ..\obj\stm32f10x_gpio.o
 .text.GPIO_EXTILineConfig
                0x00000000       0x2a ..\obj\stm32f10x_gpio.o
 .text.GPIO_ETH_MediaInterfaceConfig
                0x00000000        0xc ..\obj\stm32f10x_gpio.o
 .text          0x00000000        0x0 ..\obj\main.o
 .text.Sound2   0x00000000        0x8 ..\obj\main.o
 .text.Beep     0x00000000       0x14 ..\obj\main.o
 .text          0x00000000        0x0 ..\obj\LEDs.o
 .data          0x00000000        0x0 ..\obj\LEDs.o
 .text          0x00000000        0x0 ..\obj\init.o
 .data          0x00000000        0x0 ..\obj\init.o
 .bss           0x00000000        0x0 ..\obj\init.o
 .rodata        0x00000000       0x78 ..\obj\init.o
 .text          0x00000000        0x0 ..\obj\stm32f10x_rcc.o
 .bss           0x00000000        0x0 ..\obj\stm32f10x_rcc.o
 .text.RCC_DeInit
                0x00000000       0x44 ..\obj\stm32f10x_rcc.o
 .text.RCC_AdjustHSICalibrationValue
                0x00000000       0x14 ..\obj\stm32f10x_rcc.o
 .text.RCC_HSICmd
                0x00000000        0xc ..\obj\stm32f10x_rcc.o
 .text.RCC_PREDIV1Config
                0x00000000       0x18 ..\obj\stm32f10x_rcc.o
 .text.RCC_ITConfig
                0x00000000       0x18 ..\obj\stm32f10x_rcc.o
 .text.RCC_USBCLKConfig
                0x00000000        0xc ..\obj\stm32f10x_rcc.o
 .text.RCC_ADCCLKConfig
                0x00000000       0x14 ..\obj\stm32f10x_rcc.o
 .text.RCC_LSEConfig
                0x00000000       0x20 ..\obj\stm32f10x_rcc.o
 .text.RCC_LSICmd
                0x00000000        0xc ..\obj\stm32f10x_rcc.o
 .text.RCC_RTCCLKConfig
                0x00000000       0x10 ..\obj\stm32f10x_rcc.o
 .text.RCC_RTCCLKCmd
                0x00000000        0xc ..\obj\stm32f10x_rcc.o
 .text.RCC_AHBPeriphClockCmd
                0x00000000       0x18 ..\obj\stm32f10x_rcc.o
 .text.RCC_APB2PeriphResetCmd
                0x00000000       0x18 ..\obj\stm32f10x_rcc.o
 .text.RCC_APB1PeriphResetCmd
                0x00000000       0x18 ..\obj\stm32f10x_rcc.o
 .text.RCC_BackupResetCmd
                0x00000000        0xc ..\obj\stm32f10x_rcc.o
 .text.RCC_ClockSecuritySystemCmd
                0x00000000        0xc ..\obj\stm32f10x_rcc.o
 .text.RCC_MCOConfig
                0x00000000        0xc ..\obj\stm32f10x_rcc.o
 .text.RCC_ClearFlag
                0x00000000       0x10 ..\obj\stm32f10x_rcc.o
 .text.RCC_GetITStatus
                0x00000000       0x14 ..\obj\stm32f10x_rcc.o
 .text.RCC_ClearITPendingBit
                0x00000000        0xc ..\obj\stm32f10x_rcc.o
 .text          0x00000000        0x0 ..\obj\stm32f10x_exti.o
 .data          0x00000000        0x0 ..\obj\stm32f10x_exti.o
 .bss           0x00000000        0x0 ..\obj\stm32f10x_exti.o
 .text.EXTI_DeInit
                0x00000000       0x1c ..\obj\stm32f10x_exti.o
 .text.EXTI_Init
                0x00000000       0x74 ..\obj\stm32f10x_exti.o
 .text.EXTI_StructInit
                0x00000000        0xe ..\obj\stm32f10x_exti.o
 .text.EXTI_GenerateSWInterrupt
                0x00000000       0x10 ..\obj\stm32f10x_exti.o
 .text.EXTI_GetFlagStatus
                0x00000000       0x14 ..\obj\stm32f10x_exti.o
 .text.EXTI_ClearFlag
                0x00000000        0xc ..\obj\stm32f10x_exti.o
 .text.EXTI_GetITStatus
                0x00000000       0x1c ..\obj\stm32f10x_exti.o
 .text.EXTI_ClearITPendingBit
                0x00000000        0xc ..\obj\stm32f10x_exti.o
 .debug_info    0x00000000      0x344 ..\obj\stm32f10x_exti.o
 .debug_abbrev  0x00000000      0x160 ..\obj\stm32f10x_exti.o
 .debug_loc     0x00000000      0x1a0 ..\obj\stm32f10x_exti.o
 .debug_aranges
                0x00000000       0x58 ..\obj\stm32f10x_exti.o
 .debug_ranges  0x00000000       0x48 ..\obj\stm32f10x_exti.o
 .debug_line    0x00000000      0x264 ..\obj\stm32f10x_exti.o
 .debug_str     0x00000000      0x35a ..\obj\stm32f10x_exti.o
 .comment       0x00000000       0x71 ..\obj\stm32f10x_exti.o
 .ARM.attributes
                0x00000000       0x33 ..\obj\stm32f10x_exti.o
 .debug_frame   0x00000000       0x9c ..\obj\stm32f10x_exti.o
 .text          0x00000000        0x0 ..\obj\stm32f10x_usart.o
 .data          0x00000000        0x0 ..\obj\stm32f10x_usart.o
 .bss           0x00000000        0x0 ..\obj\stm32f10x_usart.o
 .text.USART_DeInit
                0x00000000       0x98 ..\obj\stm32f10x_usart.o
 .text.USART_StructInit
                0x00000000       0x16 ..\obj\stm32f10x_usart.o
 .text.USART_ClockInit
                0x00000000       0x20 ..\obj\stm32f10x_usart.o
 .text.USART_ClockStructInit
                0x00000000        0xc ..\obj\stm32f10x_usart.o
 .text.USART_ITConfig
                0x00000000       0x30 ..\obj\stm32f10x_usart.o
 .text.USART_DMACmd
                0x00000000       0x12 ..\obj\stm32f10x_usart.o
 .text.USART_SetAddress
                0x00000000       0x16 ..\obj\stm32f10x_usart.o
 .text.USART_WakeUpConfig
                0x00000000       0x16 ..\obj\stm32f10x_usart.o
 .text.USART_ReceiverWakeUpCmd
                0x00000000       0x18 ..\obj\stm32f10x_usart.o
 .text.USART_LINBreakDetectLengthConfig
                0x00000000       0x16 ..\obj\stm32f10x_usart.o
 .text.USART_LINCmd
                0x00000000       0x18 ..\obj\stm32f10x_usart.o
 .text.USART_ReceiveData
                0x00000000        0x8 ..\obj\stm32f10x_usart.o
 .text.USART_SendBreak
                0x00000000        0xc ..\obj\stm32f10x_usart.o
 .text.USART_SetGuardTime
                0x00000000       0x12 ..\obj\stm32f10x_usart.o
 .text.USART_SetPrescaler
                0x00000000       0x12 ..\obj\stm32f10x_usart.o
 .text.USART_SmartCardCmd
                0x00000000       0x18 ..\obj\stm32f10x_usart.o
 .text.USART_SmartCardNACKCmd
                0x00000000       0x18 ..\obj\stm32f10x_usart.o
 .text.USART_HalfDuplexCmd
                0x00000000       0x18 ..\obj\stm32f10x_usart.o
 .text.USART_OverSampling8Cmd
                0x00000000       0x18 ..\obj\stm32f10x_usart.o
 .text.USART_OneBitMethodCmd
                0x00000000       0x18 ..\obj\stm32f10x_usart.o
 .text.USART_IrDAConfig
                0x00000000       0x16 ..\obj\stm32f10x_usart.o
 .text.USART_IrDACmd
                0x00000000       0x18 ..\obj\stm32f10x_usart.o
 .text.USART_ClearFlag
                0x00000000        0x8 ..\obj\stm32f10x_usart.o
 .text.USART_GetITStatus
                0x00000000       0x40 ..\obj\stm32f10x_usart.o
 .text.USART_ClearITPendingBit
                0x00000000        0xe ..\obj\stm32f10x_usart.o
 .text          0x00000000        0x0 ..\obj\keyboard.o
 .data          0x00000000        0x0 ..\obj\keyboard.o
 .text          0x00000000        0x0 ..\obj\debug.o
 .data          0x00000000        0x0 ..\obj\debug.o
 .bss           0x00000000        0x0 ..\obj\debug.o
 .text.DebugSysTimeStart
                0x00000000        0xc ..\obj\debug.o
 .text.DebugSysTimeEnd
                0x00000000       0x20 ..\obj\debug.o
 COMMON         0x00000000        0x4 ..\obj\debug.o
 .text          0x00000000        0x0 ..\obj\misc.o
 .data          0x00000000        0x0 ..\obj\misc.o
 .bss           0x00000000        0x0 ..\obj\misc.o
 .text.NVIC_PriorityGroupConfig
                0x00000000       0x14 ..\obj\misc.o
 .text.NVIC_Init
                0x00000000       0x68 ..\obj\misc.o
 .text.NVIC_SetVectorTable
                0x00000000       0x14 ..\obj\misc.o
 .text.NVIC_SystemLPConfig
                0x00000000       0x18 ..\obj\misc.o
 .text.SysTick_CLKSourceConfig
                0x00000000       0x18 ..\obj\misc.o
 .debug_info    0x00000000      0x541 ..\obj\misc.o
 .debug_abbrev  0x00000000      0x154 ..\obj\misc.o
 .debug_loc     0x00000000      0x170 ..\obj\misc.o
 .debug_aranges
                0x00000000       0x40 ..\obj\misc.o
 .debug_ranges  0x00000000       0x30 ..\obj\misc.o
 .debug_line    0x00000000      0x209 ..\obj\misc.o
 .debug_str     0x00000000      0x3cf ..\obj\misc.o
 .comment       0x00000000       0x71 ..\obj\misc.o
 .ARM.attributes
                0x00000000       0x33 ..\obj\misc.o
 .debug_frame   0x00000000       0x68 ..\obj\misc.o
 .text          0x00000000        0x0 ..\obj\stm32f10x_iwdg.o
 .data          0x00000000        0x0 ..\obj\stm32f10x_iwdg.o
 .bss           0x00000000        0x0 ..\obj\stm32f10x_iwdg.o
 .text.IWDG_WriteAccessCmd
                0x00000000        0xc ..\obj\stm32f10x_iwdg.o
 .text.IWDG_SetPrescaler
                0x00000000        0xc ..\obj\stm32f10x_iwdg.o
 .text.IWDG_SetReload
                0x00000000        0xc ..\obj\stm32f10x_iwdg.o
 .text.IWDG_ReloadCounter
                0x00000000       0x10 ..\obj\stm32f10x_iwdg.o
 .text.IWDG_Enable
                0x00000000       0x10 ..\obj\stm32f10x_iwdg.o
 .text.IWDG_GetFlagStatus
                0x00000000       0x14 ..\obj\stm32f10x_iwdg.o
 .debug_info    0x00000000      0x209 ..\obj\stm32f10x_iwdg.o
 .debug_abbrev  0x00000000      0x110 ..\obj\stm32f10x_iwdg.o
 .debug_loc     0x00000000       0x62 ..\obj\stm32f10x_iwdg.o
 .debug_aranges
                0x00000000       0x48 ..\obj\stm32f10x_iwdg.o
 .debug_ranges  0x00000000       0x38 ..\obj\stm32f10x_iwdg.o
 .debug_line    0x00000000      0x1cf ..\obj\stm32f10x_iwdg.o
 .debug_str     0x00000000      0x26d ..\obj\stm32f10x_iwdg.o
 .comment       0x00000000       0x71 ..\obj\stm32f10x_iwdg.o
 .ARM.attributes
                0x00000000       0x33 ..\obj\stm32f10x_iwdg.o
 .debug_frame   0x00000000       0x70 ..\obj\stm32f10x_iwdg.o
 .text          0x00000000      0x370 c:/program files (x86)/arm gcc/bin/../lib/gcc/arm-none-eabi/4.8.4/armv7-m\libgcc.a(_arm_addsubdf3.o)
 .data          0x00000000        0x0 c:/program files (x86)/arm gcc/bin/../lib/gcc/arm-none-eabi/4.8.4/armv7-m\libgcc.a(_arm_addsubdf3.o)
 .bss           0x00000000        0x0 c:/program files (x86)/arm gcc/bin/../lib/gcc/arm-none-eabi/4.8.4/armv7-m\libgcc.a(_arm_addsubdf3.o)
 .ARM.attributes
                0x00000000       0x1d c:/program files (x86)/arm gcc/bin/../lib/gcc/arm-none-eabi/4.8.4/armv7-m\libgcc.a(_arm_addsubdf3.o)
 .text          0x00000000      0x424 c:/program files (x86)/arm gcc/bin/../lib/gcc/arm-none-eabi/4.8.4/armv7-m\libgcc.a(_arm_muldivdf3.o)
 .data          0x00000000        0x0 c:/program files (x86)/arm gcc/bin/../lib/gcc/arm-none-eabi/4.8.4/armv7-m\libgcc.a(_arm_muldivdf3.o)
 .bss           0x00000000        0x0 c:/program files (x86)/arm gcc/bin/../lib/gcc/arm-none-eabi/4.8.4/armv7-m\libgcc.a(_arm_muldivdf3.o)
 .ARM.attributes
                0x00000000       0x1d c:/program files (x86)/arm gcc/bin/../lib/gcc/arm-none-eabi/4.8.4/armv7-m\libgcc.a(_arm_muldivdf3.o)
 .text          0x00000000       0xa0 c:/program files (x86)/arm gcc/bin/../lib/gcc/arm-none-eabi/4.8.4/armv7-m\libgcc.a(_arm_truncdfsf2.o)
 .data          0x00000000        0x0 c:/program files (x86)/arm gcc/bin/../lib/gcc/arm-none-eabi/4.8.4/armv7-m\libgcc.a(_arm_truncdfsf2.o)
 .bss           0x00000000        0x0 c:/program files (x86)/arm gcc/bin/../lib/gcc/arm-none-eabi/4.8.4/armv7-m\libgcc.a(_arm_truncdfsf2.o)
 .ARM.attributes
                0x00000000       0x1d c:/program files (x86)/arm gcc/bin/../lib/gcc/arm-none-eabi/4.8.4/armv7-m\libgcc.a(_arm_truncdfsf2.o)
 .text          0x00000000      0x21c c:/program files (x86)/arm gcc/bin/../lib/gcc/arm-none-eabi/4.8.4/armv7-m\libgcc.a(_arm_addsubsf3.o)
 .data          0x00000000        0x0 c:/program files (x86)/arm gcc/bin/../lib/gcc/arm-none-eabi/4.8.4/armv7-m\libgcc.a(_arm_addsubsf3.o)
 .bss           0x00000000        0x0 c:/program files (x86)/arm gcc/bin/../lib/gcc/arm-none-eabi/4.8.4/armv7-m\libgcc.a(_arm_addsubsf3.o)
 .ARM.attributes
                0x00000000       0x1d c:/program files (x86)/arm gcc/bin/../lib/gcc/arm-none-eabi/4.8.4/armv7-m\libgcc.a(_arm_addsubsf3.o)
 .text          0x00000000      0x2a0 c:/program files (x86)/arm gcc/bin/../lib/gcc/arm-none-eabi/4.8.4/armv7-m\libgcc.a(_arm_muldivsf3.o)
 .data          0x00000000        0x0 c:/program files (x86)/arm gcc/bin/../lib/gcc/arm-none-eabi/4.8.4/armv7-m\libgcc.a(_arm_muldivsf3.o)
 .bss           0x00000000        0x0 c:/program files (x86)/arm gcc/bin/../lib/gcc/arm-none-eabi/4.8.4/armv7-m\libgcc.a(_arm_muldivsf3.o)
 .ARM.attributes
                0x00000000       0x1d c:/program files (x86)/arm gcc/bin/../lib/gcc/arm-none-eabi/4.8.4/armv7-m\libgcc.a(_arm_muldivsf3.o)
 .text          0x00000000       0xec c:/program files (x86)/arm gcc/bin/../lib/gcc/arm-none-eabi/4.8.4/armv7-m\libgcc.a(_arm_cmpsf2.o)
 .data          0x00000000        0x0 c:/program files (x86)/arm gcc/bin/../lib/gcc/arm-none-eabi/4.8.4/armv7-m\libgcc.a(_arm_cmpsf2.o)
 .bss           0x00000000        0x0 c:/program files (x86)/arm gcc/bin/../lib/gcc/arm-none-eabi/4.8.4/armv7-m\libgcc.a(_arm_cmpsf2.o)
 .ARM.attributes
                0x00000000       0x1d c:/program files (x86)/arm gcc/bin/../lib/gcc/arm-none-eabi/4.8.4/armv7-m\libgcc.a(_arm_cmpsf2.o)
 .text          0x00000000       0x4c c:/program files (x86)/arm gcc/bin/../lib/gcc/arm-none-eabi/4.8.4/armv7-m\libgcc.a(_arm_fixsfsi.o)
 .data          0x00000000        0x0 c:/program files (x86)/arm gcc/bin/../lib/gcc/arm-none-eabi/4.8.4/armv7-m\libgcc.a(_arm_fixsfsi.o)
 .bss           0x00000000        0x0 c:/program files (x86)/arm gcc/bin/../lib/gcc/arm-none-eabi/4.8.4/armv7-m\libgcc.a(_arm_fixsfsi.o)
 .ARM.attributes
                0x00000000       0x1d c:/program files (x86)/arm gcc/bin/../lib/gcc/arm-none-eabi/4.8.4/armv7-m\libgcc.a(_arm_fixsfsi.o)
 .text          0x00000000        0x0 c:/program files (x86)/arm gcc/bin/../lib/gcc/arm-none-eabi/4.8.4/../../../../arm-none-eabi/lib/armv7-m\libg.a(lib_a-exit.o)
 .data          0x00000000        0x0 c:/program files (x86)/arm gcc/bin/../lib/gcc/arm-none-eabi/4.8.4/../../../../arm-none-eabi/lib/armv7-m\libg.a(lib_a-exit.o)
 .bss           0x00000000        0x0 c:/program files (x86)/arm gcc/bin/../lib/gcc/arm-none-eabi/4.8.4/../../../../arm-none-eabi/lib/armv7-m\libg.a(lib_a-exit.o)
 .text.exit     0x00000000       0x20 c:/program files (x86)/arm gcc/bin/../lib/gcc/arm-none-eabi/4.8.4/../../../../arm-none-eabi/lib/armv7-m\libg.a(lib_a-exit.o)
 .ARM.attributes
                0x00000000       0x2d c:/program files (x86)/arm gcc/bin/../lib/gcc/arm-none-eabi/4.8.4/../../../../arm-none-eabi/lib/armv7-m\libg.a(lib_a-exit.o)
 .debug_frame   0x00000000       0x28 c:/program files (x86)/arm gcc/bin/../lib/gcc/arm-none-eabi/4.8.4/../../../../arm-none-eabi/lib/armv7-m\libg.a(lib_a-exit.o)
 .text          0x00000000        0x0 c:/program files (x86)/arm gcc/bin/../lib/gcc/arm-none-eabi/4.8.4/../../../../arm-none-eabi/lib/armv7-m\libg.a(lib_a-impure.o)
 .data          0x00000000        0x0 c:/program files (x86)/arm gcc/bin/../lib/gcc/arm-none-eabi/4.8.4/../../../../arm-none-eabi/lib/armv7-m\libg.a(lib_a-impure.o)
 .bss           0x00000000        0x0 c:/program files (x86)/arm gcc/bin/../lib/gcc/arm-none-eabi/4.8.4/../../../../arm-none-eabi/lib/armv7-m\libg.a(lib_a-impure.o)
 .data._impure_ptr
                0x00000000        0x4 c:/program files (x86)/arm gcc/bin/../lib/gcc/arm-none-eabi/4.8.4/../../../../arm-none-eabi/lib/armv7-m\libg.a(lib_a-impure.o)
 .text          0x00000000        0x0 c:/program files (x86)/arm gcc/bin/../lib/gcc/arm-none-eabi/4.8.4/../../../../arm-none-eabi/lib/armv7-m\libg.a(lib_a-init.o)
 .data          0x00000000        0x0 c:/program files (x86)/arm gcc/bin/../lib/gcc/arm-none-eabi/4.8.4/../../../../arm-none-eabi/lib/armv7-m\libg.a(lib_a-init.o)
 .bss           0x00000000        0x0 c:/program files (x86)/arm gcc/bin/../lib/gcc/arm-none-eabi/4.8.4/../../../../arm-none-eabi/lib/armv7-m\libg.a(lib_a-init.o)
 .text.__libc_init_array
                0x00000000       0x50 c:/program files (x86)/arm gcc/bin/../lib/gcc/arm-none-eabi/4.8.4/../../../../arm-none-eabi/lib/armv7-m\libg.a(lib_a-init.o)
 .ARM.attributes
                0x00000000       0x2d c:/program files (x86)/arm gcc/bin/../lib/gcc/arm-none-eabi/4.8.4/../../../../arm-none-eabi/lib/armv7-m\libg.a(lib_a-init.o)
 .debug_frame   0x00000000       0x2c c:/program files (x86)/arm gcc/bin/../lib/gcc/arm-none-eabi/4.8.4/../../../../arm-none-eabi/lib/armv7-m\libg.a(lib_a-init.o)
 .text          0x00000000        0x0 c:/program files (x86)/arm gcc/bin/../lib/gcc/arm-none-eabi/4.8.4/../../../../arm-none-eabi/lib/armv7-m\libg.a(lib_a-memset.o)
 .data          0x00000000        0x0 c:/program files (x86)/arm gcc/bin/../lib/gcc/arm-none-eabi/4.8.4/../../../../arm-none-eabi/lib/armv7-m\libg.a(lib_a-memset.o)
 .bss           0x00000000        0x0 c:/program files (x86)/arm gcc/bin/../lib/gcc/arm-none-eabi/4.8.4/../../../../arm-none-eabi/lib/armv7-m\libg.a(lib_a-memset.o)
 .text          0x00000000        0x0 c:/program files (x86)/arm gcc/bin/../lib/gcc/arm-none-eabi/4.8.4/../../../../arm-none-eabi/lib/armv7-m\libg.a(lib_a-__call_atexit.o)
 .data          0x00000000        0x0 c:/program files (x86)/arm gcc/bin/../lib/gcc/arm-none-eabi/4.8.4/../../../../arm-none-eabi/lib/armv7-m\libg.a(lib_a-__call_atexit.o)
 .bss           0x00000000        0x0 c:/program files (x86)/arm gcc/bin/../lib/gcc/arm-none-eabi/4.8.4/../../../../arm-none-eabi/lib/armv7-m\libg.a(lib_a-__call_atexit.o)
 .text.__call_exitprocs
                0x00000000       0xf0 c:/program files (x86)/arm gcc/bin/../lib/gcc/arm-none-eabi/4.8.4/../../../../arm-none-eabi/lib/armv7-m\libg.a(lib_a-__call_atexit.o)
 .text          0x00000000        0x0 c:/program files (x86)/arm gcc/bin/../lib/gcc/arm-none-eabi/4.8.4/../../../../arm-none-eabi/lib/armv7-m\libg.a(lib_a-atexit.o)
 .data          0x00000000        0x0 c:/program files (x86)/arm gcc/bin/../lib/gcc/arm-none-eabi/4.8.4/../../../../arm-none-eabi/lib/armv7-m\libg.a(lib_a-atexit.o)
 .bss           0x00000000        0x0 c:/program files (x86)/arm gcc/bin/../lib/gcc/arm-none-eabi/4.8.4/../../../../arm-none-eabi/lib/armv7-m\libg.a(lib_a-atexit.o)
 .text          0x00000000        0x0 c:/program files (x86)/arm gcc/bin/../lib/gcc/arm-none-eabi/4.8.4/../../../../arm-none-eabi/lib/armv7-m\libg.a(lib_a-fini.o)
 .data          0x00000000        0x0 c:/program files (x86)/arm gcc/bin/../lib/gcc/arm-none-eabi/4.8.4/../../../../arm-none-eabi/lib/armv7-m\libg.a(lib_a-fini.o)
 .bss           0x00000000        0x0 c:/program files (x86)/arm gcc/bin/../lib/gcc/arm-none-eabi/4.8.4/../../../../arm-none-eabi/lib/armv7-m\libg.a(lib_a-fini.o)
 .text          0x00000000        0x0 c:/program files (x86)/arm gcc/bin/../lib/gcc/arm-none-eabi/4.8.4/../../../../arm-none-eabi/lib/armv7-m\libg.a(lib_a-__atexit.o)
 .data          0x00000000        0x0 c:/program files (x86)/arm gcc/bin/../lib/gcc/arm-none-eabi/4.8.4/../../../../arm-none-eabi/lib/armv7-m\libg.a(lib_a-__atexit.o)
 .bss           0x00000000        0x0 c:/program files (x86)/arm gcc/bin/../lib/gcc/arm-none-eabi/4.8.4/../../../../arm-none-eabi/lib/armv7-m\libg.a(lib_a-__atexit.o)
 .text          0x00000000        0x0 c:/program files (x86)/arm gcc/bin/../lib/gcc/arm-none-eabi/4.8.4/armv7-m/crtend.o
 .data          0x00000000        0x0 c:/program files (x86)/arm gcc/bin/../lib/gcc/arm-none-eabi/4.8.4/armv7-m/crtend.o
 .bss           0x00000000        0x0 c:/program files (x86)/arm gcc/bin/../lib/gcc/arm-none-eabi/4.8.4/armv7-m/crtend.o
 .eh_frame      0x00000000        0x4 c:/program files (x86)/arm gcc/bin/../lib/gcc/arm-none-eabi/4.8.4/armv7-m/crtend.o
 .text          0x00000000        0x0 c:/program files (x86)/arm gcc/bin/../lib/gcc/arm-none-eabi/4.8.4/armv7-m/crtn.o
 .data          0x00000000        0x0 c:/program files (x86)/arm gcc/bin/../lib/gcc/arm-none-eabi/4.8.4/armv7-m/crtn.o
 .bss           0x00000000        0x0 c:/program files (x86)/arm gcc/bin/../lib/gcc/arm-none-eabi/4.8.4/armv7-m/crtn.o

Memory Configuration

Name             Origin             Length             Attributes
rom              0x08000000         0x00004000         xr
ram              0x20000000         0x00001000         xrw
*default*        0x00000000         0xffffffff

Linker script and memory map

LOAD c:/program files (x86)/arm gcc/bin/../lib/gcc/arm-none-eabi/4.8.4/armv7-m/crti.o
LOAD c:/program files (x86)/arm gcc/bin/../lib/gcc/arm-none-eabi/4.8.4/armv7-m/crtbegin.o
LOAD c:/program files (x86)/arm gcc/bin/../lib/gcc/arm-none-eabi/4.8.4/../../../../arm-none-eabi/lib/armv7-m/crt0.o
                0x20001000                _eram = 0x20001000

.text           0x08000000     0x1be8
 *(.isr_vector)
 .isr_vector    0x08000000      0x124 ..\obj\startup_stm32f10x_ld_vl.o
                0x08000000                g_pfnVectors
 *(.text*)
 .text          0x08000124       0x54 c:/program files (x86)/arm gcc/bin/../lib/gcc/arm-none-eabi/4.8.4/armv7-m/crtbegin.o
 .text.strlen   0x08000178        0xe ..\obj\string.o
                0x08000178                strlen
 .text.reverse  0x08000186       0x20 ..\obj\string.o
                0x08000186                reverse
 .text.itoa_    0x080001a6       0x3e ..\obj\string.o
                0x080001a6                itoa_
 .text.strcat_  0x080001e4       0x1a ..\obj\string.o
                0x080001e4                strcat_
 *fill*         0x080001fe        0x2 
 .text.TIM_TimeBaseInit
                0x08000200       0x94 ..\obj\stm32f10x_tim.o
                0x08000200                TIM_TimeBaseInit
 .text.TIM_OC2Init
                0x08000294       0x88 ..\obj\stm32f10x_tim.o
                0x08000294                TIM_OC2Init
 .text.TIM_Cmd  0x0800031c       0x18 ..\obj\stm32f10x_tim.o
                0x0800031c                TIM_Cmd
 .text.TIM_ARRPreloadConfig
                0x08000334       0x18 ..\obj\stm32f10x_tim.o
                0x08000334                TIM_ARRPreloadConfig
 .text.TIM_OC2PreloadConfig
                0x0800034c       0x14 ..\obj\stm32f10x_tim.o
                0x0800034c                TIM_OC2PreloadConfig
 .text.FLASH_IsReady
                0x08000360       0x14 ..\obj\flash.o
                0x08000360                FLASH_IsReady
 .text.FLASH_ErasePage
                0x08000374       0x30 ..\obj\flash.o
                0x08000374                FLASH_ErasePage
 .text.FLASH_Unlock
                0x080003a4       0x18 ..\obj\flash.o
                0x080003a4                FLASH_Unlock
 .text.FLASH_Lock
                0x080003bc       0x10 ..\obj\flash.o
                0x080003bc                FLASH_Lock
 .text.FLASH_Write
                0x080003cc       0x40 ..\obj\flash.o
                0x080003cc                FLASH_Write
 .text.FLASH_Read
                0x0800040c        0x4 ..\obj\flash.o
                0x0800040c                FLASH_Read
 .text.FLASH_WritePage
                0x08000410       0x58 ..\obj\flash.o
                0x08000410                FLASH_WritePage
 .text.Default_Handler
                0x08000468        0x2 ..\obj\startup_stm32f10x_ld_vl.o
                0x08000468                EXTI2_IRQHandler
                0x08000468                DebugMon_Handler
                0x08000468                TIM1_CC_IRQHandler
                0x08000468                HardFault_Handler
                0x08000468                PVD_IRQHandler
                0x08000468                PendSV_Handler
                0x08000468                NMI_Handler
                0x08000468                EXTI3_IRQHandler
                0x08000468                EXTI0_IRQHandler
                0x08000468                TIM1_UP_TIM16_IRQHandler
                0x08000468                UsageFault_Handler
                0x08000468                SPI1_IRQHandler
                0x08000468                TAMPER_IRQHandler
                0x08000468                TIM6_DAC_IRQHandler
                0x08000468                DMA1_Channel4_IRQHandler
                0x08000468                ADC1_IRQHandler
                0x08000468                RTC_IRQHandler
                0x08000468                DMA1_Channel7_IRQHandler
                0x08000468                I2C1_EV_IRQHandler
                0x08000468                DMA1_Channel6_IRQHandler
                0x08000468                TIM3_IRQHandler
                0x08000468                RCC_IRQHandler
                0x08000468                DMA1_Channel1_IRQHandler
                0x08000468                CEC_IRQHandler
                0x08000468                EXTI15_10_IRQHandler
                0x08000468                TIM7_IRQHandler
                0x08000468                EXTI9_5_IRQHandler
                0x08000468                MemManage_Handler
                0x08000468                SVC_Handler
                0x08000468                DMA1_Channel5_IRQHandler
                0x08000468                EXTI4_IRQHandler
                0x08000468                TIM1_TRG_COM_TIM17_IRQHandler
                0x08000468                DMA1_Channel3_IRQHandler
                0x08000468                WWDG_IRQHandler
                0x08000468                TIM2_IRQHandler
                0x08000468                EXTI1_IRQHandler
                0x08000468                RTCAlarm_IRQHandler
                0x08000468                USART2_IRQHandler
                0x08000468                DMA1_Channel2_IRQHandler
                0x08000468                FLASH_IRQHandler
                0x08000468                BusFault_Handler
                0x08000468                USART1_IRQHandler
                0x08000468                I2C1_ER_IRQHandler
                0x08000468                TIM1_BRK_TIM15_IRQHandler
 *fill*         0x0800046a        0x2 
 .text.Default_Reset_Handler
                0x0800046c       0x4c ..\obj\startup_stm32f10x_ld_vl.o
                0x0800046c                Default_Reset_Handler
                0x0800046c                Reset_Handler
 .text.SystemInit
                0x080004b8       0xd4 ..\obj\system_stm32f10x.o
                0x080004b8                SystemInit
 .text.GPIO_Init
                0x0800058c       0x9c ..\obj\stm32f10x_gpio.o
                0x0800058c                GPIO_Init
 .text.GPIO_ReadInputDataBit
                0x08000628        0xc ..\obj\stm32f10x_gpio.o
                0x08000628                GPIO_ReadInputDataBit
 .text.GPIO_ReadInputData
                0x08000634        0x6 ..\obj\stm32f10x_gpio.o
                0x08000634                GPIO_ReadInputData
 .text.GPIO_SetBits
                0x0800063a        0x4 ..\obj\stm32f10x_gpio.o
                0x0800063a                GPIO_SetBits
 .text.GPIO_ResetBits
                0x0800063e        0x4 ..\obj\stm32f10x_gpio.o
                0x0800063e                GPIO_ResetBits
 .text.GPIO_Write
                0x08000642        0x4 ..\obj\stm32f10x_gpio.o
                0x08000642                GPIO_Write
 *fill*         0x08000646        0x2 
 .text.Sound.part.0
                0x08000648       0x30 ..\obj\main.o
 .text.FlashReadData
                0x08000678       0x70 ..\obj\main.o
                0x08000678                FlashReadData
 .text.FlashWriteData
                0x080006e8       0x58 ..\obj\main.o
                0x080006e8                FlashWriteData
 .text.delay_ms
                0x08000740       0x14 ..\obj\main.o
                0x08000740                delay_ms
 .text.Sound    0x08000754       0x50 ..\obj\main.o
                0x08000754                Sound
 .text.SysTick_Handler
                0x080007a4       0xbc ..\obj\main.o
                0x080007a4                SysTick_Handler
 .text.ReadSensorsState
                0x08000860      0x13c ..\obj\main.o
                0x08000860                ReadSensorsState
 .text.WriteSensorsState
                0x0800099c      0x144 ..\obj\main.o
                0x0800099c                WriteSensorsState
 .text.LED_Flash
                0x08000ae0       0xc4 ..\obj\main.o
                0x08000ae0                LED_Flash
 .text.Unlock   0x08000ba4       0x60 ..\obj\main.o
                0x08000ba4                Unlock
 .text.UpdSensorsConfig
                0x08000c04       0x22 ..\obj\main.o
                0x08000c04                UpdSensorsConfig
 *fill*         0x08000c26        0x2 
 .text.TraceCode
                0x08000c28       0x44 ..\obj\main.o
                0x08000c28                TraceCode
 .text.TraceSensorsState
                0x08000c6c       0x2c ..\obj\main.o
                0x08000c6c                TraceSensorsState
 .text.BeepSensorsConfig
                0x08000c98       0x68 ..\obj\main.o
                0x08000c98                BeepSensorsConfig
 .text.FLASH_WrCode
                0x08000d00       0x24 ..\obj\main.o
                0x08000d00                FLASH_WrCode
 .text.SaveCode
                0x08000d24       0x80 ..\obj\main.o
                0x08000d24                SaveCode
 .text.startup.main
                0x08000da4      0x278 ..\obj\main.o
                0x08000da4                main
 .text.LED      0x0800101c       0x78 ..\obj\LEDs.o
                0x0800101c                LED
 .text.LED_Callback
                0x08001094       0xa8 ..\obj\LEDs.o
                0x08001094                LED_Callback
 .text.PeriphInit
                0x0800113c      0x204 ..\obj\init.o
                0x0800113c                PeriphInit
 .text.RCC_HSEConfig
                0x08001340       0x38 ..\obj\stm32f10x_rcc.o
                0x08001340                RCC_HSEConfig
 .text.RCC_PLLConfig
                0x08001378       0x14 ..\obj\stm32f10x_rcc.o
                0x08001378                RCC_PLLConfig
 .text.RCC_PLLCmd
                0x0800138c        0xc ..\obj\stm32f10x_rcc.o
                0x0800138c                RCC_PLLCmd
 .text.RCC_SYSCLKConfig
                0x08001398       0x14 ..\obj\stm32f10x_rcc.o
                0x08001398                RCC_SYSCLKConfig
 .text.RCC_GetSYSCLKSource
                0x080013ac       0x10 ..\obj\stm32f10x_rcc.o
                0x080013ac                RCC_GetSYSCLKSource
 .text.RCC_HCLKConfig
                0x080013bc       0x14 ..\obj\stm32f10x_rcc.o
                0x080013bc                RCC_HCLKConfig
 .text.RCC_PCLK1Config
                0x080013d0       0x14 ..\obj\stm32f10x_rcc.o
                0x080013d0                RCC_PCLK1Config
 .text.RCC_PCLK2Config
                0x080013e4       0x14 ..\obj\stm32f10x_rcc.o
                0x080013e4                RCC_PCLK2Config
 .text.RCC_GetClocksFreq
                0x080013f8       0x88 ..\obj\stm32f10x_rcc.o
                0x080013f8                RCC_GetClocksFreq
 .text.RCC_APB2PeriphClockCmd
                0x08001480       0x18 ..\obj\stm32f10x_rcc.o
                0x08001480                RCC_APB2PeriphClockCmd
 .text.RCC_APB1PeriphClockCmd
                0x08001498       0x18 ..\obj\stm32f10x_rcc.o
                0x08001498                RCC_APB1PeriphClockCmd
 .text.RCC_GetFlagStatus
                0x080014b0       0x28 ..\obj\stm32f10x_rcc.o
                0x080014b0                RCC_GetFlagStatus
 .text.RCC_WaitForHSEStartUp
                0x080014d8       0x30 ..\obj\stm32f10x_rcc.o
                0x080014d8                RCC_WaitForHSEStartUp
 .text.USART_Init
                0x08001508       0xa8 ..\obj\stm32f10x_usart.o
                0x08001508                USART_Init
 .text.USART_Cmd
                0x080015b0       0x18 ..\obj\stm32f10x_usart.o
                0x080015b0                USART_Cmd
 .text.USART_SendData
                0x080015c8        0x8 ..\obj\stm32f10x_usart.o
                0x080015c8                USART_SendData
 .text.USART_GetFlagStatus
                0x080015d0        0xc ..\obj\stm32f10x_usart.o
                0x080015d0                USART_GetFlagStatus
 .text.KeyboardGetValues
                0x080015dc      0x2bc ..\obj\keyboard.o
                0x080015dc                KeyboardGetValues
 .text.DebugInit
                0x08001898       0x74 ..\obj\debug.o
                0x08001898                DebugInit
 .text.DebugSendString
                0x0800190c       0x40 ..\obj\debug.o
                0x0800190c                DebugSendString
 .text.DebugSendChar
                0x0800194c       0x20 ..\obj\debug.o
                0x0800194c                DebugSendChar
 .text.DebugSendNum
                0x0800196c       0x16 ..\obj\debug.o
                0x0800196c                DebugSendNum
 .text.DebugSendNumWDesc
                0x08001982       0x34 ..\obj\debug.o
                0x08001982                DebugSendNumWDesc
 *fill*         0x080019b6        0x2 
 .text.memset   0x080019b8       0x94 c:/program files (x86)/arm gcc/bin/../lib/gcc/arm-none-eabi/4.8.4/../../../../arm-none-eabi/lib/armv7-m\libg.a(lib_a-memset.o)
                0x080019b8                memset
 .text.startup.register_fini
                0x08001a4c       0x14 c:/program files (x86)/arm gcc/bin/../lib/gcc/arm-none-eabi/4.8.4/../../../../arm-none-eabi/lib/armv7-m\libg.a(lib_a-__call_atexit.o)
 .text.atexit   0x08001a60        0xc c:/program files (x86)/arm gcc/bin/../lib/gcc/arm-none-eabi/4.8.4/../../../../arm-none-eabi/lib/armv7-m\libg.a(lib_a-atexit.o)
                0x08001a60                atexit
 .text.__libc_fini_array
                0x08001a6c       0x30 c:/program files (x86)/arm gcc/bin/../lib/gcc/arm-none-eabi/4.8.4/../../../../arm-none-eabi/lib/armv7-m\libg.a(lib_a-fini.o)
                0x08001a6c                __libc_fini_array
 .text.__register_exitproc
                0x08001a9c       0xa8 c:/program files (x86)/arm gcc/bin/../lib/gcc/arm-none-eabi/4.8.4/../../../../arm-none-eabi/lib/armv7-m\libg.a(lib_a-__atexit.o)
                0x08001a9c                __register_exitproc
 *(.init)
 .init          0x08001b44        0x4 c:/program files (x86)/arm gcc/bin/../lib/gcc/arm-none-eabi/4.8.4/armv7-m/crti.o
                0x08001b44                _init
 .init          0x08001b48        0x8 c:/program files (x86)/arm gcc/bin/../lib/gcc/arm-none-eabi/4.8.4/armv7-m/crtn.o
 *(.fini)
 .fini          0x08001b50        0x4 c:/program files (x86)/arm gcc/bin/../lib/gcc/arm-none-eabi/4.8.4/armv7-m/crti.o
                0x08001b50                _fini
 .fini          0x08001b54        0x8 c:/program files (x86)/arm gcc/bin/../lib/gcc/arm-none-eabi/4.8.4/armv7-m/crtn.o
 *crtbegin.o(.ctors)
 *crtbegin?.o(.ctors)
 *(EXCLUDE_FILE(*crtend.o *crtend?.o) .ctors)
 *(SORT(.ctors.*))
 *(.ctors)
 *crtbegin.o(.dtors)
 *crtbegin?.o(.dtors)
 *(EXCLUDE_FILE(*crtend.o *crtend?.o) .dtors)
 *(SORT(.dtors.*))
 *(.dtors)
 *(.rodata*)
 .rodata        0x08001b5c       0x3c ..\obj\main.o
                0x08001b5c                SensorPin
                0x08001b84                WorkModes
 .rodata.str1.1
                0x08001b98       0x45 ..\obj\main.o
 *fill*         0x08001bdd        0x3 
 .rodata.str1.4
                0x08001be0        0x4 c:/program files (x86)/arm gcc/bin/../lib/gcc/arm-none-eabi/4.8.4/../../../../arm-none-eabi/lib/armv7-m\libg.a(lib_a-impure.o)
 .rodata._global_impure_ptr
                0x08001be4        0x4 c:/program files (x86)/arm gcc/bin/../lib/gcc/arm-none-eabi/4.8.4/../../../../arm-none-eabi/lib/armv7-m\libg.a(lib_a-impure.o)
                0x08001be4                _global_impure_ptr
 *(.eh_fram e*)

.eh_frame       0x08001be8        0x0
 .eh_frame      0x08001be8        0x0 c:/program files (x86)/arm gcc/bin/../lib/gcc/arm-none-eabi/4.8.4/armv7-m/crtbegin.o

.glue_7         0x08001be8        0x0
 .glue_7        0x00000000        0x0 linker stubs

.glue_7t        0x08001be8        0x0
 .glue_7t       0x00000000        0x0 linker stubs

.vfp11_veneer   0x08001be8        0x0
 .vfp11_veneer  0x00000000        0x0 linker stubs

.v4_bx          0x08001be8        0x0
 .v4_bx         0x00000000        0x0 linker stubs

.iplt           0x08001be8        0x0
 .iplt          0x00000000        0x0 c:/program files (x86)/arm gcc/bin/../lib/gcc/arm-none-eabi/4.8.4/armv7-m/crtbegin.o

.rel.dyn        0x08001be8        0x0
 .rel.iplt      0x00000000        0x0 c:/program files (x86)/arm gcc/bin/../lib/gcc/arm-none-eabi/4.8.4/armv7-m/crtbegin.o

.ARM.extab
 *(.ARM.extab* .gnu.linkonce.armextab.*)
                0x08001be8                __exidx_start = .

.ARM.exidx
 *(.ARM.exidx* .gnu.linkonce.armexidx.*)
                0x08001be8                __exidx_end = .
                0x08001be8                __etext = .
                0x08001be8                _sidata = __etext

.data           0x20000000      0x468 load address 0x08001be8
                0x20000000                __data_start__ = .
                0x20000000                _sdata = __data_start__
 *(vtable)
 *(.data*)
 .data          0x20000000       0x1a ..\obj\main.o
                0x20000000                CodeMass
                0x20000018                workMode
 .data          0x2000001a       0x14 ..\obj\stm32f10x_rcc.o
 *fill*         0x2000002e        0x2 
 .data.impure_data
                0x20000030      0x428 c:/program files (x86)/arm gcc/bin/../lib/gcc/arm-none-eabi/4.8.4/../../../../arm-none-eabi/lib/armv7-m\libg.a(lib_a-impure.o)
                0x20000458                . = ALIGN (0x4)
                0x20000458                PROVIDE (__preinit_array_start, .)
 *(.preinit_array)
                0x20000458                PROVIDE (__preinit_array_end, .)
                0x20000458                . = ALIGN (0x4)
                0x20000458                PROVIDE (__init_array_start, .)
 *(SORT(.init_array.*))
 .init_array.00000
                0x20000458        0x4 c:/program files (x86)/arm gcc/bin/../lib/gcc/arm-none-eabi/4.8.4/../../../../arm-none-eabi/lib/armv7-m\libg.a(lib_a-__call_atexit.o)
 *(.init_array)
 .init_array    0x2000045c        0x4 c:/program files (x86)/arm gcc/bin/../lib/gcc/arm-none-eabi/4.8.4/armv7-m/crtbegin.o
                0x20000460                PROVIDE (__init_array_end, .)
                0x20000460                . = ALIGN (0x4)
                0x20000460                PROVIDE (__fini_array_start, .)
 *(SORT(.fini_array.*))
 *(.fini_array)
 .fini_array    0x20000460        0x4 c:/program files (x86)/arm gcc/bin/../lib/gcc/arm-none-eabi/4.8.4/armv7-m/crtbegin.o
                0x20000464                PROVIDE (__fini_array_end, .)
 *(.jcr*)
 .jcr           0x20000464        0x0 c:/program files (x86)/arm gcc/bin/../lib/gcc/arm-none-eabi/4.8.4/armv7-m/crtbegin.o
 .jcr           0x20000464        0x4 c:/program files (x86)/arm gcc/bin/../lib/gcc/arm-none-eabi/4.8.4/armv7-m/crtend.o
                0x20000468                . = ALIGN (0x4)
                0x20000468                __data_end__ = .
                0x20000468                _edata = __data_end__

.igot.plt       0x20000468        0x0 load address 0x08002050
 .igot.plt      0x00000000        0x0 c:/program files (x86)/arm gcc/bin/../lib/gcc/arm-none-eabi/4.8.4/armv7-m/crtbegin.o

.bss            0x20000468       0x58 load address 0x08002050
                0x20000468                . = ALIGN (0x4)
                0x20000468                __bss_start__ = .
                0x20000468                _sbss = __bss_start__
 *(.bss*)
 .bss           0x20000468       0x1c c:/program files (x86)/arm gcc/bin/../lib/gcc/arm-none-eabi/4.8.4/armv7-m/crtbegin.o
 .bss           0x20000484       0x14 ..\obj\main.o
                0x20000484                delayCounter
                0x20000486                beepCounter
                0x20000488                unlockCounter
                0x2000048c                SysTickCounter
                0x20000496                batteryFlag
 .bss           0x20000498        0x3 ..\obj\LEDs.o
                0x20000498                LED_G
                0x20000499                LED_Y
                0x2000049a                LED_R
 *fill*         0x2000049b        0x1 
 .bss           0x2000049c        0x4 ..\obj\keyboard.o
                0x2000049c                butCdTmr
                0x2000049e                lastState
 *(COMMON)
 COMMON         0x200004a0       0x1e ..\obj\main.o
                0x200004a0                LEDConfig
                0x200004a2                sensConf
                0x200004aa                tempCodeMass
                0x200004c0                . = ALIGN (0x4)
 *fill*         0x200004be        0x2 
                0x200004c0                __bss_end__ = .
                0x200004c0                _ebss = __bss_end__

.heap           0x200004c0        0x0
                0x200004c0                __end__ = .
                0x200004c0                _end = __end__
                0x200004c0                end = __end__
 *(.heap*)
                0x200004c0                __HeapLimit = .

.co_stack       0x200004c0      0x400 load address 0x080020a8
                0x200004c0                . = ALIGN (0x8)
 *(.co_stack .co_stack.*)
 .co_stack      0x200004c0      0x400 ..\obj\startup_stm32f10x_ld_vl.o
                0x200004c0                pulStack
                0x20001000                __StackTop = (ORIGIN (ram) + 0x1000)
                0x20000c00                __StackLimit = (__StackTop - SIZEOF (.co_stack))
                0x20001000                PROVIDE (__stack, __StackTop)
                0x00000001                ASSERT ((__StackLimit >= __HeapLimit), region ram  overflowed with stack)
LOAD ..\obj\string.o
LOAD ..\obj\stm32f10x_tim.o
LOAD ..\obj\flash.o
LOAD ..\obj\startup_stm32f10x_ld_vl.o
LOAD ..\obj\system_stm32f10x.o
LOAD ..\obj\stm32f10x_pwr.o
LOAD ..\obj\stm32f10x_gpio.o
LOAD ..\obj\main.o
LOAD ..\obj\LEDs.o
LOAD ..\obj\init.o
LOAD ..\obj\stm32f10x_rcc.o
LOAD ..\obj\stm32f10x_exti.o
LOAD ..\obj\stm32f10x_usart.o
LOAD ..\obj\keyboard.o
LOAD ..\obj\debug.o
LOAD ..\obj\misc.o
LOAD ..\obj\stm32f10x_iwdg.o
LOAD c:/program files (x86)/arm gcc/bin/../lib/gcc/arm-none-eabi/4.8.4/../../../../arm-none-eabi/lib/armv7-m\libstdc++.a
START GROUP
LOAD c:/program files (x86)/arm gcc/bin/../lib/gcc/arm-none-eabi/4.8.4/armv7-m\libgcc.a
LOAD c:/program files (x86)/arm gcc/bin/../lib/gcc/arm-none-eabi/4.8.4/../../../../arm-none-eabi/lib/armv7-m\libg.a
LOAD c:/program files (x86)/arm gcc/bin/../lib/gcc/arm-none-eabi/4.8.4/../../../../arm-none-eabi/lib/armv7-m\libc.a
END GROUP
LOAD c:/program files (x86)/arm gcc/bin/../lib/gcc/arm-none-eabi/4.8.4/armv7-m/crtend.o
LOAD c:/program files (x86)/arm gcc/bin/../lib/gcc/arm-none-eabi/4.8.4/armv7-m/crtn.o
OUTPUT(SecureBoard.elf elf32-littlearm)

.ARM.attributes
                0x00000000       0x29
 .ARM.attributes
                0x00000000       0x1d c:/program files (x86)/arm gcc/bin/../lib/gcc/arm-none-eabi/4.8.4/armv7-m/crti.o
 .ARM.attributes
                0x0000001d       0x2d c:/program files (x86)/arm gcc/bin/../lib/gcc/arm-none-eabi/4.8.4/armv7-m/crtbegin.o
 .ARM.attributes
                0x0000004a       0x33 ..\obj\string.o
 .ARM.attributes
                0x0000007d       0x33 ..\obj\stm32f10x_tim.o
 .ARM.attributes
                0x000000b0       0x33 ..\obj\flash.o
 .ARM.attributes
                0x000000e3       0x33 ..\obj\startup_stm32f10x_ld_vl.o
 .ARM.attributes
                0x00000116       0x33 ..\obj\system_stm32f10x.o
 .ARM.attributes
                0x00000149       0x33 ..\obj\stm32f10x_gpio.o
 .ARM.attributes
                0x0000017c       0x33 ..\obj\main.o
 .ARM.attributes
                0x000001af       0x33 ..\obj\LEDs.o
 .ARM.attributes
                0x000001e2       0x33 ..\obj\init.o
 .ARM.attributes
                0x00000215       0x33 ..\obj\stm32f10x_rcc.o
 .ARM.attributes
                0x00000248       0x33 ..\obj\stm32f10x_usart.o
 .ARM.attributes
                0x0000027b       0x33 ..\obj\keyboard.o
 .ARM.attributes
                0x000002ae       0x33 ..\obj\debug.o
 .ARM.attributes
                0x000002e1       0x2d c:/program files (x86)/arm gcc/bin/../lib/gcc/arm-none-eabi/4.8.4/../../../../arm-none-eabi/lib/armv7-m\libg.a(lib_a-impure.o)
 .ARM.attributes
                0x0000030e       0x2d c:/program files (x86)/arm gcc/bin/../lib/gcc/arm-none-eabi/4.8.4/../../../../arm-none-eabi/lib/armv7-m\libg.a(lib_a-memset.o)
 .ARM.attributes
                0x0000033b       0x2d c:/program files (x86)/arm gcc/bin/../lib/gcc/arm-none-eabi/4.8.4/../../../../arm-none-eabi/lib/armv7-m\libg.a(lib_a-__call_atexit.o)
 .ARM.attributes
                0x00000368       0x2d c:/program files (x86)/arm gcc/bin/../lib/gcc/arm-none-eabi/4.8.4/../../../../arm-none-eabi/lib/armv7-m\libg.a(lib_a-atexit.o)
 .ARM.attributes
                0x00000395       0x2d c:/program files (x86)/arm gcc/bin/../lib/gcc/arm-none-eabi/4.8.4/../../../../arm-none-eabi/lib/armv7-m\libg.a(lib_a-fini.o)
 .ARM.attributes
                0x000003c2       0x2d c:/program files (x86)/arm gcc/bin/../lib/gcc/arm-none-eabi/4.8.4/../../../../arm-none-eabi/lib/armv7-m\libg.a(lib_a-__atexit.o)
 .ARM.attributes
                0x000003ef       0x2d c:/program files (x86)/arm gcc/bin/../lib/gcc/arm-none-eabi/4.8.4/armv7-m/crtend.o
 .ARM.attributes
                0x0000041c       0x1d c:/program files (x86)/arm gcc/bin/../lib/gcc/arm-none-eabi/4.8.4/armv7-m/crtn.o

.comment        0x00000000       0x70
 .comment       0x00000000       0x70 ..\obj\string.o
                                 0x71 (size before relaxing)
 .comment       0x00000000       0x71 ..\obj\stm32f10x_tim.o
 .comment       0x00000000       0x71 ..\obj\flash.o
 .comment       0x00000000       0x71 ..\obj\startup_stm32f10x_ld_vl.o
 .comment       0x00000000       0x71 ..\obj\system_stm32f10x.o
 .comment       0x00000000       0x71 ..\obj\stm32f10x_gpio.o
 .comment       0x00000000       0x71 ..\obj\main.o
 .comment       0x00000000       0x71 ..\obj\LEDs.o
 .comment       0x00000000       0x71 ..\obj\init.o
 .comment       0x00000000       0x71 ..\obj\stm32f10x_rcc.o
 .comment       0x00000000       0x71 ..\obj\stm32f10x_usart.o
 .comment       0x00000000       0x71 ..\obj\keyboard.o
 .comment       0x00000000       0x71 ..\obj\debug.o

.debug_info     0x00000000     0x8461
 .debug_info    0x00000000      0x38f ..\obj\string.o
 .debug_info    0x0000038f     0x20c2 ..\obj\stm32f10x_tim.o
 .debug_info    0x00002451      0x2f8 ..\obj\flash.o
 .debug_info    0x00002749      0x116 ..\obj\startup_stm32f10x_ld_vl.o
 .debug_info    0x0000285f      0x443 ..\obj\system_stm32f10x.o
 .debug_info    0x00002ca2      0x7ed ..\obj\stm32f10x_gpio.o
 .debug_info    0x0000348f     0x1ac6 ..\obj\main.o
 .debug_info    0x00004f55      0x3fc ..\obj\LEDs.o
 .debug_info    0x00005351      0xf0f ..\obj\init.o
 .debug_info    0x00006260      0x932 ..\obj\stm32f10x_rcc.o
 .debug_info    0x00006b92      0xae5 ..\obj\stm32f10x_usart.o
 .debug_info    0x00007677      0x5d9 ..\obj\keyboard.o
 .debug_info    0x00007c50      0x811 ..\obj\debug.o

.debug_abbrev   0x00000000     0x1965
 .debug_abbrev  0x00000000      0x167 ..\obj\string.o
 .debug_abbrev  0x00000167      0x2cb ..\obj\stm32f10x_tim.o
 .debug_abbrev  0x00000432      0x15c ..\obj\flash.o
 .debug_abbrev  0x0000058e       0xef ..\obj\startup_stm32f10x_ld_vl.o
 .debug_abbrev  0x0000067d      0x16c ..\obj\system_stm32f10x.o
 .debug_abbrev  0x000007e9      0x1f3 ..\obj\stm32f10x_gpio.o
 .debug_abbrev  0x000009dc      0x477 ..\obj\main.o
 .debug_abbrev  0x00000e53      0x166 ..\obj\LEDs.o
 .debug_abbrev  0x00000fb9      0x22a ..\obj\init.o
 .debug_abbrev  0x000011e3      0x1e0 ..\obj\stm32f10x_rcc.o
 .debug_abbrev  0x000013c3      0x1f8 ..\obj\stm32f10x_usart.o
 .debug_abbrev  0x000015bb      0x176 ..\obj\keyboard.o
 .debug_abbrev  0x00001731      0x234 ..\obj\debug.o

.debug_loc      0x00000000     0x41b1
 .debug_loc     0x00000000      0x62b ..\obj\string.o
 .debug_loc     0x0000062b     0x1bc8 ..\obj\stm32f10x_tim.o
 .debug_loc     0x000021f3      0x189 ..\obj\flash.o
 .debug_loc     0x0000237c       0x74 ..\obj\startup_stm32f10x_ld_vl.o
 .debug_loc     0x000023f0       0xce ..\obj\system_stm32f10x.o
 .debug_loc     0x000024be      0x504 ..\obj\stm32f10x_gpio.o
 .debug_loc     0x000029c2      0x7d1 ..\obj\main.o
 .debug_loc     0x00003193       0xc7 ..\obj\LEDs.o
 .debug_loc     0x0000325a       0x3f ..\obj\init.o
 .debug_loc     0x00003299      0x726 ..\obj\stm32f10x_rcc.o
 .debug_loc     0x000039bf      0x6aa ..\obj\stm32f10x_usart.o
 .debug_loc     0x00004069       0x84 ..\obj\keyboard.o
 .debug_loc     0x000040ed       0xc4 ..\obj\debug.o

.debug_aranges  0x00000000      0x800
 .debug_aranges
                0x00000000       0x50 ..\obj\string.o
 .debug_aranges
                0x00000050      0x2e0 ..\obj\stm32f10x_tim.o
 .debug_aranges
                0x00000330       0x50 ..\obj\flash.o
 .debug_aranges
                0x00000380       0x28 ..\obj\startup_stm32f10x_ld_vl.o
 .debug_aranges
                0x000003a8       0x28 ..\obj\system_stm32f10x.o
 .debug_aranges
                0x000003d0       0xa8 ..\obj\stm32f10x_gpio.o
 .debug_aranges
                0x00000478       0xb0 ..\obj\main.o
 .debug_aranges
                0x00000528       0x28 ..\obj\LEDs.o
 .debug_aranges
                0x00000550       0x20 ..\obj\init.o
 .debug_aranges
                0x00000570      0x120 ..\obj\stm32f10x_rcc.o
 .debug_aranges
                0x00000690      0x100 ..\obj\stm32f10x_usart.o
 .debug_aranges
                0x00000790       0x20 ..\obj\keyboard.o
 .debug_aranges
                0x000007b0       0x50 ..\obj\debug.o

.debug_ranges   0x00000000      0x978
 .debug_ranges  0x00000000       0x78 ..\obj\string.o
 .debug_ranges  0x00000078      0x308 ..\obj\stm32f10x_tim.o
 .debug_ranges  0x00000380       0x40 ..\obj\flash.o
 .debug_ranges  0x000003c0       0x18 ..\obj\startup_stm32f10x_ld_vl.o
 .debug_ranges  0x000003d8       0x30 ..\obj\system_stm32f10x.o
 .debug_ranges  0x00000408       0x98 ..\obj\stm32f10x_gpio.o
 .debug_ranges  0x000004a0      0x240 ..\obj\main.o
 .debug_ranges  0x000006e0       0x18 ..\obj\LEDs.o
 .debug_ranges  0x000006f8       0x30 ..\obj\init.o
 .debug_ranges  0x00000728      0x110 ..\obj\stm32f10x_rcc.o
 .debug_ranges  0x00000838       0xf0 ..\obj\stm32f10x_usart.o
 .debug_ranges  0x00000928       0x10 ..\obj\keyboard.o
 .debug_ranges  0x00000938       0x40 ..\obj\debug.o

.debug_line     0x00000000     0x2cd8
 .debug_line    0x00000000      0x280 ..\obj\string.o
 .debug_line    0x00000280      0xab7 ..\obj\stm32f10x_tim.o
 .debug_line    0x00000d37      0x1f3 ..\obj\flash.o
 .debug_line    0x00000f2a       0xa0 ..\obj\startup_stm32f10x_ld_vl.o
 .debug_line    0x00000fca      0x19e ..\obj\system_stm32f10x.o
 .debug_line    0x00001168      0x379 ..\obj\stm32f10x_gpio.o
 .debug_line    0x000014e1      0x5fd ..\obj\main.o
 .debug_line    0x00001ade      0x1f2 ..\obj\LEDs.o
 .debug_line    0x00001cd0      0x265 ..\obj\init.o
 .debug_line    0x00001f35      0x45f ..\obj\stm32f10x_rcc.o
 .debug_line    0x00002394      0x484 ..\obj\stm32f10x_usart.o
 .debug_line    0x00002818      0x24f ..\obj\keyboard.o
 .debug_line    0x00002a67      0x271 ..\obj\debug.o

.debug_str      0x00000000     0x242c
 .debug_str     0x00000000      0x1ce ..\obj\string.o
                                0x217 (size before relaxing)
 .debug_str     0x000001ce      0xc53 ..\obj\stm32f10x_tim.o
                                0xe1c (size before relaxing)
 .debug_str     0x00000e21       0xbc ..\obj\flash.o
                                0x23b (size before relaxing)
 .debug_str     0x00000edd       0xc1 ..\obj\startup_stm32f10x_ld_vl.o
                                0x163 (size before relaxing)
 .debug_str     0x00000f9e      0x155 ..\obj\system_stm32f10x.o
                                0x2eb (size before relaxing)
 .debug_str     0x000010f3      0x37c ..\obj\stm32f10x_gpio.o
                                0x541 (size before relaxing)
 .debug_str     0x0000146f      0x34f ..\obj\main.o
                                0x82a (size before relaxing)
 .debug_str     0x000017be       0x48 ..\obj\LEDs.o
                                0x25a (size before relaxing)
 .debug_str     0x00001806      0x421 ..\obj\init.o
                                0x9d7 (size before relaxing)
 .debug_str     0x00001c27      0x302 ..\obj\stm32f10x_rcc.o
                                0x67e (size before relaxing)
 .debug_str     0x00001f29      0x42d ..\obj\stm32f10x_usart.o
                                0x6e1 (size before relaxing)
 .debug_str     0x00002356       0x38 ..\obj\keyboard.o
                                0x314 (size before relaxing)
 .debug_str     0x0000238e       0x9e ..\obj\debug.o
                                0x4fb (size before relaxing)

.debug_frame    0x00000000     0x1270
 .debug_frame   0x00000000       0xcc ..\obj\string.o
 .debug_frame   0x000000cc      0x658 ..\obj\stm32f10x_tim.o
 .debug_frame   0x00000724       0xa4 ..\obj\flash.o
 .debug_frame   0x000007c8       0x38 ..\obj\startup_stm32f10x_ld_vl.o
 .debug_frame   0x00000800       0x3c ..\obj\system_stm32f10x.o
 .debug_frame   0x0000083c      0x164 ..\obj\stm32f10x_gpio.o
 .debug_frame   0x000009a0      0x22c ..\obj\main.o
 .debug_frame   0x00000bcc       0x48 ..\obj\LEDs.o
 .debug_frame   0x00000c14       0x34 ..\obj\init.o
 .debug_frame   0x00000c48      0x234 ..\obj\stm32f10x_rcc.o
 .debug_frame   0x00000e7c      0x20c ..\obj\stm32f10x_usart.o
 .debug_frame   0x00001088       0x38 ..\obj\keyboard.o
 .debug_frame   0x000010c0       0xc0 ..\obj\debug.o
 .debug_frame   0x00001180       0x2c c:/program files (x86)/arm gcc/bin/../lib/gcc/arm-none-eabi/4.8.4/../../../../arm-none-eabi/lib/armv7-m\libg.a(lib_a-memset.o)
 .debug_frame   0x000011ac       0x48 c:/program files (x86)/arm gcc/bin/../lib/gcc/arm-none-eabi/4.8.4/../../../../arm-none-eabi/lib/armv7-m\libg.a(lib_a-__call_atexit.o)
 .debug_frame   0x000011f4       0x20 c:/program files (x86)/arm gcc/bin/../lib/gcc/arm-none-eabi/4.8.4/../../../../arm-none-eabi/lib/armv7-m\libg.a(lib_a-atexit.o)
 .debug_frame   0x00001214       0x2c c:/program files (x86)/arm gcc/bin/../lib/gcc/arm-none-eabi/4.8.4/../../../../arm-none-eabi/lib/armv7-m\libg.a(lib_a-fini.o)
 .debug_frame   0x00001240       0x30 c:/program files (x86)/arm gcc/bin/../lib/gcc/arm-none-eabi/4.8.4/../../../../arm-none-eabi/lib/armv7-m\libg.a(lib_a-__atexit.o)
