Archive member included because of file (symbol)

c:/program files (x86)/arm gcc/bin/../lib/gcc/arm-none-eabi/4.8.4/../../../../arm-none-eabi/lib/armv7e-m\libg.a(lib_a-exit.o)
                              c:/program files (x86)/arm gcc/bin/../lib/gcc/arm-none-eabi/4.8.4/../../../../arm-none-eabi/lib/armv7e-m/crt0.o (exit)
c:/program files (x86)/arm gcc/bin/../lib/gcc/arm-none-eabi/4.8.4/../../../../arm-none-eabi/lib/armv7e-m\libg.a(lib_a-impure.o)
                              c:/program files (x86)/arm gcc/bin/../lib/gcc/arm-none-eabi/4.8.4/../../../../arm-none-eabi/lib/armv7e-m\libg.a(lib_a-exit.o) (_global_impure_ptr)
c:/program files (x86)/arm gcc/bin/../lib/gcc/arm-none-eabi/4.8.4/../../../../arm-none-eabi/lib/armv7e-m\libg.a(lib_a-init.o)
                              c:/program files (x86)/arm gcc/bin/../lib/gcc/arm-none-eabi/4.8.4/../../../../arm-none-eabi/lib/armv7e-m/crt0.o (__libc_init_array)
c:/program files (x86)/arm gcc/bin/../lib/gcc/arm-none-eabi/4.8.4/../../../../arm-none-eabi/lib/armv7e-m\libg.a(lib_a-memset.o)
                              c:/program files (x86)/arm gcc/bin/../lib/gcc/arm-none-eabi/4.8.4/../../../../arm-none-eabi/lib/armv7e-m/crt0.o (memset)
c:/program files (x86)/arm gcc/bin/../lib/gcc/arm-none-eabi/4.8.4/../../../../arm-none-eabi/lib/armv7e-m\libg.a(lib_a-__call_atexit.o)
                              c:/program files (x86)/arm gcc/bin/../lib/gcc/arm-none-eabi/4.8.4/../../../../arm-none-eabi/lib/armv7e-m\libg.a(lib_a-exit.o) (__call_exitprocs)
c:/program files (x86)/arm gcc/bin/../lib/gcc/arm-none-eabi/4.8.4/../../../../arm-none-eabi/lib/armv7e-m\libg.a(lib_a-atexit.o)
                              c:/program files (x86)/arm gcc/bin/../lib/gcc/arm-none-eabi/4.8.4/../../../../arm-none-eabi/lib/armv7e-m\libg.a(lib_a-__call_atexit.o) (atexit)
c:/program files (x86)/arm gcc/bin/../lib/gcc/arm-none-eabi/4.8.4/../../../../arm-none-eabi/lib/armv7e-m\libg.a(lib_a-fini.o)
                              c:/program files (x86)/arm gcc/bin/../lib/gcc/arm-none-eabi/4.8.4/../../../../arm-none-eabi/lib/armv7e-m\libg.a(lib_a-__call_atexit.o) (__libc_fini_array)
c:/program files (x86)/arm gcc/bin/../lib/gcc/arm-none-eabi/4.8.4/../../../../arm-none-eabi/lib/armv7e-m\libg.a(lib_a-__atexit.o)
                              c:/program files (x86)/arm gcc/bin/../lib/gcc/arm-none-eabi/4.8.4/../../../../arm-none-eabi/lib/armv7e-m\libg.a(lib_a-atexit.o) (__register_exitproc)

Discarded input sections

 .text          0x00000000        0x0 c:/program files (x86)/arm gcc/bin/../lib/gcc/arm-none-eabi/4.8.4/armv7e-m/crti.o
 .data          0x00000000        0x0 c:/program files (x86)/arm gcc/bin/../lib/gcc/arm-none-eabi/4.8.4/armv7e-m/crti.o
 .bss           0x00000000        0x0 c:/program files (x86)/arm gcc/bin/../lib/gcc/arm-none-eabi/4.8.4/armv7e-m/crti.o
 .data          0x00000000        0x4 c:/program files (x86)/arm gcc/bin/../lib/gcc/arm-none-eabi/4.8.4/armv7e-m/crtbegin.o
 .text          0x00000000       0x74 c:/program files (x86)/arm gcc/bin/../lib/gcc/arm-none-eabi/4.8.4/../../../../arm-none-eabi/lib/armv7e-m/crt0.o
 .data          0x00000000        0x0 c:/program files (x86)/arm gcc/bin/../lib/gcc/arm-none-eabi/4.8.4/../../../../arm-none-eabi/lib/armv7e-m/crt0.o
 .bss           0x00000000        0x0 c:/program files (x86)/arm gcc/bin/../lib/gcc/arm-none-eabi/4.8.4/../../../../arm-none-eabi/lib/armv7e-m/crt0.o
 .ARM.extab     0x00000000        0x0 c:/program files (x86)/arm gcc/bin/../lib/gcc/arm-none-eabi/4.8.4/../../../../arm-none-eabi/lib/armv7e-m/crt0.o
 .ARM.exidx     0x00000000        0x8 c:/program files (x86)/arm gcc/bin/../lib/gcc/arm-none-eabi/4.8.4/../../../../arm-none-eabi/lib/armv7e-m/crt0.o
 .ARM.attributes
                0x00000000       0x1c c:/program files (x86)/arm gcc/bin/../lib/gcc/arm-none-eabi/4.8.4/../../../../arm-none-eabi/lib/armv7e-m/crt0.o
 .text          0x00000000        0x0 ..\obj\stm32f30x_iwdg.o
 .data          0x00000000        0x0 ..\obj\stm32f30x_iwdg.o
 .bss           0x00000000        0x0 ..\obj\stm32f30x_iwdg.o
 .text.IWDG_WriteAccessCmd
                0x00000000       0x20 ..\obj\stm32f30x_iwdg.o
 .text.IWDG_SetPrescaler
                0x00000000       0x20 ..\obj\stm32f30x_iwdg.o
 .text.IWDG_SetReload
                0x00000000       0x20 ..\obj\stm32f30x_iwdg.o
 .text.IWDG_ReloadCounter
                0x00000000       0x18 ..\obj\stm32f30x_iwdg.o
 .text.IWDG_SetWindowValue
                0x00000000       0x20 ..\obj\stm32f30x_iwdg.o
 .text.IWDG_Enable
                0x00000000       0x18 ..\obj\stm32f30x_iwdg.o
 .text.IWDG_GetFlagStatus
                0x00000000       0x38 ..\obj\stm32f30x_iwdg.o
 .debug_info    0x00000000      0x23c ..\obj\stm32f30x_iwdg.o
 .debug_abbrev  0x00000000      0x110 ..\obj\stm32f30x_iwdg.o
 .debug_aranges
                0x00000000       0x50 ..\obj\stm32f30x_iwdg.o
 .debug_ranges  0x00000000       0x40 ..\obj\stm32f30x_iwdg.o
 .debug_line    0x00000000      0x1ff ..\obj\stm32f30x_iwdg.o
 .debug_str     0x00000000      0x29d ..\obj\stm32f30x_iwdg.o
 .comment       0x00000000       0x71 ..\obj\stm32f30x_iwdg.o
 .ARM.attributes
                0x00000000       0x33 ..\obj\stm32f30x_iwdg.o
 .debug_frame   0x00000000       0xcc ..\obj\stm32f30x_iwdg.o
 .text          0x00000000        0x0 ..\obj\stm32f30x_opamp.o
 .data          0x00000000        0x0 ..\obj\stm32f30x_opamp.o
 .bss           0x00000000        0x0 ..\obj\stm32f30x_opamp.o
 .text.OPAMP_DeInit
                0x00000000       0x20 ..\obj\stm32f30x_opamp.o
 .text.OPAMP_Init
                0x00000000       0x48 ..\obj\stm32f30x_opamp.o
 .text.OPAMP_StructInit
                0x00000000       0x20 ..\obj\stm32f30x_opamp.o
 .text.OPAMP_PGAConfig
                0x00000000       0x4c ..\obj\stm32f30x_opamp.o
 .text.OPAMP_VrefConfig
                0x00000000       0x40 ..\obj\stm32f30x_opamp.o
 .text.OPAMP_VrefConnectNonInvertingInput
                0x00000000       0x50 ..\obj\stm32f30x_opamp.o
 .text.OPAMP_VrefConnectADCCmd
                0x00000000       0x50 ..\obj\stm32f30x_opamp.o
 .text.OPAMP_TimerControlledMuxConfig
                0x00000000       0x4c ..\obj\stm32f30x_opamp.o
 .text.OPAMP_TimerControlledMuxCmd
                0x00000000       0x50 ..\obj\stm32f30x_opamp.o
 .text.OPAMP_Cmd
                0x00000000       0x50 ..\obj\stm32f30x_opamp.o
 .text.OPAMP_GetOutputLevel
                0x00000000       0x3c ..\obj\stm32f30x_opamp.o
 .text.OPAMP_OffsetTrimModeSelect
                0x00000000       0x44 ..\obj\stm32f30x_opamp.o
 .text.OPAMP_OffsetTrimConfig
                0x00000000       0x50 ..\obj\stm32f30x_opamp.o
 .text.OPAMP_StartCalibration
                0x00000000       0x50 ..\obj\stm32f30x_opamp.o
 .text.OPAMP_LockConfig
                0x00000000       0x2c ..\obj\stm32f30x_opamp.o
 .debug_info    0x00000000      0x43c ..\obj\stm32f30x_opamp.o
 .debug_abbrev  0x00000000      0x121 ..\obj\stm32f30x_opamp.o
 .debug_aranges
                0x00000000       0x90 ..\obj\stm32f30x_opamp.o
 .debug_ranges  0x00000000       0x80 ..\obj\stm32f30x_opamp.o
 .debug_line    0x00000000      0x2fd ..\obj\stm32f30x_opamp.o
 .debug_str     0x00000000      0x3b9 ..\obj\stm32f30x_opamp.o
 .comment       0x00000000       0x71 ..\obj\stm32f30x_opamp.o
 .ARM.attributes
                0x00000000       0x33 ..\obj\stm32f30x_opamp.o
 .debug_frame   0x00000000      0x1b4 ..\obj\stm32f30x_opamp.o
 .text          0x00000000        0x0 ..\obj\stm32f30x_crc.o
 .data          0x00000000        0x0 ..\obj\stm32f30x_crc.o
 .bss           0x00000000        0x0 ..\obj\stm32f30x_crc.o
 .text.CRC_DeInit
                0x00000000       0x38 ..\obj\stm32f30x_crc.o
 .text.CRC_ResetDR
                0x00000000       0x1c ..\obj\stm32f30x_crc.o
 .text.CRC_PolynomialSizeSelect
                0x00000000       0x38 ..\obj\stm32f30x_crc.o
 .text.CRC_ReverseInputDataSelect
                0x00000000       0x38 ..\obj\stm32f30x_crc.o
 .text.CRC_ReverseOutputDataCmd
                0x00000000       0x38 ..\obj\stm32f30x_crc.o
 .text.CRC_SetInitRegister
                0x00000000       0x1c ..\obj\stm32f30x_crc.o
 .text.CRC_SetPolynomial
                0x00000000       0x1c ..\obj\stm32f30x_crc.o
 .text.CRC_CalcCRC
                0x00000000       0x24 ..\obj\stm32f30x_crc.o
 .text.CRC_CalcCRC16bits
                0x00000000       0x24 ..\obj\stm32f30x_crc.o
 .text.CRC_CalcCRC8bits
                0x00000000       0x24 ..\obj\stm32f30x_crc.o
 .text.CRC_CalcBlockCRC
                0x00000000       0x44 ..\obj\stm32f30x_crc.o
 .text.CRC_GetCRC
                0x00000000       0x18 ..\obj\stm32f30x_crc.o
 .text.CRC_SetIDRegister
                0x00000000       0x20 ..\obj\stm32f30x_crc.o
 .text.CRC_GetIDRegister
                0x00000000       0x18 ..\obj\stm32f30x_crc.o
 .debug_info    0x00000000      0x38e ..\obj\stm32f30x_crc.o
 .debug_abbrev  0x00000000      0x17e ..\obj\stm32f30x_crc.o
 .debug_aranges
                0x00000000       0x88 ..\obj\stm32f30x_crc.o
 .debug_ranges  0x00000000       0x78 ..\obj\stm32f30x_crc.o
 .debug_line    0x00000000      0x29c ..\obj\stm32f30x_crc.o
 .debug_str     0x00000000      0x374 ..\obj\stm32f30x_crc.o
 .comment       0x00000000       0x71 ..\obj\stm32f30x_crc.o
 .ARM.attributes
                0x00000000       0x33 ..\obj\stm32f30x_crc.o
 .debug_frame   0x00000000      0x188 ..\obj\stm32f30x_crc.o
 .text          0x00000000        0x0 ..\obj\stm32f30x_rcc.o
 .data          0x00000000       0x2c ..\obj\stm32f30x_rcc.o
 .bss           0x00000000        0x0 ..\obj\stm32f30x_rcc.o
 .text.RCC_HSEConfig
                0x00000000       0x24 ..\obj\stm32f30x_rcc.o
 .text.RCC_WaitForHSEStartUp
                0x00000000       0x50 ..\obj\stm32f30x_rcc.o
 .text.RCC_AdjustHSICalibrationValue
                0x00000000       0x3c ..\obj\stm32f30x_rcc.o
 .text.RCC_HSICmd
                0x00000000       0x20 ..\obj\stm32f30x_rcc.o
 .text.RCC_LSEConfig
                0x00000000       0x3c ..\obj\stm32f30x_rcc.o
 .text.RCC_LSEDriveConfig
                0x00000000       0x30 ..\obj\stm32f30x_rcc.o
 .text.RCC_LSICmd
                0x00000000       0x20 ..\obj\stm32f30x_rcc.o
 .text.RCC_PREDIV1Config
                0x00000000       0x38 ..\obj\stm32f30x_rcc.o
 .text.RCC_ClockSecuritySystemCmd
                0x00000000       0x20 ..\obj\stm32f30x_rcc.o
 .text.RCC_MCOConfig
                0x00000000       0x20 ..\obj\stm32f30x_rcc.o
 .text.RCC_PCLK1Config
                0x00000000       0x38 ..\obj\stm32f30x_rcc.o
 .text.RCC_PCLK2Config
                0x00000000       0x38 ..\obj\stm32f30x_rcc.o
 .text.RCC_GetClocksFreq
                0x00000000      0x414 ..\obj\stm32f30x_rcc.o
 .text.RCC_ADCCLKConfig
                0x00000000       0x4c ..\obj\stm32f30x_rcc.o
 .text.RCC_I2CCLKConfig
                0x00000000       0x4c ..\obj\stm32f30x_rcc.o
 .text.RCC_TIMCLKConfig
                0x00000000       0x4c ..\obj\stm32f30x_rcc.o
 .text.RCC_USARTCLKConfig
                0x00000000       0x98 ..\obj\stm32f30x_rcc.o
 .text.RCC_USBCLKConfig
                0x00000000       0x1c ..\obj\stm32f30x_rcc.o
 .text.RCC_RTCCLKConfig
                0x00000000       0x24 ..\obj\stm32f30x_rcc.o
 .text.RCC_I2SCLKConfig
                0x00000000       0x1c ..\obj\stm32f30x_rcc.o
 .text.RCC_RTCCLKCmd
                0x00000000       0x20 ..\obj\stm32f30x_rcc.o
 .text.RCC_BackupResetCmd
                0x00000000       0x20 ..\obj\stm32f30x_rcc.o
 .text.RCC_AHBPeriphResetCmd
                0x00000000       0x3c ..\obj\stm32f30x_rcc.o
 .text.RCC_APB2PeriphResetCmd
                0x00000000       0x3c ..\obj\stm32f30x_rcc.o
 .text.RCC_APB1PeriphResetCmd
                0x00000000       0x3c ..\obj\stm32f30x_rcc.o
 .text.RCC_ITConfig
                0x00000000       0x48 ..\obj\stm32f30x_rcc.o
 .text.RCC_ClearFlag
                0x00000000       0x1c ..\obj\stm32f30x_rcc.o
 .text.RCC_GetITStatus
                0x00000000       0x38 ..\obj\stm32f30x_rcc.o
 .text.RCC_ClearITPendingBit
                0x00000000       0x20 ..\obj\stm32f30x_rcc.o
 .text          0x00000000        0x0 ..\obj\stm32f30x_flash.o
 .data          0x00000000        0x0 ..\obj\stm32f30x_flash.o
 .bss           0x00000000        0x0 ..\obj\stm32f30x_flash.o
 .text.FLASH_HalfCycleAccessCmd
                0x00000000       0x38 ..\obj\stm32f30x_flash.o
 .text.FLASH_Unlock
                0x00000000       0x30 ..\obj\stm32f30x_flash.o
 .text.FLASH_Lock
                0x00000000       0x1c ..\obj\stm32f30x_flash.o
 .text.FLASH_ErasePage
                0x00000000       0x64 ..\obj\stm32f30x_flash.o
 .text.FLASH_EraseAllPages
                0x00000000       0x5c ..\obj\stm32f30x_flash.o
 .text.FLASH_ProgramWord
                0x00000000       0x90 ..\obj\stm32f30x_flash.o
 .text.FLASH_ProgramHalfWord
                0x00000000       0x5c ..\obj\stm32f30x_flash.o
 .text.FLASH_OB_Unlock
                0x00000000       0x30 ..\obj\stm32f30x_flash.o
 .text.FLASH_OB_Lock
                0x00000000       0x1c ..\obj\stm32f30x_flash.o
 .text.FLASH_OB_Launch
                0x00000000       0x1c ..\obj\stm32f30x_flash.o
 .text.FLASH_OB_Erase
                0x00000000       0xbc ..\obj\stm32f30x_flash.o
 .text.FLASH_OB_EnableWRP
                0x00000000       0xa8 ..\obj\stm32f30x_flash.o
 .text.FLASH_OB_RDPConfig
                0x00000000       0xb0 ..\obj\stm32f30x_flash.o
 .text.FLASH_OB_UserConfig
                0x00000000       0x90 ..\obj\stm32f30x_flash.o
 .text.FLASH_OB_BOOTConfig
                0x00000000       0x7c ..\obj\stm32f30x_flash.o
 .text.FLASH_OB_VDDAConfig
                0x00000000       0x7c ..\obj\stm32f30x_flash.o
 .text.FLASH_OB_SRAMParityConfig
                0x00000000       0x68 ..\obj\stm32f30x_flash.o
 .text.FLASH_OB_WriteUser
                0x00000000       0x7c ..\obj\stm32f30x_flash.o
 .text.FLASH_ProgramOptionByteData
                0x00000000       0x64 ..\obj\stm32f30x_flash.o
 .text.FLASH_OB_GetUser
                0x00000000       0x1c ..\obj\stm32f30x_flash.o
 .text.FLASH_OB_GetWRP
                0x00000000       0x18 ..\obj\stm32f30x_flash.o
 .text.FLASH_OB_GetRDP
                0x00000000       0x34 ..\obj\stm32f30x_flash.o
 .text.FLASH_ITConfig
                0x00000000       0x3c ..\obj\stm32f30x_flash.o
 .text.FLASH_GetFlagStatus
                0x00000000       0x34 ..\obj\stm32f30x_flash.o
 .text.FLASH_ClearFlag
                0x00000000       0x1c ..\obj\stm32f30x_flash.o
 .text.FLASH_GetStatus
                0x00000000       0x58 ..\obj\stm32f30x_flash.o
 .text.FLASH_WaitForLastOperation
                0x00000000       0x44 ..\obj\stm32f30x_flash.o
 .text          0x00000000        0x0 ..\obj\stm32f30x_adc.o
 .data          0x00000000        0x0 ..\obj\stm32f30x_adc.o
 .bss           0x00000000        0x0 ..\obj\stm32f30x_adc.o
 .text.ADC_DeInit
                0x00000000       0x64 ..\obj\stm32f30x_adc.o
 .text.ADC_Init
                0x00000000       0x80 ..\obj\stm32f30x_adc.o
 .text.ADC_StructInit
                0x00000000       0x44 ..\obj\stm32f30x_adc.o
 .text.ADC_InjectedInit
                0x00000000       0x60 ..\obj\stm32f30x_adc.o
 .text.ADC_InjectedStructInit
                0x00000000       0x3c ..\obj\stm32f30x_adc.o
 .text.ADC_CommonInit
                0x00000000       0x9c ..\obj\stm32f30x_adc.o
 .text.ADC_CommonStructInit
                0x00000000       0x30 ..\obj\stm32f30x_adc.o
 .text.ADC_Cmd  0x00000000       0x38 ..\obj\stm32f30x_adc.o
 .text.ADC_StartCalibration
                0x00000000       0x20 ..\obj\stm32f30x_adc.o
 .text.ADC_GetCalibrationValue
                0x00000000       0x1c ..\obj\stm32f30x_adc.o
 .text.ADC_SetCalibrationValue
                0x00000000       0x1c ..\obj\stm32f30x_adc.o
 .text.ADC_SelectCalibrationMode
                0x00000000       0x2c ..\obj\stm32f30x_adc.o
 .text.ADC_GetCalibrationStatus
                0x00000000       0x2c ..\obj\stm32f30x_adc.o
 .text.ADC_DisableCmd
                0x00000000       0x20 ..\obj\stm32f30x_adc.o
 .text.ADC_GetDisableCmdStatus
                0x00000000       0x30 ..\obj\stm32f30x_adc.o
 .text.ADC_VoltageRegulatorCmd
                0x00000000       0x44 ..\obj\stm32f30x_adc.o
 .text.ADC_SelectDifferentialMode
                0x00000000       0x50 ..\obj\stm32f30x_adc.o
 .text.ADC_SelectQueueOfContextMode
                0x00000000       0x38 ..\obj\stm32f30x_adc.o
 .text.ADC_AutoDelayCmd
                0x00000000       0x38 ..\obj\stm32f30x_adc.o
 .text.ADC_AnalogWatchdogCmd
                0x00000000       0x34 ..\obj\stm32f30x_adc.o
 .text.ADC_AnalogWatchdog1ThresholdsConfig
                0x00000000       0x54 ..\obj\stm32f30x_adc.o
 .text.ADC_AnalogWatchdog2ThresholdsConfig
                0x00000000       0x4c ..\obj\stm32f30x_adc.o
 .text.ADC_AnalogWatchdog3ThresholdsConfig
                0x00000000       0x4c ..\obj\stm32f30x_adc.o
 .text.ADC_AnalogWatchdog1SingleChannelConfig
                0x00000000       0x38 ..\obj\stm32f30x_adc.o
 .text.ADC_AnalogWatchdog2SingleChannelConfig
                0x00000000       0x4c ..\obj\stm32f30x_adc.o
 .text.ADC_AnalogWatchdog3SingleChannelConfig
                0x00000000       0x4c ..\obj\stm32f30x_adc.o
 .text.ADC_TempSensorCmd
                0x00000000       0x74 ..\obj\stm32f30x_adc.o
 .text.ADC_VrefintCmd
                0x00000000       0x74 ..\obj\stm32f30x_adc.o
 .text.ADC_VbatCmd
                0x00000000       0x74 ..\obj\stm32f30x_adc.o
 .text.ADC_RegularChannelConfig
                0x00000000      0x1e4 ..\obj\stm32f30x_adc.o
 .text.ADC_RegularChannelSequencerLengthConfig
                0x00000000       0x30 ..\obj\stm32f30x_adc.o
 .text.ADC_ExternalTriggerConfig
                0x00000000       0x38 ..\obj\stm32f30x_adc.o
 .text.ADC_StartConversion
                0x00000000       0x20 ..\obj\stm32f30x_adc.o
 .text.ADC_GetStartConversionStatus
                0x00000000       0x30 ..\obj\stm32f30x_adc.o
 .text.ADC_StopConversion
                0x00000000       0x20 ..\obj\stm32f30x_adc.o
 .text.ADC_DiscModeChannelCountConfig
                0x00000000       0x44 ..\obj\stm32f30x_adc.o
 .text.ADC_DiscModeCmd
                0x00000000       0x38 ..\obj\stm32f30x_adc.o
 .text.ADC_GetConversionValue
                0x00000000       0x1c ..\obj\stm32f30x_adc.o
 .text.ADC_GetDualModeConversionValue
                0x00000000       0x44 ..\obj\stm32f30x_adc.o
 .text.ADC_SetChannelOffset1
                0x00000000       0x50 ..\obj\stm32f30x_adc.o
 .text.ADC_SetChannelOffset2
                0x00000000       0x50 ..\obj\stm32f30x_adc.o
 .text.ADC_SetChannelOffset3
                0x00000000       0x50 ..\obj\stm32f30x_adc.o
 .text.ADC_SetChannelOffset4
                0x00000000       0x50 ..\obj\stm32f30x_adc.o
 .text.ADC_ChannelOffset1Cmd
                0x00000000       0x38 ..\obj\stm32f30x_adc.o
 .text.ADC_ChannelOffset2Cmd
                0x00000000       0x38 ..\obj\stm32f30x_adc.o
 .text.ADC_ChannelOffset3Cmd
                0x00000000       0x38 ..\obj\stm32f30x_adc.o
 .text.ADC_ChannelOffset4Cmd
                0x00000000       0x38 ..\obj\stm32f30x_adc.o
 .text.ADC_DMACmd
                0x00000000       0x38 ..\obj\stm32f30x_adc.o
 .text.ADC_DMAConfig
                0x00000000       0x2c ..\obj\stm32f30x_adc.o
 .text.ADC_InjectedChannelSampleTimeConfig
                0x00000000       0xa0 ..\obj\stm32f30x_adc.o
 .text.ADC_StartInjectedConversion
                0x00000000       0x20 ..\obj\stm32f30x_adc.o
 .text.ADC_StopInjectedConversion
                0x00000000       0x20 ..\obj\stm32f30x_adc.o
 .text.ADC_GetStartInjectedConversionStatus
                0x00000000       0x30 ..\obj\stm32f30x_adc.o
 .text.ADC_AutoInjectedConvCmd
                0x00000000       0x38 ..\obj\stm32f30x_adc.o
 .text.ADC_InjectedDiscModeCmd
                0x00000000       0x38 ..\obj\stm32f30x_adc.o
 .text.ADC_GetInjectedConversionValue
                0x00000000       0x38 ..\obj\stm32f30x_adc.o
 .text.ADC_ITConfig
                0x00000000       0x3c ..\obj\stm32f30x_adc.o
 .text.ADC_GetFlagStatus
                0x00000000       0x34 ..\obj\stm32f30x_adc.o
 .text.ADC_ClearFlag
                0x00000000       0x1c ..\obj\stm32f30x_adc.o
 .text.ADC_GetCommonFlagStatus
                0x00000000       0x60 ..\obj\stm32f30x_adc.o
 .text.ADC_ClearCommonFlag
                0x00000000       0x4c ..\obj\stm32f30x_adc.o
 .text.ADC_GetITStatus
                0x00000000       0x58 ..\obj\stm32f30x_adc.o
 .text.ADC_ClearITPendingBit
                0x00000000       0x20 ..\obj\stm32f30x_adc.o
 .debug_info    0x00000000     0x1317 ..\obj\stm32f30x_adc.o
 .debug_abbrev  0x00000000      0x190 ..\obj\stm32f30x_adc.o
 .debug_aranges
                0x00000000      0x210 ..\obj\stm32f30x_adc.o
 .debug_ranges  0x00000000      0x200 ..\obj\stm32f30x_adc.o
 .debug_line    0x00000000      0x7a2 ..\obj\stm32f30x_adc.o
 .debug_str     0x00000000      0xba6 ..\obj\stm32f30x_adc.o
 .comment       0x00000000       0x71 ..\obj\stm32f30x_adc.o
 .ARM.attributes
                0x00000000       0x33 ..\obj\stm32f30x_adc.o
 .debug_frame   0x00000000      0x6f8 ..\obj\stm32f30x_adc.o
 .text          0x00000000        0x0 ..\obj\hal_init.o
 .data          0x00000000        0x0 ..\obj\hal_init.o
 .bss           0x00000000        0x0 ..\obj\hal_init.o
 .text.init_UART
                0x00000000        0xc ..\obj\hal_init.o
 .text          0x00000000        0x0 ..\obj\stm32f30x_gpio.o
 .data          0x00000000        0x0 ..\obj\stm32f30x_gpio.o
 .bss           0x00000000        0x0 ..\obj\stm32f30x_gpio.o
 .text.GPIO_DeInit
                0x00000000       0xd4 ..\obj\stm32f30x_gpio.o
 .text.GPIO_StructInit
                0x00000000       0x34 ..\obj\stm32f30x_gpio.o
 .text.GPIO_PinLockConfig
                0x00000000       0x44 ..\obj\stm32f30x_gpio.o
 .text.GPIO_ReadInputData
                0x00000000       0x1c ..\obj\stm32f30x_gpio.o
 .text.GPIO_ReadOutputDataBit
                0x00000000       0x38 ..\obj\stm32f30x_gpio.o
 .text.GPIO_ReadOutputData
                0x00000000       0x1c ..\obj\stm32f30x_gpio.o
 .text.GPIO_Write
                0x00000000       0x1c ..\obj\stm32f30x_gpio.o
 .text          0x00000000        0x0 ..\obj\main.o
 .data          0x00000000        0x0 ..\obj\main.o
 .text          0x00000000        0x0 ..\obj\stm32f30x_dma.o
 .data          0x00000000        0x0 ..\obj\stm32f30x_dma.o
 .bss           0x00000000        0x0 ..\obj\stm32f30x_dma.o
 .text.DMA_DeInit
                0x00000000      0x178 ..\obj\stm32f30x_dma.o
 .text.DMA_Init
                0x00000000       0x80 ..\obj\stm32f30x_dma.o
 .text.DMA_StructInit
                0x00000000       0x54 ..\obj\stm32f30x_dma.o
 .text.DMA_Cmd  0x00000000       0x38 ..\obj\stm32f30x_dma.o
 .text.DMA_SetCurrDataCounter
                0x00000000       0x1c ..\obj\stm32f30x_dma.o
 .text.DMA_GetCurrDataCounter
                0x00000000       0x1c ..\obj\stm32f30x_dma.o
 .text.DMA_ITConfig
                0x00000000       0x3c ..\obj\stm32f30x_dma.o
 .text.DMA_GetFlagStatus
                0x00000000       0x54 ..\obj\stm32f30x_dma.o
 .text.DMA_ClearFlag
                0x00000000       0x34 ..\obj\stm32f30x_dma.o
 .text.DMA_GetITStatus
                0x00000000       0x54 ..\obj\stm32f30x_dma.o
 .text.DMA_ClearITPendingBit
                0x00000000       0x34 ..\obj\stm32f30x_dma.o
 .debug_info    0x00000000      0x473 ..\obj\stm32f30x_dma.o
 .debug_abbrev  0x00000000      0x155 ..\obj\stm32f30x_dma.o
 .debug_aranges
                0x00000000       0x70 ..\obj\stm32f30x_dma.o
 .debug_ranges  0x00000000       0x60 ..\obj\stm32f30x_dma.o
 .debug_line    0x00000000      0x2e3 ..\obj\stm32f30x_dma.o
 .debug_str     0x00000000      0x3d3 ..\obj\stm32f30x_dma.o
 .comment       0x00000000       0x71 ..\obj\stm32f30x_dma.o
 .ARM.attributes
                0x00000000       0x33 ..\obj\stm32f30x_dma.o
 .debug_frame   0x00000000      0x144 ..\obj\stm32f30x_dma.o
 .text          0x00000000        0x0 ..\obj\display.o
 .data          0x00000000        0x0 ..\obj\display.o
 .text          0x00000000        0x0 ..\obj\stm32f30x_exti.o
 .data          0x00000000        0x0 ..\obj\stm32f30x_exti.o
 .bss           0x00000000        0x0 ..\obj\stm32f30x_exti.o
 .text.EXTI_DeInit
                0x00000000       0x5c ..\obj\stm32f30x_exti.o
 .text.EXTI_Init
                0x00000000      0x1f4 ..\obj\stm32f30x_exti.o
 .text.EXTI_StructInit
                0x00000000       0x2c ..\obj\stm32f30x_exti.o
 .text.EXTI_GenerateSWInterrupt
                0x00000000       0x40 ..\obj\stm32f30x_exti.o
 .text.EXTI_GetFlagStatus
                0x00000000       0x48 ..\obj\stm32f30x_exti.o
 .text.EXTI_ClearFlag
                0x00000000       0x30 ..\obj\stm32f30x_exti.o
 .text.EXTI_GetITStatus
                0x00000000       0x70 ..\obj\stm32f30x_exti.o
 .text.EXTI_ClearITPendingBit
                0x00000000       0x30 ..\obj\stm32f30x_exti.o
 .debug_info    0x00000000      0x3b4 ..\obj\stm32f30x_exti.o
 .debug_abbrev  0x00000000      0x17a ..\obj\stm32f30x_exti.o
 .debug_aranges
                0x00000000       0x58 ..\obj\stm32f30x_exti.o
 .debug_ranges  0x00000000       0x48 ..\obj\stm32f30x_exti.o
 .debug_line    0x00000000      0x292 ..\obj\stm32f30x_exti.o
 .debug_str     0x00000000      0x396 ..\obj\stm32f30x_exti.o
 .comment       0x00000000       0x71 ..\obj\stm32f30x_exti.o
 .ARM.attributes
                0x00000000       0x33 ..\obj\stm32f30x_exti.o
 .debug_frame   0x00000000       0xec ..\obj\stm32f30x_exti.o
 .text          0x00000000        0x0 ..\obj\stm32f30x_spi.o
 .data          0x00000000        0x0 ..\obj\stm32f30x_spi.o
 .bss           0x00000000        0x0 ..\obj\stm32f30x_spi.o
 .text.SPI_I2S_DeInit
                0x00000000       0x74 ..\obj\stm32f30x_spi.o
 .text.SPI_StructInit
                0x00000000       0x4c ..\obj\stm32f30x_spi.o
 .text.I2S_StructInit
                0x00000000       0x38 ..\obj\stm32f30x_spi.o
 .text.I2S_Init
                0x00000000      0x178 ..\obj\stm32f30x_spi.o
 .text.SPI_TIModeCmd
                0x00000000       0x40 ..\obj\stm32f30x_spi.o
 .text.I2S_Cmd  0x00000000       0x40 ..\obj\stm32f30x_spi.o
 .text.SPI_DataSizeConfig
                0x00000000       0x38 ..\obj\stm32f30x_spi.o
 .text.SPI_RxFIFOThresholdConfig
                0x00000000       0x38 ..\obj\stm32f30x_spi.o
 .text.SPI_BiDirectionalLineConfig
                0x00000000       0x40 ..\obj\stm32f30x_spi.o
 .text.I2S_FullDuplexConfig
                0x00000000       0x9c ..\obj\stm32f30x_spi.o
 .text.SPI_SSOutputCmd
                0x00000000       0x40 ..\obj\stm32f30x_spi.o
 .text.SPI_NSSPulseModeCmd
                0x00000000       0x40 ..\obj\stm32f30x_spi.o
 .text.SPI_SendData8
                0x00000000       0x2c ..\obj\stm32f30x_spi.o
 .text.SPI_ReceiveData8
                0x00000000       0x28 ..\obj\stm32f30x_spi.o
 .text.SPI_I2S_ReceiveData16
                0x00000000       0x1c ..\obj\stm32f30x_spi.o
 .text.SPI_CRCLengthConfig
                0x00000000       0x38 ..\obj\stm32f30x_spi.o
 .text.SPI_CalculateCRC
                0x00000000       0x40 ..\obj\stm32f30x_spi.o
 .text.SPI_TransmitCRC
                0x00000000       0x24 ..\obj\stm32f30x_spi.o
 .text.SPI_GetCRC
                0x00000000       0x34 ..\obj\stm32f30x_spi.o
 .text.SPI_GetCRCPolynomial
                0x00000000       0x1c ..\obj\stm32f30x_spi.o
 .text.SPI_I2S_DMACmd
                0x00000000       0x48 ..\obj\stm32f30x_spi.o
 .text.SPI_LastDMATransferCmd
                0x00000000       0x38 ..\obj\stm32f30x_spi.o
 .text.SPI_I2S_ITConfig
                0x00000000       0x60 ..\obj\stm32f30x_spi.o
 .text.SPI_GetTransmissionFIFOStatus
                0x00000000       0x20 ..\obj\stm32f30x_spi.o
 .text.SPI_GetReceptionFIFOStatus
                0x00000000       0x20 ..\obj\stm32f30x_spi.o
 .text.SPI_I2S_ClearFlag
                0x00000000       0x20 ..\obj\stm32f30x_spi.o
 .text.SPI_I2S_GetITStatus
                0x00000000       0x78 ..\obj\stm32f30x_spi.o
 .text          0x00000000        0x0 ..\obj\system_stm32f30x_temp.o
 .data          0x00000000       0x14 ..\obj\system_stm32f30x_temp.o
 .bss           0x00000000        0x0 ..\obj\system_stm32f30x_temp.o
 .text.SystemCoreClockUpdate1
                0x00000000       0xd4 ..\obj\system_stm32f30x_temp.o
 .text          0x00000000        0x0 ..\obj\stm32f30x_misc.o
 .data          0x00000000        0x0 ..\obj\stm32f30x_misc.o
 .bss           0x00000000        0x0 ..\obj\stm32f30x_misc.o
 .text.NVIC_PriorityGroupConfig
                0x00000000       0x24 ..\obj\stm32f30x_misc.o
 .text.NVIC_Init
                0x00000000       0xc0 ..\obj\stm32f30x_misc.o
 .text.NVIC_SetVectorTable
                0x00000000       0x2c ..\obj\stm32f30x_misc.o
 .text.NVIC_SystemLPConfig
                0x00000000       0x40 ..\obj\stm32f30x_misc.o
 .text.SysTick_CLKSourceConfig
                0x00000000       0x38 ..\obj\stm32f30x_misc.o
 .debug_info    0x00000000      0x53d ..\obj\stm32f30x_misc.o
 .debug_abbrev  0x00000000      0x145 ..\obj\stm32f30x_misc.o
 .debug_aranges
                0x00000000       0x40 ..\obj\stm32f30x_misc.o
 .debug_ranges  0x00000000       0x30 ..\obj\stm32f30x_misc.o
 .debug_line    0x00000000      0x238 ..\obj\stm32f30x_misc.o
 .debug_str     0x00000000      0x3e4 ..\obj\stm32f30x_misc.o
 .comment       0x00000000       0x71 ..\obj\stm32f30x_misc.o
 .ARM.attributes
                0x00000000       0x33 ..\obj\stm32f30x_misc.o
 .debug_frame   0x00000000       0x9c ..\obj\stm32f30x_misc.o
 .text          0x00000000        0x0 ..\obj\pulse.o
 .data          0x00000000        0x0 ..\obj\pulse.o
 .bss           0x00000000        0x0 ..\obj\pulse.o
 .text.PulseInit
                0x00000000        0xc ..\obj\pulse.o
 .debug_info    0x00000000       0xa7 ..\obj\pulse.o
 .debug_abbrev  0x00000000       0x65 ..\obj\pulse.o
 .debug_aranges
                0x00000000       0x20 ..\obj\pulse.o
 .debug_ranges  0x00000000       0x10 ..\obj\pulse.o
 .debug_line    0x00000000      0x12b ..\obj\pulse.o
 .debug_str     0x00000000      0x169 ..\obj\pulse.o
 .comment       0x00000000       0x71 ..\obj\pulse.o
 .ARM.attributes
                0x00000000       0x33 ..\obj\pulse.o
 .debug_frame   0x00000000       0x28 ..\obj\pulse.o
 .text          0x00000000        0x0 ..\obj\stm32f30x_tim.o
 .data          0x00000000        0x0 ..\obj\stm32f30x_tim.o
 .bss           0x00000000        0x0 ..\obj\stm32f30x_tim.o
 .text.TIM_DeInit
                0x00000000      0x148 ..\obj\stm32f30x_tim.o
 .text.TIM_TimeBaseStructInit
                0x00000000       0x34 ..\obj\stm32f30x_tim.o
 .text.TIM_PrescalerConfig
                0x00000000       0x28 ..\obj\stm32f30x_tim.o
 .text.TIM_CounterModeConfig
                0x00000000       0x38 ..\obj\stm32f30x_tim.o
 .text.TIM_SetCounter
                0x00000000       0x1c ..\obj\stm32f30x_tim.o
 .text.TIM_SetAutoreload
                0x00000000       0x1c ..\obj\stm32f30x_tim.o
 .text.TIM_GetCounter
                0x00000000       0x18 ..\obj\stm32f30x_tim.o
 .text.TIM_GetPrescaler
                0x00000000       0x1c ..\obj\stm32f30x_tim.o
 .text.TIM_UpdateDisableConfig
                0x00000000       0x40 ..\obj\stm32f30x_tim.o
 .text.TIM_UpdateRequestConfig
                0x00000000       0x40 ..\obj\stm32f30x_tim.o
 .text.TIM_UIFRemap
                0x00000000       0x40 ..\obj\stm32f30x_tim.o
 .text.TIM_SelectOnePulseMode
                0x00000000       0x38 ..\obj\stm32f30x_tim.o
 .text.TIM_SetClockDivision
                0x00000000       0x38 ..\obj\stm32f30x_tim.o
 .text.TIM_OC2Init
                0x00000000      0x100 ..\obj\stm32f30x_tim.o
 .text.TIM_OC3Init
                0x00000000       0xfc ..\obj\stm32f30x_tim.o
 .text.TIM_OC4Init
                0x00000000       0xc0 ..\obj\stm32f30x_tim.o
 .text.TIM_OC5Init
                0x00000000       0xb8 ..\obj\stm32f30x_tim.o
 .text.TIM_OC6Init
                0x00000000       0xac ..\obj\stm32f30x_tim.o
 .text.TIM_SelectGC5C1
                0x00000000       0x38 ..\obj\stm32f30x_tim.o
 .text.TIM_SelectGC5C2
                0x00000000       0x38 ..\obj\stm32f30x_tim.o
 .text.TIM_SelectGC5C3
                0x00000000       0x38 ..\obj\stm32f30x_tim.o
 .text.TIM_SelectOCxM
                0x00000000       0xa8 ..\obj\stm32f30x_tim.o
 .text.TIM_SetCompare1
                0x00000000       0x1c ..\obj\stm32f30x_tim.o
 .text.TIM_SetCompare2
                0x00000000       0x1c ..\obj\stm32f30x_tim.o
 .text.TIM_SetCompare3
                0x00000000       0x1c ..\obj\stm32f30x_tim.o
 .text.TIM_SetCompare4
                0x00000000       0x1c ..\obj\stm32f30x_tim.o
 .text.TIM_SetCompare5
                0x00000000       0x1c ..\obj\stm32f30x_tim.o
 .text.TIM_SetCompare6
                0x00000000       0x1c ..\obj\stm32f30x_tim.o
 .text.TIM_ForcedOC1Config
                0x00000000       0x3c ..\obj\stm32f30x_tim.o
 .text.TIM_ForcedOC2Config
                0x00000000       0x3c ..\obj\stm32f30x_tim.o
 .text.TIM_ForcedOC3Config
                0x00000000       0x38 ..\obj\stm32f30x_tim.o
 .text.TIM_ForcedOC4Config
                0x00000000       0x38 ..\obj\stm32f30x_tim.o
 .text.TIM_ForcedOC5Config
                0x00000000       0x38 ..\obj\stm32f30x_tim.o
 .text.TIM_ForcedOC6Config
                0x00000000       0x38 ..\obj\stm32f30x_tim.o
 .text.TIM_OC2PreloadConfig
                0x00000000       0x38 ..\obj\stm32f30x_tim.o
 .text.TIM_OC3PreloadConfig
                0x00000000       0x38 ..\obj\stm32f30x_tim.o
 .text.TIM_OC4PreloadConfig
                0x00000000       0x38 ..\obj\stm32f30x_tim.o
 .text.TIM_OC5PreloadConfig
                0x00000000       0x38 ..\obj\stm32f30x_tim.o
 .text.TIM_OC6PreloadConfig
                0x00000000       0x38 ..\obj\stm32f30x_tim.o
 .text.TIM_OC1FastConfig
                0x00000000       0x38 ..\obj\stm32f30x_tim.o
 .text.TIM_OC2FastConfig
                0x00000000       0x38 ..\obj\stm32f30x_tim.o
 .text.TIM_OC3FastConfig
                0x00000000       0x38 ..\obj\stm32f30x_tim.o
 .text.TIM_OC4FastConfig
                0x00000000       0x38 ..\obj\stm32f30x_tim.o
 .text.TIM_ClearOC1Ref
                0x00000000       0x38 ..\obj\stm32f30x_tim.o
 .text.TIM_ClearOC2Ref
                0x00000000       0x38 ..\obj\stm32f30x_tim.o
 .text.TIM_ClearOC3Ref
                0x00000000       0x38 ..\obj\stm32f30x_tim.o
 .text.TIM_ClearOC4Ref
                0x00000000       0x38 ..\obj\stm32f30x_tim.o
 .text.TIM_ClearOC5Ref
                0x00000000       0x38 ..\obj\stm32f30x_tim.o
 .text.TIM_ClearOC6Ref
                0x00000000       0x38 ..\obj\stm32f30x_tim.o
 .text.TIM_SelectOCREFClear
                0x00000000       0x30 ..\obj\stm32f30x_tim.o
 .text.TIM_OC1PolarityConfig
                0x00000000       0x38 ..\obj\stm32f30x_tim.o
 .text.TIM_OC1NPolarityConfig
                0x00000000       0x38 ..\obj\stm32f30x_tim.o
 .text.TIM_OC2PolarityConfig
                0x00000000       0x38 ..\obj\stm32f30x_tim.o
 .text.TIM_OC2NPolarityConfig
                0x00000000       0x38 ..\obj\stm32f30x_tim.o
 .text.TIM_OC3PolarityConfig
                0x00000000       0x38 ..\obj\stm32f30x_tim.o
 .text.TIM_OC3NPolarityConfig
                0x00000000       0x38 ..\obj\stm32f30x_tim.o
 .text.TIM_OC4PolarityConfig
                0x00000000       0x38 ..\obj\stm32f30x_tim.o
 .text.TIM_OC5PolarityConfig
                0x00000000       0x38 ..\obj\stm32f30x_tim.o
 .text.TIM_OC6PolarityConfig
                0x00000000       0x38 ..\obj\stm32f30x_tim.o
 .text.TIM_CCxCmd
                0x00000000       0x48 ..\obj\stm32f30x_tim.o
 .text.TIM_CCxNCmd
                0x00000000       0x48 ..\obj\stm32f30x_tim.o
 .text.TIM_ICInit
                0x00000000       0xa8 ..\obj\stm32f30x_tim.o
 .text.TIM_ICStructInit
                0x00000000       0x30 ..\obj\stm32f30x_tim.o
 .text.TIM_PWMIConfig
                0x00000000       0xb8 ..\obj\stm32f30x_tim.o
 .text.TIM_GetCapture1
                0x00000000       0x18 ..\obj\stm32f30x_tim.o
 .text.TIM_GetCapture2
                0x00000000       0x18 ..\obj\stm32f30x_tim.o
 .text.TIM_GetCapture3
                0x00000000       0x18 ..\obj\stm32f30x_tim.o
 .text.TIM_GetCapture4
                0x00000000       0x18 ..\obj\stm32f30x_tim.o
 .text.TIM_SetIC1Prescaler
                0x00000000       0x30 ..\obj\stm32f30x_tim.o
 .text.TIM_SetIC2Prescaler
                0x00000000       0x30 ..\obj\stm32f30x_tim.o
 .text.TIM_SetIC3Prescaler
                0x00000000       0x30 ..\obj\stm32f30x_tim.o
 .text.TIM_SetIC4Prescaler
                0x00000000       0x34 ..\obj\stm32f30x_tim.o
 .text.TIM_BDTRConfig
                0x00000000       0x50 ..\obj\stm32f30x_tim.o
 .text.TIM_Break1Config
                0x00000000       0x38 ..\obj\stm32f30x_tim.o
 .text.TIM_Break2Config
                0x00000000       0x38 ..\obj\stm32f30x_tim.o
 .text.TIM_Break1Cmd
                0x00000000       0x38 ..\obj\stm32f30x_tim.o
 .text.TIM_Break2Cmd
                0x00000000       0x38 ..\obj\stm32f30x_tim.o
 .text.TIM_BDTRStructInit
                0x00000000       0x3c ..\obj\stm32f30x_tim.o
 .text.TIM_SelectCOM
                0x00000000       0x38 ..\obj\stm32f30x_tim.o
 .text.TIM_CCPreloadControl
                0x00000000       0x38 ..\obj\stm32f30x_tim.o
 .text.TIM_ITConfig
                0x00000000       0x40 ..\obj\stm32f30x_tim.o
 .text.TIM_GenerateEvent
                0x00000000       0x1c ..\obj\stm32f30x_tim.o
 .text.TIM_GetFlagStatus
                0x00000000       0x34 ..\obj\stm32f30x_tim.o
 .text.TIM_ClearFlag
                0x00000000       0x24 ..\obj\stm32f30x_tim.o
 .text.TIM_GetITStatus
                0x00000000       0x54 ..\obj\stm32f30x_tim.o
 .text.TIM_ClearITPendingBit
                0x00000000       0x24 ..\obj\stm32f30x_tim.o
 .text.TIM_DMAConfig
                0x00000000       0x28 ..\obj\stm32f30x_tim.o
 .text.TIM_DMACmd
                0x00000000       0x40 ..\obj\stm32f30x_tim.o
 .text.TIM_SelectCCDMA
                0x00000000       0x38 ..\obj\stm32f30x_tim.o
 .text.TIM_InternalClockConfig
                0x00000000       0x20 ..\obj\stm32f30x_tim.o
 .text.TIM_ITRxExternalClockConfig
                0x00000000       0x28 ..\obj\stm32f30x_tim.o
 .text.TIM_TIxExternalClockConfig
                0x00000000       0x50 ..\obj\stm32f30x_tim.o
 .text.TIM_ETRClockMode1Config
                0x00000000       0x50 ..\obj\stm32f30x_tim.o
 .text.TIM_ETRClockMode2Config
                0x00000000       0x2c ..\obj\stm32f30x_tim.o
 .text.TIM_SelectInputTrigger
                0x00000000       0x38 ..\obj\stm32f30x_tim.o
 .text.TIM_SelectOutputTrigger
                0x00000000       0x30 ..\obj\stm32f30x_tim.o
 .text.TIM_SelectOutputTrigger2
                0x00000000       0x2c ..\obj\stm32f30x_tim.o
 .text.TIM_SelectSlaveMode
                0x00000000       0x30 ..\obj\stm32f30x_tim.o
 .text.TIM_SelectMasterSlaveMode
                0x00000000       0x30 ..\obj\stm32f30x_tim.o
 .text.TIM_ETRConfig
                0x00000000       0x48 ..\obj\stm32f30x_tim.o
 .text.TIM_EncoderInterfaceConfig
                0x00000000       0x8c ..\obj\stm32f30x_tim.o
 .text.TIM_SelectHallSensor
                0x00000000       0x38 ..\obj\stm32f30x_tim.o
 .text.TIM_RemapConfig
                0x00000000       0x20 ..\obj\stm32f30x_tim.o
 .text.TI1_Config
                0x00000000       0x70 ..\obj\stm32f30x_tim.o
 .text.TI2_Config
                0x00000000       0x88 ..\obj\stm32f30x_tim.o
 .text.TI3_Config
                0x00000000       0x80 ..\obj\stm32f30x_tim.o
 .text.TI4_Config
                0x00000000       0x90 ..\obj\stm32f30x_tim.o
 .text          0x00000000       0x14 ..\obj\startup_stm32f30x.o
 .data          0x00000000        0x0 ..\obj\startup_stm32f30x.o
 .bss           0x00000000        0x0 ..\obj\startup_stm32f30x.o
 .text          0x00000000        0x0 ..\obj\stm32f30x_syscfg.o
 .data          0x00000000        0x0 ..\obj\stm32f30x_syscfg.o
 .bss           0x00000000        0x0 ..\obj\stm32f30x_syscfg.o
 .text.SYSCFG_DeInit
                0x00000000       0x4c ..\obj\stm32f30x_syscfg.o
 .text.SYSCFG_MemoryRemapConfig
                0x00000000       0x38 ..\obj\stm32f30x_syscfg.o
 .text.SYSCFG_DMAChannelRemapConfig
                0x00000000       0x3c ..\obj\stm32f30x_syscfg.o
 .text.SYSCFG_TriggerRemapConfig
                0x00000000       0x3c ..\obj\stm32f30x_syscfg.o
 .text.SYSCFG_EncoderRemapConfig
                0x00000000       0x30 ..\obj\stm32f30x_syscfg.o
 .text.SYSCFG_USBInterruptLineRemapCmd
                0x00000000       0x20 ..\obj\stm32f30x_syscfg.o
 .text.SYSCFG_I2CFastModePlusConfig
                0x00000000       0x3c ..\obj\stm32f30x_syscfg.o
 .text.SYSCFG_ITConfig
                0x00000000       0x3c ..\obj\stm32f30x_syscfg.o
 .text.SYSCFG_EXTILineConfig
                0x00000000       0x7c ..\obj\stm32f30x_syscfg.o
 .text.SYSCFG_BreakConfig
                0x00000000       0x24 ..\obj\stm32f30x_syscfg.o
 .text.SYSCFG_BypassParityCheckDisable
                0x00000000       0x18 ..\obj\stm32f30x_syscfg.o
 .text.SYSCFG_SRAMWRPEnable
                0x00000000       0x24 ..\obj\stm32f30x_syscfg.o
 .text.SYSCFG_GetFlagStatus
                0x00000000       0x34 ..\obj\stm32f30x_syscfg.o
 .text.SYSCFG_ClearFlag
                0x00000000       0x24 ..\obj\stm32f30x_syscfg.o
 .debug_info    0x00000000      0x3c6 ..\obj\stm32f30x_syscfg.o
 .debug_abbrev  0x00000000      0x181 ..\obj\stm32f30x_syscfg.o
 .debug_aranges
                0x00000000       0x88 ..\obj\stm32f30x_syscfg.o
 .debug_ranges  0x00000000       0x78 ..\obj\stm32f30x_syscfg.o
 .debug_line    0x00000000      0x298 ..\obj\stm32f30x_syscfg.o
 .debug_str     0x00000000      0x416 ..\obj\stm32f30x_syscfg.o
 .comment       0x00000000       0x71 ..\obj\stm32f30x_syscfg.o
 .ARM.attributes
                0x00000000       0x33 ..\obj\stm32f30x_syscfg.o
 .debug_frame   0x00000000      0x194 ..\obj\stm32f30x_syscfg.o
 .text          0x00000000        0x0 ..\obj\stm32f30x_pwr.o
 .data          0x00000000        0x0 ..\obj\stm32f30x_pwr.o
 .bss           0x00000000        0x0 ..\obj\stm32f30x_pwr.o
 .text.PWR_DeInit
                0x00000000       0x1c ..\obj\stm32f30x_pwr.o
 .text.PWR_BackupAccessCmd
                0x00000000       0x20 ..\obj\stm32f30x_pwr.o
 .text.PWR_PVDLevelConfig
                0x00000000       0x38 ..\obj\stm32f30x_pwr.o
 .text.PWR_PVDCmd
                0x00000000       0x20 ..\obj\stm32f30x_pwr.o
 .text.PWR_WakeUpPinCmd
                0x00000000       0x3c ..\obj\stm32f30x_pwr.o
 .text.PWR_EnterSleepMode
                0x00000000       0x30 ..\obj\stm32f30x_pwr.o
 .text.PWR_EnterSTOPMode
                0x00000000       0x64 ..\obj\stm32f30x_pwr.o
 .text.PWR_EnterSTANDBYMode
                0x00000000       0x3c ..\obj\stm32f30x_pwr.o
 .text.PWR_GetFlagStatus
                0x00000000       0x34 ..\obj\stm32f30x_pwr.o
 .text.PWR_ClearFlag
                0x00000000       0x24 ..\obj\stm32f30x_pwr.o
 .debug_info    0x00000000      0x4de ..\obj\stm32f30x_pwr.o
 .debug_abbrev  0x00000000      0x17f ..\obj\stm32f30x_pwr.o
 .debug_aranges
                0x00000000       0x68 ..\obj\stm32f30x_pwr.o
 .debug_ranges  0x00000000       0x58 ..\obj\stm32f30x_pwr.o
 .debug_line    0x00000000      0x27c ..\obj\stm32f30x_pwr.o
 .debug_str     0x00000000      0x36e ..\obj\stm32f30x_pwr.o
 .comment       0x00000000       0x71 ..\obj\stm32f30x_pwr.o
 .ARM.attributes
                0x00000000       0x33 ..\obj\stm32f30x_pwr.o
 .debug_frame   0x00000000      0x124 ..\obj\stm32f30x_pwr.o
 .text          0x00000000        0x0 ..\obj\stm32f30x_wwdg.o
 .data          0x00000000        0x0 ..\obj\stm32f30x_wwdg.o
 .bss           0x00000000        0x0 ..\obj\stm32f30x_wwdg.o
 .text.WWDG_DeInit
                0x00000000       0x1c ..\obj\stm32f30x_wwdg.o
 .text.WWDG_SetPrescaler
                0x00000000       0x34 ..\obj\stm32f30x_wwdg.o
 .text.WWDG_SetWindowValue
                0x00000000       0x38 ..\obj\stm32f30x_wwdg.o
 .text.WWDG_EnableIT
                0x00000000       0x1c ..\obj\stm32f30x_wwdg.o
 .text.WWDG_SetCounter
                0x00000000       0x24 ..\obj\stm32f30x_wwdg.o
 .text.WWDG_Enable
                0x00000000       0x24 ..\obj\stm32f30x_wwdg.o
 .text.WWDG_GetFlagStatus
                0x00000000       0x30 ..\obj\stm32f30x_wwdg.o
 .text.WWDG_ClearFlag
                0x00000000       0x18 ..\obj\stm32f30x_wwdg.o
 .debug_info    0x00000000      0x25a ..\obj\stm32f30x_wwdg.o
 .debug_abbrev  0x00000000      0x140 ..\obj\stm32f30x_wwdg.o
 .debug_aranges
                0x00000000       0x58 ..\obj\stm32f30x_wwdg.o
 .debug_ranges  0x00000000       0x48 ..\obj\stm32f30x_wwdg.o
 .debug_line    0x00000000      0x218 ..\obj\stm32f30x_wwdg.o
 .debug_str     0x00000000      0x297 ..\obj\stm32f30x_wwdg.o
 .comment       0x00000000       0x71 ..\obj\stm32f30x_wwdg.o
 .ARM.attributes
                0x00000000       0x33 ..\obj\stm32f30x_wwdg.o
 .debug_frame   0x00000000       0xe8 ..\obj\stm32f30x_wwdg.o
 .text          0x00000000        0x0 ..\obj\stm32f30x_can.o
 .data          0x00000000        0x0 ..\obj\stm32f30x_can.o
 .bss           0x00000000        0x0 ..\obj\stm32f30x_can.o
 .text.CAN_DeInit
                0x00000000       0x24 ..\obj\stm32f30x_can.o
 .text.CAN_Init
                0x00000000      0x1a4 ..\obj\stm32f30x_can.o
 .text.CAN_FilterInit
                0x00000000      0x164 ..\obj\stm32f30x_can.o
 .text.CAN_StructInit
                0x00000000       0x54 ..\obj\stm32f30x_can.o
 .text.CAN_SlaveStartBank
                0x00000000       0x60 ..\obj\stm32f30x_can.o
 .text.CAN_DBGFreeze
                0x00000000       0x38 ..\obj\stm32f30x_can.o
 .text.CAN_TTComModeCmd
                0x00000000       0x98 ..\obj\stm32f30x_can.o
 .text.CAN_Transmit
                0x00000000      0x190 ..\obj\stm32f30x_can.o
 .text.CAN_TransmitStatus
                0x00000000       0xd4 ..\obj\stm32f30x_can.o
 .text.CAN_CancelTransmit
                0x00000000       0x50 ..\obj\stm32f30x_can.o
 .text.CAN_Receive
                0x00000000      0x170 ..\obj\stm32f30x_can.o
 .text.CAN_FIFORelease
                0x00000000       0x38 ..\obj\stm32f30x_can.o
 .text.CAN_MessagePending
                0x00000000       0x4c ..\obj\stm32f30x_can.o
 .text.CAN_OperatingModeRequest
                0x00000000       0xfc ..\obj\stm32f30x_can.o
 .text.CAN_Sleep
                0x00000000       0x3c ..\obj\stm32f30x_can.o
 .text.CAN_WakeUp
                0x00000000       0x58 ..\obj\stm32f30x_can.o
 .text.CAN_GetLastErrorCode
                0x00000000       0x28 ..\obj\stm32f30x_can.o
 .text.CAN_GetReceiveErrorCounter
                0x00000000       0x24 ..\obj\stm32f30x_can.o
 .text.CAN_GetLSBTransmitErrorCounter
                0x00000000       0x28 ..\obj\stm32f30x_can.o
 .text.CAN_ITConfig
                0x00000000       0x3c ..\obj\stm32f30x_can.o
 .text.CAN_GetFlagStatus
                0x00000000       0xd0 ..\obj\stm32f30x_can.o
 .text.CAN_ClearFlag
                0x00000000       0x70 ..\obj\stm32f30x_can.o
 .text.CAN_GetITStatus
                0x00000000      0x194 ..\obj\stm32f30x_can.o
 .text.CAN_ClearITPendingBit
                0x00000000       0xdc ..\obj\stm32f30x_can.o
 .text.CheckITStatus
                0x00000000       0x30 ..\obj\stm32f30x_can.o
 .debug_info    0x00000000      0xb9c ..\obj\stm32f30x_can.o
 .debug_abbrev  0x00000000      0x1f3 ..\obj\stm32f30x_can.o
 .debug_aranges
                0x00000000       0xe0 ..\obj\stm32f30x_can.o
 .debug_ranges  0x00000000       0xd0 ..\obj\stm32f30x_can.o
 .debug_line    0x00000000      0x548 ..\obj\stm32f30x_can.o
 .debug_str     0x00000000      0x74a ..\obj\stm32f30x_can.o
 .comment       0x00000000       0x71 ..\obj\stm32f30x_can.o
 .ARM.attributes
                0x00000000       0x33 ..\obj\stm32f30x_can.o
 .debug_frame   0x00000000      0x2d4 ..\obj\stm32f30x_can.o
 .text          0x00000000        0x0 ..\obj\midi.o
 .data          0x00000000        0x0 ..\obj\midi.o
 .bss           0x00000000        0x0 ..\obj\midi.o
 .debug_line    0x00000000        0x0 ..\obj\midi.o
 .debug_str     0x00000000        0x0 ..\obj\midi.o
 .comment       0x00000000       0x71 ..\obj\midi.o
 .ARM.attributes
                0x00000000       0x33 ..\obj\midi.o
 .text          0x00000000        0x0 ..\obj\stm32f30x_dac.o
 .data          0x00000000        0x0 ..\obj\stm32f30x_dac.o
 .bss           0x00000000        0x0 ..\obj\stm32f30x_dac.o
 .text.DAC_DeInit
                0x00000000       0x1c ..\obj\stm32f30x_dac.o
 .text.DAC_Init
                0x00000000       0x64 ..\obj\stm32f30x_dac.o
 .text.DAC_StructInit
                0x00000000       0x2c ..\obj\stm32f30x_dac.o
 .text.DAC_Cmd  0x00000000       0x48 ..\obj\stm32f30x_dac.o
 .text.DAC_SoftwareTriggerCmd
                0x00000000       0x4c ..\obj\stm32f30x_dac.o
 .text.DAC_DualSoftwareTriggerCmd
                0x00000000       0x38 ..\obj\stm32f30x_dac.o
 .text.DAC_WaveGenerationCmd
                0x00000000       0x4c ..\obj\stm32f30x_dac.o
 .text.DAC_SetChannel1Data
                0x00000000       0x34 ..\obj\stm32f30x_dac.o
 .text.DAC_SetChannel2Data
                0x00000000       0x34 ..\obj\stm32f30x_dac.o
 .text.DAC_SetDualChannelData
                0x00000000       0x58 ..\obj\stm32f30x_dac.o
 .text.DAC_GetDataOutputValue
                0x00000000       0x34 ..\obj\stm32f30x_dac.o
 .text.DAC_DMACmd
                0x00000000       0x4c ..\obj\stm32f30x_dac.o
 .text.DAC_ITConfig
                0x00000000       0x4c ..\obj\stm32f30x_dac.o
 .text.DAC_GetFlagStatus
                0x00000000       0x3c ..\obj\stm32f30x_dac.o
 .text.DAC_ClearFlag
                0x00000000       0x24 ..\obj\stm32f30x_dac.o
 .text.DAC_GetITStatus
                0x00000000       0x58 ..\obj\stm32f30x_dac.o
 .text.DAC_ClearITPendingBit
                0x00000000       0x24 ..\obj\stm32f30x_dac.o
 .debug_info    0x00000000      0x63a ..\obj\stm32f30x_dac.o
 .debug_abbrev  0x00000000      0x17c ..\obj\stm32f30x_dac.o
 .debug_aranges
                0x00000000       0xa0 ..\obj\stm32f30x_dac.o
 .debug_ranges  0x00000000       0x90 ..\obj\stm32f30x_dac.o
 .debug_line    0x00000000      0x337 ..\obj\stm32f30x_dac.o
 .debug_str     0x00000000      0x45f ..\obj\stm32f30x_dac.o
 .comment       0x00000000       0x71 ..\obj\stm32f30x_dac.o
 .ARM.attributes
                0x00000000       0x33 ..\obj\stm32f30x_dac.o
 .debug_frame   0x00000000      0x1ec ..\obj\stm32f30x_dac.o
 .text          0x00000000        0x0 ..\obj\stm32f30x_usart.o
 .data          0x00000000        0x0 ..\obj\stm32f30x_usart.o
 .bss           0x00000000        0x0 ..\obj\stm32f30x_usart.o
 .text.USART_DeInit
                0x00000000       0xb8 ..\obj\stm32f30x_usart.o
 .text.USART_Init
                0x00000000      0x174 ..\obj\stm32f30x_usart.o
 .text.USART_StructInit
                0x00000000       0x38 ..\obj\stm32f30x_usart.o
 .text.USART_ClockInit
                0x00000000       0x48 ..\obj\stm32f30x_usart.o
 .text.USART_ClockStructInit
                0x00000000       0x2c ..\obj\stm32f30x_usart.o
 .text.USART_Cmd
                0x00000000       0x38 ..\obj\stm32f30x_usart.o
 .text.USART_DirectionModeCmd
                0x00000000       0x3c ..\obj\stm32f30x_usart.o
 .text.USART_OverSampling8Cmd
                0x00000000       0x38 ..\obj\stm32f30x_usart.o
 .text.USART_OneBitMethodCmd
                0x00000000       0x38 ..\obj\stm32f30x_usart.o
 .text.USART_MSBFirstCmd
                0x00000000       0x38 ..\obj\stm32f30x_usart.o
 .text.USART_DataInvCmd
                0x00000000       0x38 ..\obj\stm32f30x_usart.o
 .text.USART_InvPinCmd
                0x00000000       0x3c ..\obj\stm32f30x_usart.o
 .text.USART_SWAPPinCmd
                0x00000000       0x38 ..\obj\stm32f30x_usart.o
 .text.USART_ReceiverTimeOutCmd
                0x00000000       0x38 ..\obj\stm32f30x_usart.o
 .text.USART_SetReceiverTimeOut
                0x00000000       0x2c ..\obj\stm32f30x_usart.o
 .text.USART_SetPrescaler
                0x00000000       0x38 ..\obj\stm32f30x_usart.o
 .text.USART_STOPModeCmd
                0x00000000       0x38 ..\obj\stm32f30x_usart.o
 .text.USART_StopModeWakeUpSourceConfig
                0x00000000       0x2c ..\obj\stm32f30x_usart.o
 .text.USART_AutoBaudRateCmd
                0x00000000       0x38 ..\obj\stm32f30x_usart.o
 .text.USART_AutoBaudRateConfig
                0x00000000       0x2c ..\obj\stm32f30x_usart.o
 .text.USART_SendData
                0x00000000       0x24 ..\obj\stm32f30x_usart.o
 .text.USART_ReceiveData
                0x00000000       0x20 ..\obj\stm32f30x_usart.o
 .text.USART_SetAddress
                0x00000000       0x30 ..\obj\stm32f30x_usart.o
 .text.USART_MuteModeCmd
                0x00000000       0x38 ..\obj\stm32f30x_usart.o
 .text.USART_MuteModeWakeUpConfig
                0x00000000       0x2c ..\obj\stm32f30x_usart.o
 .text.USART_AddressDetectionConfig
                0x00000000       0x2c ..\obj\stm32f30x_usart.o
 .text.USART_LINBreakDetectLengthConfig
                0x00000000       0x2c ..\obj\stm32f30x_usart.o
 .text.USART_LINCmd
                0x00000000       0x38 ..\obj\stm32f30x_usart.o
 .text.USART_HalfDuplexCmd
                0x00000000       0x38 ..\obj\stm32f30x_usart.o
 .text.USART_SetGuardTime
                0x00000000       0x3c ..\obj\stm32f30x_usart.o
 .text.USART_SmartCardCmd
                0x00000000       0x38 ..\obj\stm32f30x_usart.o
 .text.USART_SmartCardNACKCmd
                0x00000000       0x38 ..\obj\stm32f30x_usart.o
 .text.USART_SetAutoRetryCount
                0x00000000       0x30 ..\obj\stm32f30x_usart.o
 .text.USART_SetBlockLength
                0x00000000       0x30 ..\obj\stm32f30x_usart.o
 .text.USART_IrDAConfig
                0x00000000       0x2c ..\obj\stm32f30x_usart.o
 .text.USART_IrDACmd
                0x00000000       0x38 ..\obj\stm32f30x_usart.o
 .text.USART_DECmd
                0x00000000       0x38 ..\obj\stm32f30x_usart.o
 .text.USART_DEPolarityConfig
                0x00000000       0x2c ..\obj\stm32f30x_usart.o
 .text.USART_SetDEAssertionTime
                0x00000000       0x30 ..\obj\stm32f30x_usart.o
 .text.USART_SetDEDeassertionTime
                0x00000000       0x30 ..\obj\stm32f30x_usart.o
 .text.USART_DMACmd
                0x00000000       0x3c ..\obj\stm32f30x_usart.o
 .text.USART_DMAReceptionErrorConfig
                0x00000000       0x2c ..\obj\stm32f30x_usart.o
 .text.USART_ITConfig
                0x00000000       0x84 ..\obj\stm32f30x_usart.o
 .text.USART_RequestCmd
                0x00000000       0x48 ..\obj\stm32f30x_usart.o
 .text.USART_OverrunDetectionConfig
                0x00000000       0x2c ..\obj\stm32f30x_usart.o
 .text.USART_GetFlagStatus
                0x00000000       0x34 ..\obj\stm32f30x_usart.o
 .text.USART_ClearITPendingBit
                0x00000000       0x34 ..\obj\stm32f30x_usart.o
 .text          0x00000000        0x0 c:/program files (x86)/arm gcc/bin/../lib/gcc/arm-none-eabi/4.8.4/../../../../arm-none-eabi/lib/armv7e-m\libg.a(lib_a-exit.o)
 .data          0x00000000        0x0 c:/program files (x86)/arm gcc/bin/../lib/gcc/arm-none-eabi/4.8.4/../../../../arm-none-eabi/lib/armv7e-m\libg.a(lib_a-exit.o)
 .bss           0x00000000        0x0 c:/program files (x86)/arm gcc/bin/../lib/gcc/arm-none-eabi/4.8.4/../../../../arm-none-eabi/lib/armv7e-m\libg.a(lib_a-exit.o)
 .text.exit     0x00000000       0x20 c:/program files (x86)/arm gcc/bin/../lib/gcc/arm-none-eabi/4.8.4/../../../../arm-none-eabi/lib/armv7e-m\libg.a(lib_a-exit.o)
 .ARM.attributes
                0x00000000       0x2e c:/program files (x86)/arm gcc/bin/../lib/gcc/arm-none-eabi/4.8.4/../../../../arm-none-eabi/lib/armv7e-m\libg.a(lib_a-exit.o)
 .debug_frame   0x00000000       0x28 c:/program files (x86)/arm gcc/bin/../lib/gcc/arm-none-eabi/4.8.4/../../../../arm-none-eabi/lib/armv7e-m\libg.a(lib_a-exit.o)
 .text          0x00000000        0x0 c:/program files (x86)/arm gcc/bin/../lib/gcc/arm-none-eabi/4.8.4/../../../../arm-none-eabi/lib/armv7e-m\libg.a(lib_a-impure.o)
 .data          0x00000000        0x0 c:/program files (x86)/arm gcc/bin/../lib/gcc/arm-none-eabi/4.8.4/../../../../arm-none-eabi/lib/armv7e-m\libg.a(lib_a-impure.o)
 .bss           0x00000000        0x0 c:/program files (x86)/arm gcc/bin/../lib/gcc/arm-none-eabi/4.8.4/../../../../arm-none-eabi/lib/armv7e-m\libg.a(lib_a-impure.o)
 .data._impure_ptr
                0x00000000        0x4 c:/program files (x86)/arm gcc/bin/../lib/gcc/arm-none-eabi/4.8.4/../../../../arm-none-eabi/lib/armv7e-m\libg.a(lib_a-impure.o)
 .text          0x00000000        0x0 c:/program files (x86)/arm gcc/bin/../lib/gcc/arm-none-eabi/4.8.4/../../../../arm-none-eabi/lib/armv7e-m\libg.a(lib_a-init.o)
 .data          0x00000000        0x0 c:/program files (x86)/arm gcc/bin/../lib/gcc/arm-none-eabi/4.8.4/../../../../arm-none-eabi/lib/armv7e-m\libg.a(lib_a-init.o)
 .bss           0x00000000        0x0 c:/program files (x86)/arm gcc/bin/../lib/gcc/arm-none-eabi/4.8.4/../../../../arm-none-eabi/lib/armv7e-m\libg.a(lib_a-init.o)
 .text.__libc_init_array
                0x00000000       0x50 c:/program files (x86)/arm gcc/bin/../lib/gcc/arm-none-eabi/4.8.4/../../../../arm-none-eabi/lib/armv7e-m\libg.a(lib_a-init.o)
 .ARM.attributes
                0x00000000       0x2e c:/program files (x86)/arm gcc/bin/../lib/gcc/arm-none-eabi/4.8.4/../../../../arm-none-eabi/lib/armv7e-m\libg.a(lib_a-init.o)
 .debug_frame   0x00000000       0x2c c:/program files (x86)/arm gcc/bin/../lib/gcc/arm-none-eabi/4.8.4/../../../../arm-none-eabi/lib/armv7e-m\libg.a(lib_a-init.o)
 .text          0x00000000        0x0 c:/program files (x86)/arm gcc/bin/../lib/gcc/arm-none-eabi/4.8.4/../../../../arm-none-eabi/lib/armv7e-m\libg.a(lib_a-memset.o)
 .data          0x00000000        0x0 c:/program files (x86)/arm gcc/bin/../lib/gcc/arm-none-eabi/4.8.4/../../../../arm-none-eabi/lib/armv7e-m\libg.a(lib_a-memset.o)
 .bss           0x00000000        0x0 c:/program files (x86)/arm gcc/bin/../lib/gcc/arm-none-eabi/4.8.4/../../../../arm-none-eabi/lib/armv7e-m\libg.a(lib_a-memset.o)
 .text.memset   0x00000000       0x94 c:/program files (x86)/arm gcc/bin/../lib/gcc/arm-none-eabi/4.8.4/../../../../arm-none-eabi/lib/armv7e-m\libg.a(lib_a-memset.o)
 .ARM.attributes
                0x00000000       0x2e c:/program files (x86)/arm gcc/bin/../lib/gcc/arm-none-eabi/4.8.4/../../../../arm-none-eabi/lib/armv7e-m\libg.a(lib_a-memset.o)
 .debug_frame   0x00000000       0x2c c:/program files (x86)/arm gcc/bin/../lib/gcc/arm-none-eabi/4.8.4/../../../../arm-none-eabi/lib/armv7e-m\libg.a(lib_a-memset.o)
 .text          0x00000000        0x0 c:/program files (x86)/arm gcc/bin/../lib/gcc/arm-none-eabi/4.8.4/../../../../arm-none-eabi/lib/armv7e-m\libg.a(lib_a-__call_atexit.o)
 .data          0x00000000        0x0 c:/program files (x86)/arm gcc/bin/../lib/gcc/arm-none-eabi/4.8.4/../../../../arm-none-eabi/lib/armv7e-m\libg.a(lib_a-__call_atexit.o)
 .bss           0x00000000        0x0 c:/program files (x86)/arm gcc/bin/../lib/gcc/arm-none-eabi/4.8.4/../../../../arm-none-eabi/lib/armv7e-m\libg.a(lib_a-__call_atexit.o)
 .text.__call_exitprocs
                0x00000000       0xf0 c:/program files (x86)/arm gcc/bin/../lib/gcc/arm-none-eabi/4.8.4/../../../../arm-none-eabi/lib/armv7e-m\libg.a(lib_a-__call_atexit.o)
 .text          0x00000000        0x0 c:/program files (x86)/arm gcc/bin/../lib/gcc/arm-none-eabi/4.8.4/../../../../arm-none-eabi/lib/armv7e-m\libg.a(lib_a-atexit.o)
 .data          0x00000000        0x0 c:/program files (x86)/arm gcc/bin/../lib/gcc/arm-none-eabi/4.8.4/../../../../arm-none-eabi/lib/armv7e-m\libg.a(lib_a-atexit.o)
 .bss           0x00000000        0x0 c:/program files (x86)/arm gcc/bin/../lib/gcc/arm-none-eabi/4.8.4/../../../../arm-none-eabi/lib/armv7e-m\libg.a(lib_a-atexit.o)
 .text          0x00000000        0x0 c:/program files (x86)/arm gcc/bin/../lib/gcc/arm-none-eabi/4.8.4/../../../../arm-none-eabi/lib/armv7e-m\libg.a(lib_a-fini.o)
 .data          0x00000000        0x0 c:/program files (x86)/arm gcc/bin/../lib/gcc/arm-none-eabi/4.8.4/../../../../arm-none-eabi/lib/armv7e-m\libg.a(lib_a-fini.o)
 .bss           0x00000000        0x0 c:/program files (x86)/arm gcc/bin/../lib/gcc/arm-none-eabi/4.8.4/../../../../arm-none-eabi/lib/armv7e-m\libg.a(lib_a-fini.o)
 .text          0x00000000        0x0 c:/program files (x86)/arm gcc/bin/../lib/gcc/arm-none-eabi/4.8.4/../../../../arm-none-eabi/lib/armv7e-m\libg.a(lib_a-__atexit.o)
 .data          0x00000000        0x0 c:/program files (x86)/arm gcc/bin/../lib/gcc/arm-none-eabi/4.8.4/../../../../arm-none-eabi/lib/armv7e-m\libg.a(lib_a-__atexit.o)
 .bss           0x00000000        0x0 c:/program files (x86)/arm gcc/bin/../lib/gcc/arm-none-eabi/4.8.4/../../../../arm-none-eabi/lib/armv7e-m\libg.a(lib_a-__atexit.o)
 .text          0x00000000        0x0 c:/program files (x86)/arm gcc/bin/../lib/gcc/arm-none-eabi/4.8.4/armv7e-m/crtend.o
 .data          0x00000000        0x0 c:/program files (x86)/arm gcc/bin/../lib/gcc/arm-none-eabi/4.8.4/armv7e-m/crtend.o
 .bss           0x00000000        0x0 c:/program files (x86)/arm gcc/bin/../lib/gcc/arm-none-eabi/4.8.4/armv7e-m/crtend.o
 .eh_frame      0x00000000        0x4 c:/program files (x86)/arm gcc/bin/../lib/gcc/arm-none-eabi/4.8.4/armv7e-m/crtend.o
 .text          0x00000000        0x0 c:/program files (x86)/arm gcc/bin/../lib/gcc/arm-none-eabi/4.8.4/armv7e-m/crtn.o
 .data          0x00000000        0x0 c:/program files (x86)/arm gcc/bin/../lib/gcc/arm-none-eabi/4.8.4/armv7e-m/crtn.o
 .bss           0x00000000        0x0 c:/program files (x86)/arm gcc/bin/../lib/gcc/arm-none-eabi/4.8.4/armv7e-m/crtn.o

Memory Configuration

Name             Origin             Length             Attributes
rom              0x08000000         0x00010000         xr
ram              0x20000000         0x00004000         xrw
*default*        0x00000000         0xffffffff

Linker script and memory map

LOAD c:/program files (x86)/arm gcc/bin/../lib/gcc/arm-none-eabi/4.8.4/armv7e-m/crti.o
LOAD c:/program files (x86)/arm gcc/bin/../lib/gcc/arm-none-eabi/4.8.4/armv7e-m/crtbegin.o
LOAD c:/program files (x86)/arm gcc/bin/../lib/gcc/arm-none-eabi/4.8.4/../../../../arm-none-eabi/lib/armv7e-m/crt0.o
                0x20004000                _eram = 0x20004000

.text           0x08000000     0x1c28
 *(.isr_vector)
 .isr_vector    0x08000000      0x188 ..\obj\startup_stm32f30x.o
                0x08000000                g_pfnVectors
 *(.text*)
 .text          0x08000188       0x54 c:/program files (x86)/arm gcc/bin/../lib/gcc/arm-none-eabi/4.8.4/armv7e-m/crtbegin.o
 .text.RCC_DeInit
                0x080001dc       0x7c ..\obj\stm32f30x_rcc.o
                0x080001dc                RCC_DeInit
 .text.RCC_PLLConfig
                0x08000258       0x34 ..\obj\stm32f30x_rcc.o
                0x08000258                RCC_PLLConfig
 .text.RCC_PLLCmd
                0x0800028c       0x20 ..\obj\stm32f30x_rcc.o
                0x0800028c                RCC_PLLCmd
 .text.RCC_SYSCLKConfig
                0x080002ac       0x38 ..\obj\stm32f30x_rcc.o
                0x080002ac                RCC_SYSCLKConfig
 .text.RCC_GetSYSCLKSource
                0x080002e4       0x20 ..\obj\stm32f30x_rcc.o
                0x080002e4                RCC_GetSYSCLKSource
 .text.RCC_HCLKConfig
                0x08000304       0x38 ..\obj\stm32f30x_rcc.o
                0x08000304                RCC_HCLKConfig
 .text.RCC_AHBPeriphClockCmd
                0x0800033c       0x3c ..\obj\stm32f30x_rcc.o
                0x0800033c                RCC_AHBPeriphClockCmd
 .text.RCC_APB2PeriphClockCmd
                0x08000378       0x3c ..\obj\stm32f30x_rcc.o
                0x08000378                RCC_APB2PeriphClockCmd
 .text.RCC_APB1PeriphClockCmd
                0x080003b4       0x3c ..\obj\stm32f30x_rcc.o
                0x080003b4                RCC_APB1PeriphClockCmd
 .text.RCC_GetFlagStatus
                0x080003f0       0x84 ..\obj\stm32f30x_rcc.o
                0x080003f0                RCC_GetFlagStatus
 .text.FLASH_SetLatency
                0x08000474       0x38 ..\obj\stm32f30x_flash.o
                0x08000474                FLASH_SetLatency
 .text.FLASH_PrefetchBufferCmd
                0x080004ac       0x38 ..\obj\stm32f30x_flash.o
                0x080004ac                FLASH_PrefetchBufferCmd
 .text.PowerInit
                0x080004e4      0x298 ..\obj\hal_init.o
                0x080004e4                PowerInit
 .text.GPIO_Init
                0x0800077c      0x128 ..\obj\stm32f30x_gpio.o
                0x0800077c                GPIO_Init
 .text.GPIO_ReadInputDataBit
                0x080008a4       0x38 ..\obj\stm32f30x_gpio.o
                0x080008a4                GPIO_ReadInputDataBit
 .text.GPIO_SetBits
                0x080008dc       0x1c ..\obj\stm32f30x_gpio.o
                0x080008dc                GPIO_SetBits
 .text.GPIO_ResetBits
                0x080008f8       0x1c ..\obj\stm32f30x_gpio.o
                0x080008f8                GPIO_ResetBits
 .text.GPIO_WriteBit
                0x08000914       0x30 ..\obj\stm32f30x_gpio.o
                0x08000914                GPIO_WriteBit
 .text.GPIO_PinAFConfig
                0x08000944       0x8c ..\obj\stm32f30x_gpio.o
                0x08000944                GPIO_PinAFConfig
 .text.NVIC_SetPriority
                0x080009d0       0x54 ..\obj\main.o
 .text.SysTick_Config
                0x08000a24       0x44 ..\obj\main.o
 .text.SysTick_Handler
                0x08000a68       0x30 ..\obj\main.o
                0x08000a68                SysTick_Handler
 .text.USART2_IRQHandler
                0x08000a98       0x24 ..\obj\main.o
                0x08000a98                USART2_IRQHandler
 .text.delay_ms
                0x08000abc       0x28 ..\obj\main.o
                0x08000abc                delay_ms
 .text.main     0x08000ae4      0x1f4 ..\obj\main.o
                0x08000ae4                main
 .text.Display_init
                0x08000cd8       0xc4 ..\obj\display.o
                0x08000cd8                Display_init
 .text.Display_setPoint
                0x08000d9c      0x170 ..\obj\display.o
                0x08000d9c                Display_setPoint
 .text.Display_setNum
                0x08000f0c      0x1e8 ..\obj\display.o
                0x08000f0c                Display_setNum
 .text.Display_setText
                0x080010f4      0x12c ..\obj\display.o
                0x080010f4                Display_setText
 .text.Display_callback
                0x08001220      0x118 ..\obj\display.o
                0x08001220                Display_callback
 .text.SPI_Init
                0x08001338      0x114 ..\obj\stm32f30x_spi.o
                0x08001338                SPI_Init
 .text.SPI_Cmd  0x0800144c       0x40 ..\obj\stm32f30x_spi.o
                0x0800144c                SPI_Cmd
 .text.SPI_NSSInternalSoftwareConfig
                0x0800148c       0x44 ..\obj\stm32f30x_spi.o
                0x0800148c                SPI_NSSInternalSoftwareConfig
 .text.SPI_I2S_SendData16
                0x080014d0       0x1c ..\obj\stm32f30x_spi.o
                0x080014d0                SPI_I2S_SendData16
 .text.SPI_I2S_GetFlagStatus
                0x080014ec       0x38 ..\obj\stm32f30x_spi.o
                0x080014ec                SPI_I2S_GetFlagStatus
 .text.SystemInit1
                0x08001524       0x80 ..\obj\system_stm32f30x_temp.o
                0x08001524                SystemInit
                0x08001524                SystemInit1
 .text.SetSysClock1
                0x080015a4       0xe0 ..\obj\system_stm32f30x_temp.o
                0x080015a4                SetSysClock
 .text.TIM_TimeBaseInit
                0x08001684       0xec ..\obj\stm32f30x_tim.o
                0x08001684                TIM_TimeBaseInit
 .text.TIM_ARRPreloadConfig
                0x08001770       0x40 ..\obj\stm32f30x_tim.o
                0x08001770                TIM_ARRPreloadConfig
 .text.TIM_Cmd  0x080017b0       0x40 ..\obj\stm32f30x_tim.o
                0x080017b0                TIM_Cmd
 .text.TIM_OC1Init
                0x080017f0      0x118 ..\obj\stm32f30x_tim.o
                0x080017f0                TIM_OC1Init
 .text.TIM_OCStructInit
                0x08001908       0x44 ..\obj\stm32f30x_tim.o
                0x08001908                TIM_OCStructInit
 .text.TIM_OC1PreloadConfig
                0x0800194c       0x38 ..\obj\stm32f30x_tim.o
                0x0800194c                TIM_OC1PreloadConfig
 .text.TIM_CtrlPWMOutputs
                0x08001984       0x38 ..\obj\stm32f30x_tim.o
                0x08001984                TIM_CtrlPWMOutputs
 .text.Reset_Handler
                0x080019bc       0x4c ..\obj\startup_stm32f30x.o
                0x080019bc                Reset_Handler
 .text.Default_Handler
                0x08001a08        0x4 ..\obj\startup_stm32f30x.o
                0x08001a08                RTC_Alarm_IRQHandler
                0x08001a08                TIM8_TRG_COM_IRQHandler
                0x08001a08                TIM8_CC_IRQHandler
                0x08001a08                DebugMon_Handler
                0x08001a08                TIM1_CC_IRQHandler
                0x08001a08                HardFault_Handler
                0x08001a08                USB_HP_IRQHandler
                0x08001a08                PVD_IRQHandler
                0x08001a08                PendSV_Handler
                0x08001a08                NMI_Handler
                0x08001a08                EXTI3_IRQHandler
                0x08001a08                EXTI0_IRQHandler
                0x08001a08                I2C2_EV_IRQHandler
                0x08001a08                FPU_IRQHandler
                0x08001a08                EXTI2_TS_IRQHandler
                0x08001a08                TIM1_UP_TIM16_IRQHandler
                0x08001a08                UsageFault_Handler
                0x08001a08                ADC1_2_IRQHandler
                0x08001a08                SPI1_IRQHandler
                0x08001a08                TIM6_DAC_IRQHandler
                0x08001a08                TIM8_UP_IRQHandler
                0x08001a08                DMA2_Channel2_IRQHandler
                0x08001a08                DMA1_Channel4_IRQHandler
                0x08001a08                USART3_IRQHandler
                0x08001a08                DMA1_Channel7_IRQHandler
                0x08001a08                CAN1_RX1_IRQHandler
                0x08001a08                UART5_IRQHandler
                0x08001a08                ADC3_IRQHandler
                0x08001a08                TIM4_IRQHandler
                0x08001a08                DMA2_Channel1_IRQHandler
                0x08001a08                I2C1_EV_IRQHandler
                0x08001a08                DMA1_Channel6_IRQHandler
                0x08001a08                UART4_IRQHandler
                0x08001a08                DMA2_Channel4_IRQHandler
                0x08001a08                TIM3_IRQHandler
                0x08001a08                RCC_IRQHandler
                0x08001a08                DMA1_Channel1_IRQHandler
                0x08001a08                Default_Handler
                0x08001a08                USBWakeUp_RMP_IRQHandler
                0x08001a08                EXTI15_10_IRQHandler
                0x08001a08                TIM7_IRQHandler
                0x08001a08                EXTI9_5_IRQHandler
                0x08001a08                TAMPER_STAMP_IRQHandler
                0x08001a08                RTC_WKUP_IRQHandler
                0x08001a08                SPI2_IRQHandler
                0x08001a08                MemManage_Handler
                0x08001a08                SVC_Handler
                0x08001a08                DMA2_Channel5_IRQHandler
                0x08001a08                DMA1_Channel5_IRQHandler
                0x08001a08                USB_LP_IRQHandler
                0x08001a08                EXTI4_IRQHandler
                0x08001a08                USB_LP_CAN1_RX0_IRQHandler
                0x08001a08                TIM1_TRG_COM_TIM17_IRQHandler
                0x08001a08                USB_HP_CAN1_TX_IRQHandler
                0x08001a08                DMA1_Channel3_IRQHandler
                0x08001a08                ADC4_IRQHandler
                0x08001a08                WWDG_IRQHandler
                0x08001a08                TIM2_IRQHandler
                0x08001a08                COMP7_IRQHandler
                0x08001a08                COMP1_2_3_IRQHandler
                0x08001a08                EXTI1_IRQHandler
                0x08001a08                COMP4_5_6_IRQHandler
                0x08001a08                I2C2_ER_IRQHandler
                0x08001a08                DMA1_Channel2_IRQHandler
                0x08001a08                TIM8_BRK_IRQHandler
                0x08001a08                CAN1_SCE_IRQHandler
                0x08001a08                FLASH_IRQHandler
                0x08001a08                BusFault_Handler
                0x08001a08                USART1_IRQHandler
                0x08001a08                SPI3_IRQHandler
                0x08001a08                I2C1_ER_IRQHandler
                0x08001a08                USBWakeUp_IRQHandler
                0x08001a08                DMA2_Channel3_IRQHandler
                0x08001a08                TIM1_BRK_TIM15_IRQHandler
 .text.USART_ClearFlag
                0x08001a0c       0x1c ..\obj\stm32f30x_usart.o
                0x08001a0c                USART_ClearFlag
 .text.USART_GetITStatus
                0x08001a28       0xa0 ..\obj\stm32f30x_usart.o
                0x08001a28                USART_GetITStatus
 .text.startup.register_fini
                0x08001ac8       0x14 c:/program files (x86)/arm gcc/bin/../lib/gcc/arm-none-eabi/4.8.4/../../../../arm-none-eabi/lib/armv7e-m\libg.a(lib_a-__call_atexit.o)
 .text.atexit   0x08001adc        0xc c:/program files (x86)/arm gcc/bin/../lib/gcc/arm-none-eabi/4.8.4/../../../../arm-none-eabi/lib/armv7e-m\libg.a(lib_a-atexit.o)
                0x08001adc                atexit
 .text.__libc_fini_array
                0x08001ae8       0x30 c:/program files (x86)/arm gcc/bin/../lib/gcc/arm-none-eabi/4.8.4/../../../../arm-none-eabi/lib/armv7e-m\libg.a(lib_a-fini.o)
                0x08001ae8                __libc_fini_array
 .text.__register_exitproc
                0x08001b18       0xa8 c:/program files (x86)/arm gcc/bin/../lib/gcc/arm-none-eabi/4.8.4/../../../../arm-none-eabi/lib/armv7e-m\libg.a(lib_a-__atexit.o)
                0x08001b18                __register_exitproc
 *(.init)
 .init          0x08001bc0        0x4 c:/program files (x86)/arm gcc/bin/../lib/gcc/arm-none-eabi/4.8.4/armv7e-m/crti.o
                0x08001bc0                _init
 .init          0x08001bc4        0x8 c:/program files (x86)/arm gcc/bin/../lib/gcc/arm-none-eabi/4.8.4/armv7e-m/crtn.o
 *(.fini)
 .fini          0x08001bcc        0x4 c:/program files (x86)/arm gcc/bin/../lib/gcc/arm-none-eabi/4.8.4/armv7e-m/crti.o
                0x08001bcc                _fini
 .fini          0x08001bd0        0x8 c:/program files (x86)/arm gcc/bin/../lib/gcc/arm-none-eabi/4.8.4/armv7e-m/crtn.o
 *crtbegin.o(.ctors)
 *crtbegin?.o(.ctors)
 *(EXCLUDE_FILE(*crtend.o *crtend?.o) .ctors)
 *(SORT(.ctors.*))
 *(.ctors)
 *crtbegin.o(.dtors)
 *crtbegin?.o(.dtors)
 *(EXCLUDE_FILE(*crtend.o *crtend?.o) .dtors)
 *(SORT(.dtors.*))
 *(.dtors)
 *(.rodata*)
 .rodata        0x08001bd8        0xc ..\obj\main.o
 .rodata        0x08001be4       0x3c ..\obj\display.o
 .rodata.str1.4
                0x08001c20        0x4 c:/program files (x86)/arm gcc/bin/../lib/gcc/arm-none-eabi/4.8.4/../../../../arm-none-eabi/lib/armv7e-m\libg.a(lib_a-impure.o)
 .rodata._global_impure_ptr
                0x08001c24        0x4 c:/program files (x86)/arm gcc/bin/../lib/gcc/arm-none-eabi/4.8.4/../../../../arm-none-eabi/lib/armv7e-m\libg.a(lib_a-impure.o)
                0x08001c24                _global_impure_ptr
 *(.eh_fram e*)

.eh_frame       0x08001c28        0x0
 .eh_frame      0x08001c28        0x0 c:/program files (x86)/arm gcc/bin/../lib/gcc/arm-none-eabi/4.8.4/armv7e-m/crtbegin.o

.glue_7         0x08001c28        0x0
 .glue_7        0x00000000        0x0 linker stubs

.glue_7t        0x08001c28        0x0
 .glue_7t       0x00000000        0x0 linker stubs

.vfp11_veneer   0x08001c28        0x0
 .vfp11_veneer  0x00000000        0x0 linker stubs

.v4_bx          0x08001c28        0x0
 .v4_bx         0x00000000        0x0 linker stubs

.iplt           0x08001c28        0x0
 .iplt          0x00000000        0x0 c:/program files (x86)/arm gcc/bin/../lib/gcc/arm-none-eabi/4.8.4/armv7e-m/crtbegin.o

.rel.dyn        0x08001c28        0x0
 .rel.iplt      0x00000000        0x0 c:/program files (x86)/arm gcc/bin/../lib/gcc/arm-none-eabi/4.8.4/armv7e-m/crtbegin.o

.ARM.extab
 *(.ARM.extab* .gnu.linkonce.armextab.*)
                0x08001c28                __exidx_start = .

.ARM.exidx
 *(.ARM.exidx* .gnu.linkonce.armexidx.*)
                0x08001c28                __exidx_end = .
                0x08001c28                __etext = .
                0x08001c28                _sidata = __etext

.data           0x20000000      0x438 load address 0x08001c28
                0x20000000                __data_start__ = .
                0x20000000                _sdata = __data_start__
 *(vtable)
 *(.data*)
 .data.impure_data
                0x20000000      0x428 c:/program files (x86)/arm gcc/bin/../lib/gcc/arm-none-eabi/4.8.4/../../../../arm-none-eabi/lib/armv7e-m\libg.a(lib_a-impure.o)
                0x20000428                . = ALIGN (0x4)
                0x20000428                PROVIDE (__preinit_array_start, .)
 *(.preinit_array)
                0x20000428                PROVIDE (__preinit_array_end, .)
                0x20000428                . = ALIGN (0x4)
                0x20000428                PROVIDE (__init_array_start, .)
 *(SORT(.init_array.*))
 .init_array.00000
                0x20000428        0x4 c:/program files (x86)/arm gcc/bin/../lib/gcc/arm-none-eabi/4.8.4/../../../../arm-none-eabi/lib/armv7e-m\libg.a(lib_a-__call_atexit.o)
 *(.init_array)
 .init_array    0x2000042c        0x4 c:/program files (x86)/arm gcc/bin/../lib/gcc/arm-none-eabi/4.8.4/armv7e-m/crtbegin.o
                0x20000430                PROVIDE (__init_array_end, .)
                0x20000430                . = ALIGN (0x4)
                0x20000430                PROVIDE (__fini_array_start, .)
 *(SORT(.fini_array.*))
 *(.fini_array)
 .fini_array    0x20000430        0x4 c:/program files (x86)/arm gcc/bin/../lib/gcc/arm-none-eabi/4.8.4/armv7e-m/crtbegin.o
                0x20000434                PROVIDE (__fini_array_end, .)
 *(.jcr*)
 .jcr           0x20000434        0x0 c:/program files (x86)/arm gcc/bin/../lib/gcc/arm-none-eabi/4.8.4/armv7e-m/crtbegin.o
 .jcr           0x20000434        0x4 c:/program files (x86)/arm gcc/bin/../lib/gcc/arm-none-eabi/4.8.4/armv7e-m/crtend.o
                0x20000438                . = ALIGN (0x4)
                0x20000438                __data_end__ = .
                0x20000438                _edata = __data_end__

.igot.plt       0x20000438        0x0 load address 0x08002060
 .igot.plt      0x00000000        0x0 c:/program files (x86)/arm gcc/bin/../lib/gcc/arm-none-eabi/4.8.4/armv7e-m/crtbegin.o

.bss            0x20000438       0x3c load address 0x08002060
                0x20000438                . = ALIGN (0x4)
                0x20000438                __bss_start__ = .
                0x20000438                _sbss = __bss_start__
 *(.bss*)
 .bss           0x20000438       0x1c c:/program files (x86)/arm gcc/bin/../lib/gcc/arm-none-eabi/4.8.4/armv7e-m/crtbegin.o
 .bss           0x20000454       0x10 ..\obj\main.o
                0x20000454                delayCounter
                0x20000458                SysTickMSCounter
 .bss           0x20000464       0x10 ..\obj\display.o
 *(COMMON)
                0x20000474                . = ALIGN (0x4)
                0x20000474                __bss_end__ = .
                0x20000474                _ebss = __bss_end__

.heap           0x20000474        0x0
                0x20000474                __end__ = .
                0x20000474                _end = __end__
                0x20000474                end = __end__
 *(.heap*)
                0x20000474                __HeapLimit = .

.co_stack       0x20000474        0x4 load address 0x0800209c
                0x20000478                . = ALIGN (0x8)
 *fill*         0x20000474        0x4 
 *(.co_stack .co_stack.*)
                0x20004000                __StackTop = (ORIGIN (ram) + 0x4000)
                0x20003ffc                __StackLimit = (__StackTop - SIZEOF (.co_stack))
                0x20004000                PROVIDE (__stack, __StackTop)
                0x00000001                ASSERT ((__StackLimit >= __HeapLimit), region ram  overflowed with stack)
LOAD ..\obj\stm32f30x_iwdg.o
LOAD ..\obj\stm32f30x_opamp.o
LOAD ..\obj\stm32f30x_crc.o
LOAD ..\obj\stm32f30x_rcc.o
LOAD ..\obj\stm32f30x_flash.o
LOAD ..\obj\stm32f30x_adc.o
LOAD ..\obj\hal_init.o
LOAD ..\obj\stm32f30x_gpio.o
LOAD ..\obj\main.o
LOAD ..\obj\stm32f30x_dma.o
LOAD ..\obj\display.o
LOAD ..\obj\stm32f30x_exti.o
LOAD ..\obj\stm32f30x_spi.o
LOAD ..\obj\system_stm32f30x_temp.o
LOAD ..\obj\stm32f30x_misc.o
LOAD ..\obj\pulse.o
LOAD ..\obj\stm32f30x_tim.o
LOAD ..\obj\startup_stm32f30x.o
LOAD ..\obj\stm32f30x_syscfg.o
LOAD ..\obj\stm32f30x_pwr.o
LOAD ..\obj\stm32f30x_wwdg.o
LOAD ..\obj\stm32f30x_can.o
LOAD ..\obj\midi.o
LOAD ..\obj\stm32f30x_dac.o
LOAD ..\obj\stm32f30x_usart.o
START GROUP
LOAD c:/program files (x86)/arm gcc/bin/../lib/gcc/arm-none-eabi/4.8.4/armv7e-m\libgcc.a
LOAD c:/program files (x86)/arm gcc/bin/../lib/gcc/arm-none-eabi/4.8.4/../../../../arm-none-eabi/lib/armv7e-m\libg.a
LOAD c:/program files (x86)/arm gcc/bin/../lib/gcc/arm-none-eabi/4.8.4/../../../../arm-none-eabi/lib/armv7e-m\libc.a
END GROUP
LOAD c:/program files (x86)/arm gcc/bin/../lib/gcc/arm-none-eabi/4.8.4/armv7e-m/crtend.o
LOAD c:/program files (x86)/arm gcc/bin/../lib/gcc/arm-none-eabi/4.8.4/armv7e-m/crtn.o
OUTPUT(TeslaController.elf elf32-littlearm)

.ARM.attributes
                0x00000000       0x2a
 .ARM.attributes
                0x00000000       0x1e c:/program files (x86)/arm gcc/bin/../lib/gcc/arm-none-eabi/4.8.4/armv7e-m/crti.o
 .ARM.attributes
                0x0000001e       0x2e c:/program files (x86)/arm gcc/bin/../lib/gcc/arm-none-eabi/4.8.4/armv7e-m/crtbegin.o
 .ARM.attributes
                0x0000004c       0x33 ..\obj\stm32f30x_rcc.o
 .ARM.attributes
                0x0000007f       0x33 ..\obj\stm32f30x_flash.o
 .ARM.attributes
                0x000000b2       0x33 ..\obj\hal_init.o
 .ARM.attributes
                0x000000e5       0x33 ..\obj\stm32f30x_gpio.o
 .ARM.attributes
                0x00000118       0x33 ..\obj\main.o
 .ARM.attributes
                0x0000014b       0x33 ..\obj\display.o
 .ARM.attributes
                0x0000017e       0x33 ..\obj\stm32f30x_spi.o
 .ARM.attributes
                0x000001b1       0x33 ..\obj\system_stm32f30x_temp.o
 .ARM.attributes
                0x000001e4       0x33 ..\obj\stm32f30x_tim.o
 .ARM.attributes
                0x00000217       0x21 ..\obj\startup_stm32f30x.o
 .ARM.attributes
                0x00000238       0x33 ..\obj\stm32f30x_usart.o
 .ARM.attributes
                0x0000026b       0x2e c:/program files (x86)/arm gcc/bin/../lib/gcc/arm-none-eabi/4.8.4/../../../../arm-none-eabi/lib/armv7e-m\libg.a(lib_a-impure.o)
 .ARM.attributes
                0x00000299       0x2e c:/program files (x86)/arm gcc/bin/../lib/gcc/arm-none-eabi/4.8.4/../../../../arm-none-eabi/lib/armv7e-m\libg.a(lib_a-__call_atexit.o)
 .ARM.attributes
                0x000002c7       0x2e c:/program files (x86)/arm gcc/bin/../lib/gcc/arm-none-eabi/4.8.4/../../../../arm-none-eabi/lib/armv7e-m\libg.a(lib_a-atexit.o)
 .ARM.attributes
                0x000002f5       0x2e c:/program files (x86)/arm gcc/bin/../lib/gcc/arm-none-eabi/4.8.4/../../../../arm-none-eabi/lib/armv7e-m\libg.a(lib_a-fini.o)
 .ARM.attributes
                0x00000323       0x2e c:/program files (x86)/arm gcc/bin/../lib/gcc/arm-none-eabi/4.8.4/../../../../arm-none-eabi/lib/armv7e-m\libg.a(lib_a-__atexit.o)
 .ARM.attributes
                0x00000351       0x2e c:/program files (x86)/arm gcc/bin/../lib/gcc/arm-none-eabi/4.8.4/armv7e-m/crtend.o
 .ARM.attributes
                0x0000037f       0x1e c:/program files (x86)/arm gcc/bin/../lib/gcc/arm-none-eabi/4.8.4/armv7e-m/crtn.o

.comment        0x00000000       0x70
 .comment       0x00000000       0x70 ..\obj\stm32f30x_rcc.o
                                 0x71 (size before relaxing)
 .comment       0x00000000       0x71 ..\obj\stm32f30x_flash.o
 .comment       0x00000000       0x71 ..\obj\hal_init.o
 .comment       0x00000000       0x71 ..\obj\stm32f30x_gpio.o
 .comment       0x00000000       0x71 ..\obj\main.o
 .comment       0x00000000       0x71 ..\obj\display.o
 .comment       0x00000000       0x71 ..\obj\stm32f30x_spi.o
 .comment       0x00000000       0x71 ..\obj\system_stm32f30x_temp.o
 .comment       0x00000000       0x71 ..\obj\stm32f30x_tim.o
 .comment       0x00000000       0x71 ..\obj\stm32f30x_usart.o

.debug_info     0x00000000     0x6dc2
 .debug_info    0x00000000      0xaac ..\obj\stm32f30x_rcc.o
 .debug_info    0x00000aac      0x7cb ..\obj\stm32f30x_flash.o
 .debug_info    0x00001277      0x579 ..\obj\hal_init.o
 .debug_info    0x000017f0      0x5fa ..\obj\stm32f30x_gpio.o
 .debug_info    0x00001dea      0x8c0 ..\obj\main.o
 .debug_info    0x000026aa      0x61c ..\obj\display.o
 .debug_info    0x00002cc6      0xb72 ..\obj\stm32f30x_spi.o
 .debug_info    0x00003838      0x498 ..\obj\system_stm32f30x_temp.o
 .debug_info    0x00003cd0     0x2184 ..\obj\stm32f30x_tim.o
 .debug_info    0x00005e54       0xb2 ..\obj\startup_stm32f30x.o
 .debug_info    0x00005f06      0xebc ..\obj\stm32f30x_usart.o

.debug_abbrev   0x00000000      0xf4c
 .debug_abbrev  0x00000000      0x1e3 ..\obj\stm32f30x_rcc.o
 .debug_abbrev  0x000001e3      0x1b2 ..\obj\stm32f30x_flash.o
 .debug_abbrev  0x00000395      0x120 ..\obj\hal_init.o
 .debug_abbrev  0x000004b5      0x194 ..\obj\stm32f30x_gpio.o
 .debug_abbrev  0x00000649      0x1ea ..\obj\main.o
 .debug_abbrev  0x00000833      0x15d ..\obj\display.o
 .debug_abbrev  0x00000990      0x189 ..\obj\stm32f30x_spi.o
 .debug_abbrev  0x00000b19      0x145 ..\obj\system_stm32f30x_temp.o
 .debug_abbrev  0x00000c5e      0x187 ..\obj\stm32f30x_tim.o
 .debug_abbrev  0x00000de5       0x12 ..\obj\startup_stm32f30x.o
 .debug_abbrev  0x00000df7      0x155 ..\obj\stm32f30x_usart.o

.debug_aranges  0x00000000      0xa38
 .debug_aranges
                0x00000000      0x150 ..\obj\stm32f30x_rcc.o
 .debug_aranges
                0x00000150      0x100 ..\obj\stm32f30x_flash.o
 .debug_aranges
                0x00000250       0x28 ..\obj\hal_init.o
 .debug_aranges
                0x00000278       0x80 ..\obj\stm32f30x_gpio.o
 .debug_aranges
                0x000002f8       0x48 ..\obj\main.o
 .debug_aranges
                0x00000340       0x40 ..\obj\display.o
 .debug_aranges
                0x00000380      0x118 ..\obj\stm32f30x_spi.o
 .debug_aranges
                0x00000498       0x30 ..\obj\system_stm32f30x_temp.o
 .debug_aranges
                0x000004c8      0x3a8 ..\obj\stm32f30x_tim.o
 .debug_aranges
                0x00000870       0x28 ..\obj\startup_stm32f30x.o
 .debug_aranges
                0x00000898      0x1a0 ..\obj\stm32f30x_usart.o

.debug_ranges   0x00000000      0x990
 .debug_ranges  0x00000000      0x140 ..\obj\stm32f30x_rcc.o
 .debug_ranges  0x00000140       0xf0 ..\obj\stm32f30x_flash.o
 .debug_ranges  0x00000230       0x18 ..\obj\hal_init.o
 .debug_ranges  0x00000248       0x70 ..\obj\stm32f30x_gpio.o
 .debug_ranges  0x000002b8       0x38 ..\obj\main.o
 .debug_ranges  0x000002f0       0x30 ..\obj\display.o
 .debug_ranges  0x00000320      0x108 ..\obj\stm32f30x_spi.o
 .debug_ranges  0x00000428       0x20 ..\obj\system_stm32f30x_temp.o
 .debug_ranges  0x00000448      0x398 ..\obj\stm32f30x_tim.o
 .debug_ranges  0x000007e0       0x20 ..\obj\startup_stm32f30x.o
 .debug_ranges  0x00000800      0x190 ..\obj\stm32f30x_usart.o

.debug_line     0x00000000     0x2da5
 .debug_line    0x00000000      0x56e ..\obj\stm32f30x_rcc.o
 .debug_line    0x0000056e      0x49c ..\obj\stm32f30x_flash.o
 .debug_line    0x00000a0a      0x249 ..\obj\hal_init.o
 .debug_line    0x00000c53      0x303 ..\obj\stm32f30x_gpio.o
 .debug_line    0x00000f56      0x207 ..\obj\main.o
 .debug_line    0x0000115d      0x2e7 ..\obj\display.o
 .debug_line    0x00001444      0x4d7 ..\obj\stm32f30x_spi.o
 .debug_line    0x0000191b      0x1c9 ..\obj\system_stm32f30x_temp.o
 .debug_line    0x00001ae4      0xc1c ..\obj\stm32f30x_tim.o
 .debug_line    0x00002700       0xab ..\obj\startup_stm32f30x.o
 .debug_line    0x000027ab      0x5fa ..\obj\stm32f30x_usart.o

.debug_str      0x00000000     0x2eeb
 .debug_str     0x00000000      0x774 ..\obj\stm32f30x_rcc.o
                                0x80a (size before relaxing)
 .debug_str     0x00000774      0x3d8 ..\obj\stm32f30x_flash.o
                                0x5ad (size before relaxing)
 .debug_str     0x00000b4c      0x374 ..\obj\hal_init.o
                                0x50a (size before relaxing)
 .debug_str     0x00000ec0      0x194 ..\obj\stm32f30x_gpio.o
                                0x4b5 (size before relaxing)
 .debug_str     0x00001054      0x5b3 ..\obj\main.o
                                0x785 (size before relaxing)
 .debug_str     0x00001607      0x1b3 ..\obj\display.o
                                0x4fc (size before relaxing)
 .debug_str     0x000017ba      0x3da ..\obj\stm32f30x_spi.o
                                0x7dd (size before relaxing)
 .debug_str     0x00001b94       0x8c ..\obj\system_stm32f30x_temp.o
                                0x320 (size before relaxing)
 .debug_str     0x00001c20      0xbf4 ..\obj\stm32f30x_tim.o
                                0xf8d (size before relaxing)
 .debug_str     0x00002814      0x6d7 ..\obj\stm32f30x_usart.o
                                0xa15 (size before relaxing)

.debug_frame    0x00000000     0x21a0
 .debug_frame   0x00000000      0x44c ..\obj\stm32f30x_rcc.o
 .debug_frame   0x0000044c      0x358 ..\obj\stm32f30x_flash.o
 .debug_frame   0x000007a4       0x48 ..\obj\hal_init.o
 .debug_frame   0x000007ec      0x180 ..\obj\stm32f30x_gpio.o
 .debug_frame   0x0000096c       0xb8 ..\obj\main.o
 .debug_frame   0x00000a24       0xa4 ..\obj\display.o
 .debug_frame   0x00000ac8      0x398 ..\obj\stm32f30x_spi.o
 .debug_frame   0x00000e60       0x64 ..\obj\system_stm32f30x_temp.o
 .debug_frame   0x00000ec4      0xca4 ..\obj\stm32f30x_tim.o
 .debug_frame   0x00001b68      0x574 ..\obj\stm32f30x_usart.o
 .debug_frame   0x000020dc       0x48 c:/program files (x86)/arm gcc/bin/../lib/gcc/arm-none-eabi/4.8.4/../../../../arm-none-eabi/lib/armv7e-m\libg.a(lib_a-__call_atexit.o)
 .debug_frame   0x00002124       0x20 c:/program files (x86)/arm gcc/bin/../lib/gcc/arm-none-eabi/4.8.4/../../../../arm-none-eabi/lib/armv7e-m\libg.a(lib_a-atexit.o)
 .debug_frame   0x00002144       0x2c c:/program files (x86)/arm gcc/bin/../lib/gcc/arm-none-eabi/4.8.4/../../../../arm-none-eabi/lib/armv7e-m\libg.a(lib_a-fini.o)
 .debug_frame   0x00002170       0x30 c:/program files (x86)/arm gcc/bin/../lib/gcc/arm-none-eabi/4.8.4/../../../../arm-none-eabi/lib/armv7e-m\libg.a(lib_a-__atexit.o)
