
Allocating common symbols
Common symbol       size              file

SysTickDelay        0x2               ..\obj\main.o
lcd8544_buff        0x3e8             ..\obj\pcd8544.o
delay_val           0x4               ..\obj\main.o
counter1000         0x4               ..\obj\main.o
period              0x2               ..\obj\main.o

Discarded input sections

 .text          0x00000000        0x0 ..\obj\pcd8544.o
 .data          0x00000000        0x0 ..\obj\pcd8544.o
 .bss           0x00000000        0x0 ..\obj\pcd8544.o
 .text.SPI2_DMA_TX_IRQHandler
                0x00000000       0x4c ..\obj\pcd8544.o
 .text          0x00000000        0x0 ..\obj\spi.o
 .data          0x00000000        0x0 ..\obj\spi.o
 .bss           0x00000000        0x0 ..\obj\spi.o
 .text.I2C_start
                0x00000000       0x88 ..\obj\spi.o
 .text.I2C_write
                0x00000000       0x30 ..\obj\spi.o
 .text.I2C_read_ack
                0x00000000       0x38 ..\obj\spi.o
 .text.I2C_read_nack
                0x00000000       0x40 ..\obj\spi.o
 .text.I2C_stop
                0x00000000       0x2c ..\obj\spi.o
 .debug_info    0x00000000      0x2ce ..\obj\spi.o
 .debug_abbrev  0x00000000       0xf8 ..\obj\spi.o
 .debug_aranges
                0x00000000       0x40 ..\obj\spi.o
 .debug_ranges  0x00000000       0x30 ..\obj\spi.o
 .debug_line    0x00000000      0x1d8 ..\obj\spi.o
 .debug_str     0x00000000      0x247 ..\obj\spi.o
 .comment       0x00000000       0x71 ..\obj\spi.o
 .ARM.attributes
                0x00000000       0x33 ..\obj\spi.o
 .debug_frame   0x00000000       0xb0 ..\obj\spi.o
 .text          0x00000000        0x0 ..\obj\IICServo.o
 .data          0x00000000        0x0 ..\obj\IICServo.o
 .bss           0x00000000        0x0 ..\obj\IICServo.o
 .text.ServoCmd
                0x00000000       0xc0 ..\obj\IICServo.o
 .text.ServoCheck
                0x00000000       0x78 ..\obj\IICServo.o
 .text.ServoWriteReg8
                0x00000000       0xc8 ..\obj\IICServo.o
 .text          0x00000000        0x0 ..\obj\startup_stm32f4xx.o
 .data          0x00000000        0x0 ..\obj\startup_stm32f4xx.o
 .bss           0x00000000        0x0 ..\obj\startup_stm32f4xx.o
 .text          0x00000000        0x0 ..\obj\main.o
 .text.delay_10us
                0x00000000       0x28 ..\obj\main.o
 .text          0x00000000        0x0 ..\obj\stm32f4xx_rcc.o
 .bss           0x00000000        0x0 ..\obj\stm32f4xx_rcc.o
 .text.RCC_DeInit
                0x00000000       0x50 ..\obj\stm32f4xx_rcc.o
 .text.RCC_HSEConfig
                0x00000000       0x24 ..\obj\stm32f4xx_rcc.o
 .text.RCC_WaitForHSEStartUp
                0x00000000       0x50 ..\obj\stm32f4xx_rcc.o
 .text.RCC_AdjustHSICalibrationValue
                0x00000000       0x3c ..\obj\stm32f4xx_rcc.o
 .text.RCC_HSICmd
                0x00000000       0x20 ..\obj\stm32f4xx_rcc.o
 .text.RCC_LSEConfig
                0x00000000       0x40 ..\obj\stm32f4xx_rcc.o
 .text.RCC_LSICmd
                0x00000000       0x20 ..\obj\stm32f4xx_rcc.o
 .text.RCC_PLLConfig
                0x00000000       0x3c ..\obj\stm32f4xx_rcc.o
 .text.RCC_PLLCmd
                0x00000000       0x20 ..\obj\stm32f4xx_rcc.o
 .text.RCC_PLLI2SConfig
                0x00000000       0x28 ..\obj\stm32f4xx_rcc.o
 .text.RCC_PLLI2SCmd
                0x00000000       0x20 ..\obj\stm32f4xx_rcc.o
 .text.RCC_ClockSecuritySystemCmd
                0x00000000       0x20 ..\obj\stm32f4xx_rcc.o
 .text.RCC_MCO1Config
                0x00000000       0x3c ..\obj\stm32f4xx_rcc.o
 .text.RCC_MCO2Config
                0x00000000       0x3c ..\obj\stm32f4xx_rcc.o
 .text.RCC_SYSCLKConfig
                0x00000000       0x38 ..\obj\stm32f4xx_rcc.o
 .text.RCC_GetSYSCLKSource
                0x00000000       0x20 ..\obj\stm32f4xx_rcc.o
 .text.RCC_HCLKConfig
                0x00000000       0x38 ..\obj\stm32f4xx_rcc.o
 .text.RCC_PCLK1Config
                0x00000000       0x38 ..\obj\stm32f4xx_rcc.o
 .text.RCC_PCLK2Config
                0x00000000       0x38 ..\obj\stm32f4xx_rcc.o
 .text.RCC_RTCCLKConfig
                0x00000000       0x5c ..\obj\stm32f4xx_rcc.o
 .text.RCC_RTCCLKCmd
                0x00000000       0x20 ..\obj\stm32f4xx_rcc.o
 .text.RCC_BackupResetCmd
                0x00000000       0x20 ..\obj\stm32f4xx_rcc.o
 .text.RCC_I2SCLKConfig
                0x00000000       0x1c ..\obj\stm32f4xx_rcc.o
 .text.RCC_AHB2PeriphClockCmd
                0x00000000       0x3c ..\obj\stm32f4xx_rcc.o
 .text.RCC_AHB3PeriphClockCmd
                0x00000000       0x3c ..\obj\stm32f4xx_rcc.o
 .text.RCC_APB2PeriphClockCmd
                0x00000000       0x3c ..\obj\stm32f4xx_rcc.o
 .text.RCC_AHB1PeriphResetCmd
                0x00000000       0x3c ..\obj\stm32f4xx_rcc.o
 .text.RCC_AHB2PeriphResetCmd
                0x00000000       0x3c ..\obj\stm32f4xx_rcc.o
 .text.RCC_AHB3PeriphResetCmd
                0x00000000       0x3c ..\obj\stm32f4xx_rcc.o
 .text.RCC_AHB1PeriphClockLPModeCmd
                0x00000000       0x3c ..\obj\stm32f4xx_rcc.o
 .text.RCC_AHB2PeriphClockLPModeCmd
                0x00000000       0x3c ..\obj\stm32f4xx_rcc.o
 .text.RCC_AHB3PeriphClockLPModeCmd
                0x00000000       0x3c ..\obj\stm32f4xx_rcc.o
 .text.RCC_APB1PeriphClockLPModeCmd
                0x00000000       0x3c ..\obj\stm32f4xx_rcc.o
 .text.RCC_APB2PeriphClockLPModeCmd
                0x00000000       0x3c ..\obj\stm32f4xx_rcc.o
 .text.RCC_ITConfig
                0x00000000       0x48 ..\obj\stm32f4xx_rcc.o
 .text.RCC_GetFlagStatus
                0x00000000       0x74 ..\obj\stm32f4xx_rcc.o
 .text.RCC_ClearFlag
                0x00000000       0x1c ..\obj\stm32f4xx_rcc.o
 .text.RCC_GetITStatus
                0x00000000       0x38 ..\obj\stm32f4xx_rcc.o
 .text.RCC_ClearITPendingBit
                0x00000000       0x20 ..\obj\stm32f4xx_rcc.o
 .text          0x00000000        0x0 ..\obj\stm32f4xx_gpio.o
 .data          0x00000000        0x0 ..\obj\stm32f4xx_gpio.o
 .bss           0x00000000        0x0 ..\obj\stm32f4xx_gpio.o
 .text.GPIO_DeInit
                0x00000000      0x120 ..\obj\stm32f4xx_gpio.o
 .text.GPIO_PinLockConfig
                0x00000000       0x44 ..\obj\stm32f4xx_gpio.o
 .text.GPIO_ReadInputDataBit
                0x00000000       0x34 ..\obj\stm32f4xx_gpio.o
 .text.GPIO_ReadInputData
                0x00000000       0x1c ..\obj\stm32f4xx_gpio.o
 .text.GPIO_ReadOutputDataBit
                0x00000000       0x34 ..\obj\stm32f4xx_gpio.o
 .text.GPIO_SetBits
                0x00000000       0x1c ..\obj\stm32f4xx_gpio.o
 .text.GPIO_ResetBits
                0x00000000       0x1c ..\obj\stm32f4xx_gpio.o
 .text.GPIO_WriteBit
                0x00000000       0x30 ..\obj\stm32f4xx_gpio.o
 .text.GPIO_ToggleBits
                0x00000000       0x24 ..\obj\stm32f4xx_gpio.o
 .text          0x00000000        0x0 ..\obj\system_stm32f4xx.o
 .data          0x00000000       0x14 ..\obj\system_stm32f4xx.o
 .bss           0x00000000        0x0 ..\obj\system_stm32f4xx.o
 .text.SystemCoreClockUpdate
                0x00000000       0xf8 ..\obj\system_stm32f4xx.o
 .text          0x00000000        0x0 ..\obj\stm32f4xx_dma.o
 .data          0x00000000        0x0 ..\obj\stm32f4xx_dma.o
 .bss           0x00000000        0x0 ..\obj\stm32f4xx_dma.o
 .text.DMA_DeInit
                0x00000000      0x1a4 ..\obj\stm32f4xx_dma.o
 .text.DMA_Init
                0x00000000       0xac ..\obj\stm32f4xx_dma.o
 .text.DMA_StructInit
                0x00000000       0x6c ..\obj\stm32f4xx_dma.o
 .text.DMA_Cmd  0x00000000       0x38 ..\obj\stm32f4xx_dma.o
 .text.DMA_PeriphIncOffsetSizeConfig
                0x00000000       0x34 ..\obj\stm32f4xx_dma.o
 .text.DMA_FlowControllerConfig
                0x00000000       0x34 ..\obj\stm32f4xx_dma.o
 .text.DMA_SetCurrDataCounter
                0x00000000       0x1c ..\obj\stm32f4xx_dma.o
 .text.DMA_GetCurrDataCounter
                0x00000000       0x1c ..\obj\stm32f4xx_dma.o
 .text.DMA_DoubleBufferModeConfig
                0x00000000       0x3c ..\obj\stm32f4xx_dma.o
 .text.DMA_DoubleBufferModeCmd
                0x00000000       0x38 ..\obj\stm32f4xx_dma.o
 .text.DMA_MemoryTargetConfig
                0x00000000       0x2c ..\obj\stm32f4xx_dma.o
 .text.DMA_GetCurrentMemoryTarget
                0x00000000       0x30 ..\obj\stm32f4xx_dma.o
 .text.DMA_GetCmdStatus
                0x00000000       0x30 ..\obj\stm32f4xx_dma.o
 .text.DMA_GetFIFOStatus
                0x00000000       0x24 ..\obj\stm32f4xx_dma.o
 .text.DMA_GetFlagStatus
                0x00000000       0x78 ..\obj\stm32f4xx_dma.o
 .text.DMA_ClearFlag
                0x00000000       0x5c ..\obj\stm32f4xx_dma.o
 .text.DMA_ITConfig
                0x00000000       0x74 ..\obj\stm32f4xx_dma.o
 .text.DMA_GetITStatus
                0x00000000       0xb0 ..\obj\stm32f4xx_dma.o
 .text.DMA_ClearITPendingBit
                0x00000000       0x5c ..\obj\stm32f4xx_dma.o
 .debug_info    0x00000000      0x718 ..\obj\stm32f4xx_dma.o
 .debug_abbrev  0x00000000      0x155 ..\obj\stm32f4xx_dma.o
 .debug_aranges
                0x00000000       0xb0 ..\obj\stm32f4xx_dma.o
 .debug_ranges  0x00000000       0xa0 ..\obj\stm32f4xx_dma.o
 .debug_line    0x00000000      0x39a ..\obj\stm32f4xx_dma.o
 .debug_str     0x00000000      0x52a ..\obj\stm32f4xx_dma.o
 .comment       0x00000000       0x71 ..\obj\stm32f4xx_dma.o
 .ARM.attributes
                0x00000000       0x33 ..\obj\stm32f4xx_dma.o
 .debug_frame   0x00000000      0x224 ..\obj\stm32f4xx_dma.o
 .text          0x00000000        0x0 ..\obj\stm32f4xx_spi.o
 .data          0x00000000        0x0 ..\obj\stm32f4xx_spi.o
 .bss           0x00000000        0x0 ..\obj\stm32f4xx_spi.o
 .text.I2S_Init
                0x00000000      0x1b0 ..\obj\stm32f4xx_spi.o
 .text.SPI_StructInit
                0x00000000       0x48 ..\obj\stm32f4xx_spi.o
 .text.I2S_StructInit
                0x00000000       0x38 ..\obj\stm32f4xx_spi.o
 .text.I2S_Cmd  0x00000000       0x40 ..\obj\stm32f4xx_spi.o
 .text.SPI_DataSizeConfig
                0x00000000       0x38 ..\obj\stm32f4xx_spi.o
 .text.SPI_BiDirectionalLineConfig
                0x00000000       0x40 ..\obj\stm32f4xx_spi.o
 .text.SPI_NSSInternalSoftwareConfig
                0x00000000       0x44 ..\obj\stm32f4xx_spi.o
 .text.SPI_SSOutputCmd
                0x00000000       0x40 ..\obj\stm32f4xx_spi.o
 .text.SPI_TIModeCmd
                0x00000000       0x40 ..\obj\stm32f4xx_spi.o
 .text.I2S_FullDuplexConfig
                0x00000000       0x9c ..\obj\stm32f4xx_spi.o
 .text.SPI_I2S_ReceiveData
                0x00000000       0x1c ..\obj\stm32f4xx_spi.o
 .text.SPI_CalculateCRC
                0x00000000       0x40 ..\obj\stm32f4xx_spi.o
 .text.SPI_TransmitCRC
                0x00000000       0x24 ..\obj\stm32f4xx_spi.o
 .text.SPI_GetCRC
                0x00000000       0x34 ..\obj\stm32f4xx_spi.o
 .text.SPI_GetCRCPolynomial
                0x00000000       0x1c ..\obj\stm32f4xx_spi.o
 .text.SPI_I2S_DMACmd
                0x00000000       0x48 ..\obj\stm32f4xx_spi.o
 .text.SPI_I2S_ITConfig
                0x00000000       0x60 ..\obj\stm32f4xx_spi.o
 .text.SPI_I2S_ClearFlag
                0x00000000       0x20 ..\obj\stm32f4xx_spi.o
 .text.SPI_I2S_GetITStatus
                0x00000000       0x78 ..\obj\stm32f4xx_spi.o
 .text.SPI_I2S_ClearITPendingBit
                0x00000000       0x34 ..\obj\stm32f4xx_spi.o
 .text          0x00000000        0x0 ..\obj\stm32f4xx_i2c.o
 .data          0x00000000        0x0 ..\obj\stm32f4xx_i2c.o
 .bss           0x00000000        0x0 ..\obj\stm32f4xx_i2c.o
 .text.I2C_StructInit
                0x00000000       0x3c ..\obj\stm32f4xx_i2c.o
 .text.I2C_AcknowledgeConfig
                0x00000000       0x40 ..\obj\stm32f4xx_i2c.o
 .text.I2C_OwnAddress2Config
                0x00000000       0x40 ..\obj\stm32f4xx_i2c.o
 .text.I2C_DualAddressCmd
                0x00000000       0x40 ..\obj\stm32f4xx_i2c.o
 .text.I2C_GeneralCallCmd
                0x00000000       0x40 ..\obj\stm32f4xx_i2c.o
 .text.I2C_SoftwareResetCmd
                0x00000000       0x44 ..\obj\stm32f4xx_i2c.o
 .text.I2C_StretchClockCmd
                0x00000000       0x40 ..\obj\stm32f4xx_i2c.o
 .text.I2C_FastModeDutyCycleConfig
                0x00000000       0x40 ..\obj\stm32f4xx_i2c.o
 .text.I2C_NACKPositionConfig
                0x00000000       0x40 ..\obj\stm32f4xx_i2c.o
 .text.I2C_SMBusAlertConfig
                0x00000000       0x40 ..\obj\stm32f4xx_i2c.o
 .text.I2C_ARPCmd
                0x00000000       0x40 ..\obj\stm32f4xx_i2c.o
 .text.I2C_ReceiveData
                0x00000000       0x1c ..\obj\stm32f4xx_i2c.o
 .text.I2C_TransmitPEC
                0x00000000       0x40 ..\obj\stm32f4xx_i2c.o
 .text.I2C_PECPositionConfig
                0x00000000       0x40 ..\obj\stm32f4xx_i2c.o
 .text.I2C_CalculatePEC
                0x00000000       0x40 ..\obj\stm32f4xx_i2c.o
 .text.I2C_GetPEC
                0x00000000       0x20 ..\obj\stm32f4xx_i2c.o
 .text.I2C_DMACmd
                0x00000000       0x40 ..\obj\stm32f4xx_i2c.o
 .text.I2C_DMALastTransferCmd
                0x00000000       0x40 ..\obj\stm32f4xx_i2c.o
 .text.I2C_ReadRegister
                0x00000000       0x30 ..\obj\stm32f4xx_i2c.o
 .text.I2C_ITConfig
                0x00000000       0x48 ..\obj\stm32f4xx_i2c.o
 .text.I2C_GetLastEvent
                0x00000000       0x44 ..\obj\stm32f4xx_i2c.o
 .text.I2C_GetFlagStatus
                0x00000000       0x68 ..\obj\stm32f4xx_i2c.o
 .text.I2C_ClearFlag
                0x00000000       0x2c ..\obj\stm32f4xx_i2c.o
 .text.I2C_GetITStatus
                0x00000000       0x5c ..\obj\stm32f4xx_i2c.o
 .text.I2C_ClearITPendingBit
                0x00000000       0x2c ..\obj\stm32f4xx_i2c.o
 .text          0x00000000        0x0 ..\obj\misc.o
 .data          0x00000000        0x0 ..\obj\misc.o
 .bss           0x00000000        0x0 ..\obj\misc.o
 .text.NVIC_PriorityGroupConfig
                0x00000000       0x24 ..\obj\misc.o
 .text.NVIC_SetVectorTable
                0x00000000       0x2c ..\obj\misc.o
 .text.NVIC_SystemLPConfig
                0x00000000       0x40 ..\obj\misc.o
 .text.SysTick_CLKSourceConfig
                0x00000000       0x38 ..\obj\misc.o
 .text          0x00000000        0x0 ..\obj\stm32f4xx_tim.o
 .data          0x00000000        0x0 ..\obj\stm32f4xx_tim.o
 .bss           0x00000000        0x0 ..\obj\stm32f4xx_tim.o
 .text.TIM_DeInit
                0x00000000      0x1bc ..\obj\stm32f4xx_tim.o
 .text.TIM_PrescalerConfig
                0x00000000       0x28 ..\obj\stm32f4xx_tim.o
 .text.TIM_CounterModeConfig
                0x00000000       0x38 ..\obj\stm32f4xx_tim.o
 .text.TIM_SetCounter
                0x00000000       0x1c ..\obj\stm32f4xx_tim.o
 .text.TIM_SetAutoreload
                0x00000000       0x1c ..\obj\stm32f4xx_tim.o
 .text.TIM_GetCounter
                0x00000000       0x18 ..\obj\stm32f4xx_tim.o
 .text.TIM_GetPrescaler
                0x00000000       0x1c ..\obj\stm32f4xx_tim.o
 .text.TIM_UpdateDisableConfig
                0x00000000       0x40 ..\obj\stm32f4xx_tim.o
 .text.TIM_UpdateRequestConfig
                0x00000000       0x40 ..\obj\stm32f4xx_tim.o
 .text.TIM_ARRPreloadConfig
                0x00000000       0x40 ..\obj\stm32f4xx_tim.o
 .text.TIM_SelectOnePulseMode
                0x00000000       0x38 ..\obj\stm32f4xx_tim.o
 .text.TIM_SetClockDivision
                0x00000000       0x38 ..\obj\stm32f4xx_tim.o
 .text.TIM_OC1Init
                0x00000000       0xf4 ..\obj\stm32f4xx_tim.o
 .text.TIM_OC2Init
                0x00000000      0x110 ..\obj\stm32f4xx_tim.o
 .text.TIM_OC3Init
                0x00000000      0x10c ..\obj\stm32f4xx_tim.o
 .text.TIM_OC4Init
                0x00000000       0xcc ..\obj\stm32f4xx_tim.o
 .text.TIM_OCStructInit
                0x00000000       0x44 ..\obj\stm32f4xx_tim.o
 .text.TIM_SelectOCxM
                0x00000000       0xac ..\obj\stm32f4xx_tim.o
 .text.TIM_SetCompare1
                0x00000000       0x1c ..\obj\stm32f4xx_tim.o
 .text.TIM_SetCompare2
                0x00000000       0x1c ..\obj\stm32f4xx_tim.o
 .text.TIM_SetCompare3
                0x00000000       0x1c ..\obj\stm32f4xx_tim.o
 .text.TIM_SetCompare4
                0x00000000       0x1c ..\obj\stm32f4xx_tim.o
 .text.TIM_ForcedOC1Config
                0x00000000       0x38 ..\obj\stm32f4xx_tim.o
 .text.TIM_ForcedOC2Config
                0x00000000       0x3c ..\obj\stm32f4xx_tim.o
 .text.TIM_ForcedOC3Config
                0x00000000       0x38 ..\obj\stm32f4xx_tim.o
 .text.TIM_ForcedOC4Config
                0x00000000       0x3c ..\obj\stm32f4xx_tim.o
 .text.TIM_OC1PreloadConfig
                0x00000000       0x38 ..\obj\stm32f4xx_tim.o
 .text.TIM_OC2PreloadConfig
                0x00000000       0x3c ..\obj\stm32f4xx_tim.o
 .text.TIM_OC3PreloadConfig
                0x00000000       0x38 ..\obj\stm32f4xx_tim.o
 .text.TIM_OC4PreloadConfig
                0x00000000       0x3c ..\obj\stm32f4xx_tim.o
 .text.TIM_OC1FastConfig
                0x00000000       0x38 ..\obj\stm32f4xx_tim.o
 .text.TIM_OC2FastConfig
                0x00000000       0x3c ..\obj\stm32f4xx_tim.o
 .text.TIM_OC3FastConfig
                0x00000000       0x38 ..\obj\stm32f4xx_tim.o
 .text.TIM_OC4FastConfig
                0x00000000       0x3c ..\obj\stm32f4xx_tim.o
 .text.TIM_ClearOC1Ref
                0x00000000       0x38 ..\obj\stm32f4xx_tim.o
 .text.TIM_ClearOC2Ref
                0x00000000       0x3c ..\obj\stm32f4xx_tim.o
 .text.TIM_ClearOC3Ref
                0x00000000       0x38 ..\obj\stm32f4xx_tim.o
 .text.TIM_ClearOC4Ref
                0x00000000       0x3c ..\obj\stm32f4xx_tim.o
 .text.TIM_OC1PolarityConfig
                0x00000000       0x38 ..\obj\stm32f4xx_tim.o
 .text.TIM_OC1NPolarityConfig
                0x00000000       0x38 ..\obj\stm32f4xx_tim.o
 .text.TIM_OC2PolarityConfig
                0x00000000       0x3c ..\obj\stm32f4xx_tim.o
 .text.TIM_OC2NPolarityConfig
                0x00000000       0x3c ..\obj\stm32f4xx_tim.o
 .text.TIM_OC3PolarityConfig
                0x00000000       0x3c ..\obj\stm32f4xx_tim.o
 .text.TIM_OC3NPolarityConfig
                0x00000000       0x3c ..\obj\stm32f4xx_tim.o
 .text.TIM_OC4PolarityConfig
                0x00000000       0x3c ..\obj\stm32f4xx_tim.o
 .text.TIM_CCxCmd
                0x00000000       0x54 ..\obj\stm32f4xx_tim.o
 .text.TIM_CCxNCmd
                0x00000000       0x54 ..\obj\stm32f4xx_tim.o
 .text.TIM_ICStructInit
                0x00000000       0x30 ..\obj\stm32f4xx_tim.o
 .text.TIM_PWMIConfig
                0x00000000       0xb8 ..\obj\stm32f4xx_tim.o
 .text.TIM_GetCapture2
                0x00000000       0x18 ..\obj\stm32f4xx_tim.o
 .text.TIM_GetCapture3
                0x00000000       0x18 ..\obj\stm32f4xx_tim.o
 .text.TIM_GetCapture4
                0x00000000       0x18 ..\obj\stm32f4xx_tim.o
 .text.TIM_BDTRConfig
                0x00000000       0x50 ..\obj\stm32f4xx_tim.o
 .text.TIM_BDTRStructInit
                0x00000000       0x3c ..\obj\stm32f4xx_tim.o
 .text.TIM_CtrlPWMOutputs
                0x00000000       0x4c ..\obj\stm32f4xx_tim.o
 .text.TIM_SelectCOM
                0x00000000       0x40 ..\obj\stm32f4xx_tim.o
 .text.TIM_CCPreloadControl
                0x00000000       0x40 ..\obj\stm32f4xx_tim.o
 .text.TIM_GenerateEvent
                0x00000000       0x1c ..\obj\stm32f4xx_tim.o
 .text.TIM_DMAConfig
                0x00000000       0x28 ..\obj\stm32f4xx_tim.o
 .text.TIM_DMACmd
                0x00000000       0x48 ..\obj\stm32f4xx_tim.o
 .text.TIM_SelectCCDMA
                0x00000000       0x40 ..\obj\stm32f4xx_tim.o
 .text.TIM_InternalClockConfig
                0x00000000       0x24 ..\obj\stm32f4xx_tim.o
 .text.TIM_ITRxExternalClockConfig
                0x00000000       0x2c ..\obj\stm32f4xx_tim.o
 .text.TIM_TIxExternalClockConfig
                0x00000000       0x54 ..\obj\stm32f4xx_tim.o
 .text.TIM_ETRClockMode1Config
                0x00000000       0x50 ..\obj\stm32f4xx_tim.o
 .text.TIM_ETRClockMode2Config
                0x00000000       0x30 ..\obj\stm32f4xx_tim.o
 .text.TIM_SelectInputTrigger
                0x00000000       0x38 ..\obj\stm32f4xx_tim.o
 .text.TIM_SelectOutputTrigger
                0x00000000       0x38 ..\obj\stm32f4xx_tim.o
 .text.TIM_SelectSlaveMode
                0x00000000       0x38 ..\obj\stm32f4xx_tim.o
 .text.TIM_SelectMasterSlaveMode
                0x00000000       0x38 ..\obj\stm32f4xx_tim.o
 .text.TIM_ETRConfig
                0x00000000       0x48 ..\obj\stm32f4xx_tim.o
 .text.TIM_EncoderInterfaceConfig
                0x00000000       0x8c ..\obj\stm32f4xx_tim.o
 .text.TIM_SelectHallSensor
                0x00000000       0x40 ..\obj\stm32f4xx_tim.o
 .text.TIM_RemapConfig
                0x00000000       0x20 ..\obj\stm32f4xx_tim.o

Memory Configuration

Name             Origin             Length             Attributes
rom              0x08000000         0x00100000         xr
ram              0x20000000         0x00020000         xrw
ram1             0x10000000         0x00010000         xrw
*default*        0x00000000         0xffffffff

Linker script and memory map

                0x20020000                _eram = 0x20020000

.text           0x08000000     0x24ec
 *(.isr_vector)
 .isr_vector    0x08000000      0x188 ..\obj\startup_stm32f4xx.o
                0x08000000                g_pfnVectors
 *(.text*)
 .text.lcd8544_senddata
                0x08000188       0x30 ..\obj\pcd8544.o
                0x08000188                lcd8544_senddata
 .text.lcd8544_refresh
                0x080001b8       0x9c ..\obj\pcd8544.o
                0x080001b8                lcd8544_refresh
 .text.lcd8544_clear
                0x08000254       0x4c ..\obj\pcd8544.o
                0x08000254                lcd8544_clear
 .text.lcd8544_init
                0x080002a0      0x12c ..\obj\pcd8544.o
                0x080002a0                lcd8544_init
 .text.lcd8544_putpix
                0x080003cc       0x8c ..\obj\pcd8544.o
                0x080003cc                lcd8544_putpix
 .text.lcd8544_line
                0x08000458      0x15c ..\obj\pcd8544.o
                0x08000458                lcd8544_line
 .text.lcd8544_rect
                0x080005b4       0x54 ..\obj\pcd8544.o
                0x080005b4                lcd8544_rect
 .text.lcd8544_dec
                0x08000608       0x78 ..\obj\pcd8544.o
                0x08000608                lcd8544_dec
 .text.lcd8544_putchar
                0x08000680      0x128 ..\obj\pcd8544.o
                0x08000680                lcd8544_putchar
 .text.lcd8544_leftchline
                0x080007a8       0x3c ..\obj\pcd8544.o
                0x080007a8                lcd8544_leftchline
 .text.lcd8544_putstr
                0x080007e4       0x50 ..\obj\pcd8544.o
                0x080007e4                lcd8544_putstr
 .text.ServoPos
                0x08000834      0x10c ..\obj\IICServo.o
                0x08000834                ServoPos
 .text.Default_Reset_Handler
                0x08000940       0x5c ..\obj\startup_stm32f4xx.o
                0x08000940                Default_Reset_Handler
                0x08000940                Reset_Handler
 .text.Default_Handler
                0x0800099c        0x8 ..\obj\startup_stm32f4xx.o
                0x0800099c                RTC_Alarm_IRQHandler
                0x0800099c                HASH_RNG_IRQHandler
                0x0800099c                EXTI2_IRQHandler
                0x0800099c                TIM8_CC_IRQHandler
                0x0800099c                DebugMon_Handler
                0x0800099c                TIM1_CC_IRQHandler
                0x0800099c                DMA2_Stream5_IRQHandler
                0x0800099c                HardFault_Handler
                0x0800099c                DMA1_Stream5_IRQHandler
                0x0800099c                PVD_IRQHandler
                0x0800099c                SDIO_IRQHandler
                0x0800099c                TAMP_STAMP_IRQHandler
                0x0800099c                PendSV_Handler
                0x0800099c                NMI_Handler
                0x0800099c                CAN2_RX1_IRQHandler
                0x0800099c                EXTI3_IRQHandler
                0x0800099c                TIM8_TRG_COM_TIM14_IRQHandler
                0x0800099c                TIM1_UP_TIM10_IRQHandler
                0x0800099c                TIM8_UP_TIM13_IRQHandler
                0x0800099c                I2C3_ER_IRQHandler
                0x0800099c                EXTI0_IRQHandler
                0x0800099c                I2C2_EV_IRQHandler
                0x0800099c                DMA1_Stream2_IRQHandler
                0x0800099c                CAN1_RX0_IRQHandler
                0x0800099c                FPU_IRQHandler
                0x0800099c                OTG_HS_WKUP_IRQHandler
                0x0800099c                UsageFault_Handler
                0x0800099c                CAN2_SCE_IRQHandler
                0x0800099c                DMA2_Stream2_IRQHandler
                0x0800099c                SPI1_IRQHandler
                0x0800099c                TIM6_DAC_IRQHandler
                0x0800099c                TIM1_BRK_TIM9_IRQHandler
                0x0800099c                DCMI_IRQHandler
                0x0800099c                CAN2_RX0_IRQHandler
                0x0800099c                DMA2_Stream3_IRQHandler
                0x0800099c                USART6_IRQHandler
                0x0800099c                USART3_IRQHandler
                0x0800099c                CRYP_IRQHandler
                0x0800099c                CAN1_RX1_IRQHandler
                0x0800099c                UART5_IRQHandler
                0x0800099c                DMA2_Stream0_IRQHandler
                0x0800099c                TIM4_IRQHandler
                0x0800099c                I2C1_EV_IRQHandler
                0x0800099c                DMA1_Stream6_IRQHandler
                0x0800099c                DMA1_Stream1_IRQHandler
                0x0800099c                UART4_IRQHandler
                0x0800099c                RCC_IRQHandler
                0x0800099c                TIM8_BRK_TIM12_IRQHandler
                0x0800099c                EXTI15_10_IRQHandler
                0x0800099c                ADC_IRQHandler
                0x0800099c                DMA1_Stream7_IRQHandler
                0x0800099c                TIM7_IRQHandler
                0x0800099c                CAN2_TX_IRQHandler
                0x0800099c                TIM5_IRQHandler
                0x0800099c                DMA2_Stream7_IRQHandler
                0x0800099c                I2C3_EV_IRQHandler
                0x0800099c                EXTI9_5_IRQHandler
                0x0800099c                RTC_WKUP_IRQHandler
                0x0800099c                ETH_WKUP_IRQHandler
                0x0800099c                SPI2_IRQHandler
                0x0800099c                OTG_HS_EP1_IN_IRQHandler
                0x0800099c                MemManage_Handler
                0x0800099c                DMA1_Stream0_IRQHandler
                0x0800099c                CAN1_TX_IRQHandler
                0x0800099c                SVC_Handler
                0x0800099c                EXTI4_IRQHandler
                0x0800099c                FSMC_IRQHandler
                0x0800099c                ETH_IRQHandler
                0x0800099c                OTG_HS_EP1_OUT_IRQHandler
                0x0800099c                WWDG_IRQHandler
                0x0800099c                TIM2_IRQHandler
                0x0800099c                OTG_FS_WKUP_IRQHandler
                0x0800099c                TIM1_TRG_COM_TIM11_IRQHandler
                0x0800099c                OTG_HS_IRQHandler
                0x0800099c                EXTI1_IRQHandler
                0x0800099c                USART2_IRQHandler
                0x0800099c                I2C2_ER_IRQHandler
                0x0800099c                DMA2_Stream1_IRQHandler
                0x0800099c                CAN1_SCE_IRQHandler
                0x0800099c                FLASH_IRQHandler
                0x0800099c                DMA2_Stream4_IRQHandler
                0x0800099c                BusFault_Handler
                0x0800099c                USART1_IRQHandler
                0x0800099c                OTG_FS_IRQHandler
                0x0800099c                SPI3_IRQHandler
                0x0800099c                DMA1_Stream4_IRQHandler
                0x0800099c                I2C1_ER_IRQHandler
                0x0800099c                DMA2_Stream6_IRQHandler
                0x0800099c                DMA1_Stream3_IRQHandler
 .text.NVIC_EnableIRQ
                0x080009a4       0x30 ..\obj\main.o
 .text.NVIC_SetPriority
                0x080009d4       0x54 ..\obj\main.o
 .text.SysTick_Config
                0x08000a28       0x44 ..\obj\main.o
 .text.Delay    0x08000a6c       0x28 ..\obj\main.o
                0x08000a6c                Delay
 .text.SysTick_Handler
                0x08000a94       0x5c ..\obj\main.o
                0x08000a94                SysTick_Handler
 .text.uint16_time_diff
                0x08000af0       0x3c ..\obj\main.o
                0x08000af0                uint16_time_diff
 .text.delay_ms
                0x08000b2c       0x30 ..\obj\main.o
                0x08000b2c                delay_ms
 .text.periphInit
                0x08000b5c      0x198 ..\obj\main.o
                0x08000b5c                periphInit
 .text.main     0x08000cf4      0x290 ..\obj\main.o
                0x08000cf4                main
 .text.TIM3_IRQHandler
                0x08000f84      0x170 ..\obj\main.o
                0x08000f84                TIM3_IRQHandler
 .text.RCC_GetClocksFreq
                0x080010f4      0x154 ..\obj\stm32f4xx_rcc.o
                0x080010f4                RCC_GetClocksFreq
 .text.RCC_AHB1PeriphClockCmd
                0x08001248       0x3c ..\obj\stm32f4xx_rcc.o
                0x08001248                RCC_AHB1PeriphClockCmd
 .text.RCC_APB1PeriphClockCmd
                0x08001284       0x3c ..\obj\stm32f4xx_rcc.o
                0x08001284                RCC_APB1PeriphClockCmd
 .text.RCC_APB1PeriphResetCmd
                0x080012c0       0x3c ..\obj\stm32f4xx_rcc.o
                0x080012c0                RCC_APB1PeriphResetCmd
 .text.RCC_APB2PeriphResetCmd
                0x080012fc       0x3c ..\obj\stm32f4xx_rcc.o
                0x080012fc                RCC_APB2PeriphResetCmd
 .text.GPIO_Init
                0x08001338      0x11c ..\obj\stm32f4xx_gpio.o
                0x08001338                GPIO_Init
 .text.GPIO_StructInit
                0x08001454       0x34 ..\obj\stm32f4xx_gpio.o
                0x08001454                GPIO_StructInit
 .text.GPIO_ReadOutputData
                0x08001488       0x1c ..\obj\stm32f4xx_gpio.o
                0x08001488                GPIO_ReadOutputData
 .text.GPIO_Write
                0x080014a4       0x1c ..\obj\stm32f4xx_gpio.o
                0x080014a4                GPIO_Write
 .text.GPIO_PinAFConfig
                0x080014c0       0x8c ..\obj\stm32f4xx_gpio.o
                0x080014c0                GPIO_PinAFConfig
 .text.SystemInit
                0x0800154c       0x58 ..\obj\system_stm32f4xx.o
                0x0800154c                SystemInit
 .text.SetSysClock
                0x080015a4       0xf4 ..\obj\system_stm32f4xx.o
 .text.SPI_I2S_DeInit
                0x08001698       0x74 ..\obj\stm32f4xx_spi.o
                0x08001698                SPI_I2S_DeInit
 .text.SPI_Init
                0x0800170c       0x88 ..\obj\stm32f4xx_spi.o
                0x0800170c                SPI_Init
 .text.SPI_Cmd  0x08001794       0x40 ..\obj\stm32f4xx_spi.o
                0x08001794                SPI_Cmd
 .text.SPI_I2S_SendData
                0x080017d4       0x1c ..\obj\stm32f4xx_spi.o
                0x080017d4                SPI_I2S_SendData
 .text.SPI_I2S_GetFlagStatus
                0x080017f0       0x38 ..\obj\stm32f4xx_spi.o
                0x080017f0                SPI_I2S_GetFlagStatus
 .text.I2C_DeInit
                0x08001828       0x74 ..\obj\stm32f4xx_i2c.o
                0x08001828                I2C_DeInit
 .text.I2C_Init
                0x0800189c      0x184 ..\obj\stm32f4xx_i2c.o
                0x0800189c                I2C_Init
 .text.I2C_Cmd  0x08001a20       0x40 ..\obj\stm32f4xx_i2c.o
                0x08001a20                I2C_Cmd
 .text.I2C_GenerateSTART
                0x08001a60       0x40 ..\obj\stm32f4xx_i2c.o
                0x08001a60                I2C_GenerateSTART
 .text.I2C_GenerateSTOP
                0x08001aa0       0x40 ..\obj\stm32f4xx_i2c.o
                0x08001aa0                I2C_GenerateSTOP
 .text.I2C_Send7bitAddress
                0x08001ae0       0x3c ..\obj\stm32f4xx_i2c.o
                0x08001ae0                I2C_Send7bitAddress
 .text.I2C_SendData
                0x08001b1c       0x20 ..\obj\stm32f4xx_i2c.o
                0x08001b1c                I2C_SendData
 .text.I2C_CheckEvent
                0x08001b3c       0x60 ..\obj\stm32f4xx_i2c.o
                0x08001b3c                I2C_CheckEvent
 .text.NVIC_Init
                0x08001b9c       0xbc ..\obj\misc.o
                0x08001b9c                NVIC_Init
 .text.TIM_TimeBaseInit
                0x08001c58       0xd4 ..\obj\stm32f4xx_tim.o
                0x08001c58                TIM_TimeBaseInit
 .text.TIM_TimeBaseStructInit
                0x08001d2c       0x34 ..\obj\stm32f4xx_tim.o
                0x08001d2c                TIM_TimeBaseStructInit
 .text.TIM_Cmd  0x08001d60       0x40 ..\obj\stm32f4xx_tim.o
                0x08001d60                TIM_Cmd
 .text.TIM_ICInit
                0x08001da0       0xa8 ..\obj\stm32f4xx_tim.o
                0x08001da0                TIM_ICInit
 .text.TIM_GetCapture1
                0x08001e48       0x18 ..\obj\stm32f4xx_tim.o
                0x08001e48                TIM_GetCapture1
 .text.TIM_SetIC1Prescaler
                0x08001e60       0x38 ..\obj\stm32f4xx_tim.o
                0x08001e60                TIM_SetIC1Prescaler
 .text.TIM_SetIC2Prescaler
                0x08001e98       0x3c ..\obj\stm32f4xx_tim.o
                0x08001e98                TIM_SetIC2Prescaler
 .text.TIM_SetIC3Prescaler
                0x08001ed4       0x38 ..\obj\stm32f4xx_tim.o
                0x08001ed4                TIM_SetIC3Prescaler
 .text.TIM_SetIC4Prescaler
                0x08001f0c       0x3c ..\obj\stm32f4xx_tim.o
                0x08001f0c                TIM_SetIC4Prescaler
 .text.TIM_ITConfig
                0x08001f48       0x48 ..\obj\stm32f4xx_tim.o
                0x08001f48                TIM_ITConfig
 .text.TIM_GetFlagStatus
                0x08001f90       0x38 ..\obj\stm32f4xx_tim.o
                0x08001f90                TIM_GetFlagStatus
 .text.TIM_ClearFlag
                0x08001fc8       0x20 ..\obj\stm32f4xx_tim.o
                0x08001fc8                TIM_ClearFlag
 .text.TIM_GetITStatus
                0x08001fe8       0x54 ..\obj\stm32f4xx_tim.o
                0x08001fe8                TIM_GetITStatus
 .text.TIM_ClearITPendingBit
                0x0800203c       0x20 ..\obj\stm32f4xx_tim.o
                0x0800203c                TIM_ClearITPendingBit
 .text.TI1_Config
                0x0800205c       0x78 ..\obj\stm32f4xx_tim.o
 .text.TI2_Config
                0x080020d4       0x8c ..\obj\stm32f4xx_tim.o
 .text.TI3_Config
                0x08002160       0x84 ..\obj\stm32f4xx_tim.o
 .text.TI4_Config
                0x080021e4       0x90 ..\obj\stm32f4xx_tim.o
 *(.init)
 *(.fini)
 *crtbegin.o(.ctors)
 *crtbegin?.o(.ctors)
 *(EXCLUDE_FILE(*crtend.o *crtend?.o) .ctors)
 *(SORT(.ctors.*))
 *(.ctors)
 *crtbegin.o(.dtors)
 *crtbegin?.o(.dtors)
 *(EXCLUDE_FILE(*crtend.o *crtend?.o) .dtors)
 *(SORT(.dtors.*))
 *(.dtors)
 *(.rodata*)
 .rodata        0x08002274      0x248 ..\obj\pcd8544.o
                0x08002274                NewFontLAT
                0x080023fc                NewFontRUS
 .rodata        0x080024bc       0x30 ..\obj\main.o
                0x080024bc                str1
                0x080024c8                str2
                0x080024d4                str3
                0x080024e4                str4
 *(.eh_fram e*)

.glue_7         0x080024ec        0x0
 .glue_7        0x00000000        0x0 linker stubs

.glue_7t        0x080024ec        0x0
 .glue_7t       0x00000000        0x0 linker stubs

.vfp11_veneer   0x080024ec        0x0
 .vfp11_veneer  0x00000000        0x0 linker stubs

.v4_bx          0x080024ec        0x0
 .v4_bx         0x00000000        0x0 linker stubs

.iplt           0x080024ec        0x0
 .iplt          0x00000000        0x0 ..\obj\pcd8544.o

.rel.dyn        0x080024ec        0x0
 .rel.iplt      0x00000000        0x0 ..\obj\pcd8544.o

.ARM.extab
 *(.ARM.extab* .gnu.linkonce.armextab.*)
                0x080024ec                __exidx_start = .

.ARM.exidx
 *(.ARM.exidx* .gnu.linkonce.armexidx.*)
                0x080024ec                __exidx_end = .
                0x080024ec                __etext = .
                0x080024ec                _sidata = __etext

.data           0x20000000       0x14 load address 0x080024ec
                0x20000000                __data_start__ = .
                0x20000000                _sdata = __data_start__
 *(vtable)
 *(.data*)
 .data          0x20000000        0x4 ..\obj\main.o
                0x20000000                flag2
                0x20000002                capture_is_first
 .data          0x20000004       0x10 ..\obj\stm32f4xx_rcc.o
                0x20000014                . = ALIGN (0x4)
                0x20000014                PROVIDE (__preinit_array_start, .)
 *(.preinit_array)
                0x20000014                PROVIDE (__preinit_array_end, .)
                0x20000014                . = ALIGN (0x4)
                0x20000014                PROVIDE (__init_array_start, .)
 *(SORT(.init_array.*))
 *(.init_array)
                0x20000014                PROVIDE (__init_array_end, .)
                0x20000014                . = ALIGN (0x4)
                0x20000014                PROVIDE (__fini_array_start, .)
 *(SORT(.fini_array.*))
 *(.fini_array)
                0x20000014                PROVIDE (__fini_array_end, .)
 *(.jcr*)
                0x20000014                . = ALIGN (0x4)
                0x20000014                __data_end__ = .
                0x20000014                _edata = __data_end__

.igot.plt       0x20000014        0x0 load address 0x08002500
 .igot.plt      0x00000000        0x0 ..\obj\pcd8544.o

.bss            0x20000014      0x430 load address 0x08002500
                0x20000014                . = ALIGN (0x4)
                0x20000014                __bss_start__ = .
                0x20000014                _sbss = __bss_start__
 *(.bss*)
 .bss           0x20000014       0x38 ..\obj\main.o
                0x20000014                systick_ms
                0x20000018                capture
                0x2000002c                captureResult
                0x20000040                capture_is_ready
 *(COMMON)
 COMMON         0x2000004c      0x3e8 ..\obj\pcd8544.o
                0x2000004c                lcd8544_buff
 COMMON         0x20000434        0xe ..\obj\main.o
                0x20000434                SysTickDelay
                0x20000438                delay_val
                0x2000043c                counter1000
                0x20000440                period
                0x20000444                . = ALIGN (0x4)
 *fill*         0x20000442        0x2 
                0x20000444                __bss_end__ = .
                0x20000444                _ebss = __bss_end__

.heap           0x20000444        0x0
                0x20000444                __end__ = .
                0x20000444                _end = __end__
                0x20000444                end = __end__
 *(.heap*)
                0x20000444                __HeapLimit = .

.co_stack       0x20000444      0x804 load address 0x08002930
                0x20000448                . = ALIGN (0x8)
 *fill*         0x20000444        0x4 
 *(.co_stack .co_stack.*)
 .co_stack      0x20000448      0x800 ..\obj\startup_stm32f4xx.o
                0x20000448                pulStack
                0x20020000                __StackTop = (ORIGIN (ram) + 0x20000)
                0x2001f7fc                __StackLimit = (__StackTop - SIZEOF (.co_stack))
                0x20020000                PROVIDE (__stack, __StackTop)
                0x00000001                ASSERT ((__StackLimit >= __HeapLimit), region ram  overflowed with stack)
LOAD ..\obj\pcd8544.o
LOAD ..\obj\spi.o
LOAD ..\obj\IICServo.o
LOAD ..\obj\startup_stm32f4xx.o
LOAD ..\obj\main.o
LOAD ..\obj\stm32f4xx_rcc.o
LOAD ..\obj\stm32f4xx_gpio.o
LOAD ..\obj\system_stm32f4xx.o
LOAD ..\obj\stm32f4xx_dma.o
LOAD ..\obj\stm32f4xx_spi.o
LOAD ..\obj\stm32f4xx_i2c.o
LOAD ..\obj\misc.o
LOAD ..\obj\stm32f4xx_tim.o
START GROUP
LOAD c:/program files/gnu tools arm embedded/4.8 2013q4/bin/../lib/gcc/arm-none-eabi/4.8.3/armv7e-m\libgcc.a
LOAD c:/program files/gnu tools arm embedded/4.8 2013q4/bin/../lib/gcc/arm-none-eabi/4.8.3/../../../../arm-none-eabi/lib/armv7e-m\libg.a
LOAD c:/program files/gnu tools arm embedded/4.8 2013q4/bin/../lib/gcc/arm-none-eabi/4.8.3/../../../../arm-none-eabi/lib/armv7e-m\libc.a
END GROUP
OUTPUT(pcd8544.elf elf32-littlearm)

.debug_info     0x00000000     0x6ad8
 .debug_info    0x00000000      0x8d3 ..\obj\pcd8544.o
 .debug_info    0x000008d3      0x2d2 ..\obj\IICServo.o
 .debug_info    0x00000ba5       0xed ..\obj\startup_stm32f4xx.o
 .debug_info    0x00000c92      0xff5 ..\obj\main.o
 .debug_info    0x00001c87      0xc21 ..\obj\stm32f4xx_rcc.o
 .debug_info    0x000028a8      0x5d6 ..\obj\stm32f4xx_gpio.o
 .debug_info    0x00002e7e      0x566 ..\obj\system_stm32f4xx.o
 .debug_info    0x000033e4      0xadb ..\obj\stm32f4xx_spi.o
 .debug_info    0x00003ebf      0xac8 ..\obj\stm32f4xx_i2c.o
 .debug_info    0x00004987      0x51c ..\obj\misc.o
 .debug_info    0x00004ea3     0x1c35 ..\obj\stm32f4xx_tim.o

.debug_abbrev   0x00000000     0x106b
 .debug_abbrev  0x00000000      0x1ee ..\obj\pcd8544.o
 .debug_abbrev  0x000001ee       0xed ..\obj\IICServo.o
 .debug_abbrev  0x000002db       0xb0 ..\obj\startup_stm32f4xx.o
 .debug_abbrev  0x0000038b      0x28d ..\obj\main.o
 .debug_abbrev  0x00000618      0x1e3 ..\obj\stm32f4xx_rcc.o
 .debug_abbrev  0x000007fb      0x1a3 ..\obj\stm32f4xx_gpio.o
 .debug_abbrev  0x0000099e      0x136 ..\obj\system_stm32f4xx.o
 .debug_abbrev  0x00000ad4      0x167 ..\obj\stm32f4xx_spi.o
 .debug_abbrev  0x00000c3b      0x164 ..\obj\stm32f4xx_i2c.o
 .debug_abbrev  0x00000d9f      0x145 ..\obj\misc.o
 .debug_abbrev  0x00000ee4      0x187 ..\obj\stm32f4xx_tim.o

.debug_aranges  0x00000000      0x8b0
 .debug_aranges
                0x00000000       0x78 ..\obj\pcd8544.o
 .debug_aranges
                0x00000078       0x38 ..\obj\IICServo.o
 .debug_aranges
                0x000000b0       0x28 ..\obj\startup_stm32f4xx.o
 .debug_aranges
                0x000000d8       0x70 ..\obj\main.o
 .debug_aranges
                0x00000148      0x178 ..\obj\stm32f4xx_rcc.o
 .debug_aranges
                0x000002c0       0x88 ..\obj\stm32f4xx_gpio.o
 .debug_aranges
                0x00000348       0x30 ..\obj\system_stm32f4xx.o
 .debug_aranges
                0x00000378       0xe0 ..\obj\stm32f4xx_spi.o
 .debug_aranges
                0x00000458      0x120 ..\obj\stm32f4xx_i2c.o
 .debug_aranges
                0x00000578       0x40 ..\obj\misc.o
 .debug_aranges
                0x000005b8      0x2f8 ..\obj\stm32f4xx_tim.o

.debug_ranges   0x00000000      0x800
 .debug_ranges  0x00000000       0x68 ..\obj\pcd8544.o
 .debug_ranges  0x00000068       0x28 ..\obj\IICServo.o
 .debug_ranges  0x00000090       0x18 ..\obj\startup_stm32f4xx.o
 .debug_ranges  0x000000a8       0x60 ..\obj\main.o
 .debug_ranges  0x00000108      0x168 ..\obj\stm32f4xx_rcc.o
 .debug_ranges  0x00000270       0x78 ..\obj\stm32f4xx_gpio.o
 .debug_ranges  0x000002e8       0x20 ..\obj\system_stm32f4xx.o
 .debug_ranges  0x00000308       0xd0 ..\obj\stm32f4xx_spi.o
 .debug_ranges  0x000003d8      0x110 ..\obj\stm32f4xx_i2c.o
 .debug_ranges  0x000004e8       0x30 ..\obj\misc.o
 .debug_ranges  0x00000518      0x2e8 ..\obj\stm32f4xx_tim.o

.debug_line     0x00000000     0x28b6
 .debug_line    0x00000000      0x3d9 ..\obj\pcd8544.o
 .debug_line    0x000003d9      0x202 ..\obj\IICServo.o
 .debug_line    0x000005db       0xa9 ..\obj\startup_stm32f4xx.o
 .debug_line    0x00000684      0x379 ..\obj\main.o
 .debug_line    0x000009fd      0x558 ..\obj\stm32f4xx_rcc.o
 .debug_line    0x00000f55      0x2fd ..\obj\stm32f4xx_gpio.o
 .debug_line    0x00001252      0x195 ..\obj\system_stm32f4xx.o
 .debug_line    0x000013e7      0x410 ..\obj\stm32f4xx_spi.o
 .debug_line    0x000017f7      0x499 ..\obj\stm32f4xx_i2c.o
 .debug_line    0x00001c90      0x203 ..\obj\misc.o
 .debug_line    0x00001e93      0xa23 ..\obj\stm32f4xx_tim.o

.debug_str      0x00000000     0x2a68
 .debug_str     0x00000000      0x52b ..\obj\pcd8544.o
                                0x57a (size before relaxing)
 .debug_str     0x0000052b       0x89 ..\obj\IICServo.o
                                0x230 (size before relaxing)
 .debug_str     0x000005b4       0xb8 ..\obj\startup_stm32f4xx.o
                                0x14f (size before relaxing)
 .debug_str     0x0000066c      0x99f ..\obj\main.o
                                0xcfb (size before relaxing)
 .debug_str     0x0000100b      0x657 ..\obj\stm32f4xx_rcc.o
                                0x82e (size before relaxing)
 .debug_str     0x00001662      0x1a6 ..\obj\stm32f4xx_gpio.o
                                0x481 (size before relaxing)
 .debug_str     0x00001808       0xcc ..\obj\system_stm32f4xx.o
                                0x388 (size before relaxing)
 .debug_str     0x000018d4      0x312 ..\obj\stm32f4xx_spi.o
                                0x668 (size before relaxing)
 .debug_str     0x00001be6      0x333 ..\obj\stm32f4xx_i2c.o
                                0x643 (size before relaxing)
 .debug_str     0x00001f19      0x11b ..\obj\misc.o
                                0x3b7 (size before relaxing)
 .debug_str     0x00002034      0xa34 ..\obj\stm32f4xx_tim.o
                                0xdae (size before relaxing)

.comment        0x00000000       0x70
 .comment       0x00000000       0x70 ..\obj\pcd8544.o
                                 0x71 (size before relaxing)
 .comment       0x00000000       0x71 ..\obj\IICServo.o
 .comment       0x00000000       0x71 ..\obj\startup_stm32f4xx.o
 .comment       0x00000000       0x71 ..\obj\main.o
 .comment       0x00000000       0x71 ..\obj\stm32f4xx_rcc.o
 .comment       0x00000000       0x71 ..\obj\stm32f4xx_gpio.o
 .comment       0x00000000       0x71 ..\obj\system_stm32f4xx.o
 .comment       0x00000000       0x71 ..\obj\stm32f4xx_spi.o
 .comment       0x00000000       0x71 ..\obj\stm32f4xx_i2c.o
 .comment       0x00000000       0x71 ..\obj\misc.o
 .comment       0x00000000       0x71 ..\obj\stm32f4xx_tim.o

.ARM.attributes
                0x00000000       0x33
 .ARM.attributes
                0x00000000       0x33 ..\obj\pcd8544.o
 .ARM.attributes
                0x00000033       0x33 ..\obj\IICServo.o
 .ARM.attributes
                0x00000066       0x33 ..\obj\startup_stm32f4xx.o
 .ARM.attributes
                0x00000099       0x33 ..\obj\main.o
 .ARM.attributes
                0x000000cc       0x33 ..\obj\stm32f4xx_rcc.o
 .ARM.attributes
                0x000000ff       0x33 ..\obj\stm32f4xx_gpio.o
 .ARM.attributes
                0x00000132       0x33 ..\obj\system_stm32f4xx.o
 .ARM.attributes
                0x00000165       0x33 ..\obj\stm32f4xx_spi.o
 .ARM.attributes
                0x00000198       0x33 ..\obj\stm32f4xx_i2c.o
 .ARM.attributes
                0x000001cb       0x33 ..\obj\misc.o
 .ARM.attributes
                0x000001fe       0x33 ..\obj\stm32f4xx_tim.o

.debug_frame    0x00000000     0x1be0
 .debug_frame   0x00000000      0x184 ..\obj\pcd8544.o
 .debug_frame   0x00000184       0x90 ..\obj\IICServo.o
 .debug_frame   0x00000214       0x48 ..\obj\startup_stm32f4xx.o
 .debug_frame   0x0000025c      0x150 ..\obj\main.o
 .debug_frame   0x000003ac      0x4d8 ..\obj\stm32f4xx_rcc.o
 .debug_frame   0x00000884      0x19c ..\obj\stm32f4xx_gpio.o
 .debug_frame   0x00000a20       0x64 ..\obj\system_stm32f4xx.o
 .debug_frame   0x00000a84      0x2d0 ..\obj\stm32f4xx_spi.o
 .debug_frame   0x00000d54      0x3b4 ..\obj\stm32f4xx_i2c.o
 .debug_frame   0x00001108       0x9c ..\obj\misc.o
 .debug_frame   0x000011a4      0xa3c ..\obj\stm32f4xx_tim.o
