Archive member included because of file (symbol)

c:/program files/gnu tools arm embedded/4.9 2015q3/bin/../lib/gcc/arm-none-eabi/4.9.3/armv7-m\libgcc.a(_arm_addsubdf3.o)
                              ..\obj\string.o (__aeabi_dadd)
c:/program files/gnu tools arm embedded/4.9 2015q3/bin/../lib/gcc/arm-none-eabi/4.9.3/armv7-m\libgcc.a(_arm_muldivdf3.o)
                              ..\obj\string.o (__aeabi_dmul)
c:/program files/gnu tools arm embedded/4.9 2015q3/bin/../lib/gcc/arm-none-eabi/4.9.3/armv7-m\libgcc.a(_arm_truncdfsf2.o)
                              ..\obj\string.o (__aeabi_d2f)
c:/program files/gnu tools arm embedded/4.9 2015q3/bin/../lib/gcc/arm-none-eabi/4.9.3/armv7-m\libgcc.a(_arm_addsubsf3.o)
                              ..\obj\string.o (__aeabi_fsub)
c:/program files/gnu tools arm embedded/4.9 2015q3/bin/../lib/gcc/arm-none-eabi/4.9.3/armv7-m\libgcc.a(_arm_muldivsf3.o)
                              ..\obj\string.o (__aeabi_fmul)
c:/program files/gnu tools arm embedded/4.9 2015q3/bin/../lib/gcc/arm-none-eabi/4.9.3/armv7-m\libgcc.a(_arm_cmpsf2.o)
                              ..\obj\string.o (__aeabi_fcmplt)
c:/program files/gnu tools arm embedded/4.9 2015q3/bin/../lib/gcc/arm-none-eabi/4.9.3/armv7-m\libgcc.a(_arm_fixsfsi.o)
                              ..\obj\string.o (__aeabi_f2iz)
c:/program files/gnu tools arm embedded/4.9 2015q3/bin/../lib/gcc/arm-none-eabi/4.9.3/armv7-m\libgcc.a(_aeabi_ldivmod.o)
                              ..\obj\string.o (__aeabi_ldivmod)
c:/program files/gnu tools arm embedded/4.9 2015q3/bin/../lib/gcc/arm-none-eabi/4.9.3/armv7-m\libgcc.a(bpabi.o)
                              c:/program files/gnu tools arm embedded/4.9 2015q3/bin/../lib/gcc/arm-none-eabi/4.9.3/armv7-m\libgcc.a(_aeabi_ldivmod.o) (__gnu_ldivmod_helper)
c:/program files/gnu tools arm embedded/4.9 2015q3/bin/../lib/gcc/arm-none-eabi/4.9.3/armv7-m\libgcc.a(_dvmd_tls.o)
                              c:/program files/gnu tools arm embedded/4.9 2015q3/bin/../lib/gcc/arm-none-eabi/4.9.3/armv7-m\libgcc.a(_aeabi_ldivmod.o) (__aeabi_ldiv0)
c:/program files/gnu tools arm embedded/4.9 2015q3/bin/../lib/gcc/arm-none-eabi/4.9.3/armv7-m\libgcc.a(_divdi3.o)
                              c:/program files/gnu tools arm embedded/4.9 2015q3/bin/../lib/gcc/arm-none-eabi/4.9.3/armv7-m\libgcc.a(bpabi.o) (__divdi3)
c:/program files/gnu tools arm embedded/4.9 2015q3/bin/../lib/gcc/arm-none-eabi/4.9.3/armv7-m\libgcc.a(_udivdi3.o)
                              c:/program files/gnu tools arm embedded/4.9 2015q3/bin/../lib/gcc/arm-none-eabi/4.9.3/armv7-m\libgcc.a(bpabi.o) (__udivdi3)
c:/program files/gnu tools arm embedded/4.9 2015q3/bin/../lib/gcc/arm-none-eabi/4.9.3/../../../../arm-none-eabi/lib/armv7-m\libg.a(lib_a-memcpy.o)
                              ..\obj\display.o (memcpy)

Allocating common symbols
Common symbol       size              file

SaveRState          0x2               ..\obj\usb_int.o
SaveState           0x2               ..\obj\usb_init.o
wIstr               0x2               ..\obj\usb_istr.o
pProperty           0x4               ..\obj\usb_init.o
EPindex             0x1               ..\obj\usb_init.o
SaveTState          0x2               ..\obj\usb_int.o
Device_Info         0x1c              ..\obj\usb_init.o
RS_data_in          0x1               ..\obj\hw_config.o
pUser_Standard_Requests
                    0x4               ..\obj\usb_init.o
buffer_in           0x40              ..\obj\hw_config.o
StatusInfo          0x2               ..\obj\usb_core.o
pInformation        0x4               ..\obj\usb_init.o
ResumeS             0x2               ..\obj\usb_pwr.o
NumByt              0x1               ..\obj\hw_config.o
buffer_out          0x40              ..\obj\usb_endp.o
wInterrupt_Mask     0x2               ..\obj\usb_init.o

Discarded input sections

 .text          0x00000000        0x0 ..\obj\usb_core.o
 .data          0x00000000        0x0 ..\obj\usb_core.o
 .text          0x00000000        0x0 ..\obj\string.o
 .data          0x00000000        0x0 ..\obj\string.o
 .bss           0x00000000        0x0 ..\obj\string.o
 .text.strlenNum
                0x00000000       0x3c ..\obj\string.o
 .text.itoa_hex
                0x00000000       0xf0 ..\obj\string.o
 .text.dtoa_    0x00000000       0xb4 ..\obj\string.o
 .text.dtoaPositive_
                0x00000000       0x98 ..\obj\string.o
 .text.ftoa_    0x00000000      0x1bc ..\obj\string.o
 .text.strcat_  0x00000000       0x54 ..\obj\string.o
 .text.strcpy_  0x00000000       0x40 ..\obj\string.o
 .text.strcatnum
                0x00000000       0x3c ..\obj\string.o
 .text.strcatNum
                0x00000000       0x5c ..\obj\string.o
 .text.strcatNum2
                0x00000000       0x44 ..\obj\string.o
 .text.pow_     0x00000000       0x68 ..\obj\string.o
 .text.pow10_   0x00000000       0x58 ..\obj\string.o
 .text.log10_   0x00000000       0xb4 ..\obj\string.o
 .text.atof     0x00000000      0x200 ..\obj\string.o
 .text.atoi_special
                0x00000000       0x8c ..\obj\string.o
 .text.atoi_special2
                0x00000000       0xb4 ..\obj\string.o
 .text.atoi_BCD
                0x00000000       0xa4 ..\obj\string.o
 .text.stoi_    0x00000000       0xa0 ..\obj\string.o
 .text.stoi_num
                0x00000000       0xa8 ..\obj\string.o
 .text          0x00000000        0x0 ..\obj\stm32f10x_tim.o
 .data          0x00000000        0x0 ..\obj\stm32f10x_tim.o
 .bss           0x00000000        0x0 ..\obj\stm32f10x_tim.o
 .text.TIM_DeInit
                0x00000000      0x22c ..\obj\stm32f10x_tim.o
 .text.TIM_TimeBaseInit
                0x00000000       0xf8 ..\obj\stm32f10x_tim.o
 .text.TIM_OC1Init
                0x00000000      0x118 ..\obj\stm32f10x_tim.o
 .text.TIM_OC2Init
                0x00000000      0x110 ..\obj\stm32f10x_tim.o
 .text.TIM_OC3Init
                0x00000000      0x10c ..\obj\stm32f10x_tim.o
 .text.TIM_OC4Init
                0x00000000       0xd0 ..\obj\stm32f10x_tim.o
 .text.TIM_ICInit
                0x00000000       0xa8 ..\obj\stm32f10x_tim.o
 .text.TIM_PWMIConfig
                0x00000000       0xb8 ..\obj\stm32f10x_tim.o
 .text.TIM_BDTRConfig
                0x00000000       0x50 ..\obj\stm32f10x_tim.o
 .text.TIM_TimeBaseStructInit
                0x00000000       0x34 ..\obj\stm32f10x_tim.o
 .text.TIM_OCStructInit
                0x00000000       0x44 ..\obj\stm32f10x_tim.o
 .text.TIM_ICStructInit
                0x00000000       0x30 ..\obj\stm32f10x_tim.o
 .text.TIM_BDTRStructInit
                0x00000000       0x3c ..\obj\stm32f10x_tim.o
 .text.TIM_Cmd  0x00000000       0x40 ..\obj\stm32f10x_tim.o
 .text.TIM_CtrlPWMOutputs
                0x00000000       0x4c ..\obj\stm32f10x_tim.o
 .text.TIM_ITConfig
                0x00000000       0x48 ..\obj\stm32f10x_tim.o
 .text.TIM_GenerateEvent
                0x00000000       0x1c ..\obj\stm32f10x_tim.o
 .text.TIM_DMAConfig
                0x00000000       0x28 ..\obj\stm32f10x_tim.o
 .text.TIM_DMACmd
                0x00000000       0x48 ..\obj\stm32f10x_tim.o
 .text.TIM_InternalClockConfig
                0x00000000       0x24 ..\obj\stm32f10x_tim.o
 .text.TIM_ITRxExternalClockConfig
                0x00000000       0x2c ..\obj\stm32f10x_tim.o
 .text.TIM_TIxExternalClockConfig
                0x00000000       0x60 ..\obj\stm32f10x_tim.o
 .text.TIM_ETRClockMode1Config
                0x00000000       0x5c ..\obj\stm32f10x_tim.o
 .text.TIM_ETRClockMode2Config
                0x00000000       0x3c ..\obj\stm32f10x_tim.o
 .text.TIM_ETRConfig
                0x00000000       0x54 ..\obj\stm32f10x_tim.o
 .text.TIM_PrescalerConfig
                0x00000000       0x28 ..\obj\stm32f10x_tim.o
 .text.TIM_CounterModeConfig
                0x00000000       0x38 ..\obj\stm32f10x_tim.o
 .text.TIM_SelectInputTrigger
                0x00000000       0x38 ..\obj\stm32f10x_tim.o
 .text.TIM_EncoderInterfaceConfig
                0x00000000       0x98 ..\obj\stm32f10x_tim.o
 .text.TIM_ForcedOC1Config
                0x00000000       0x38 ..\obj\stm32f10x_tim.o
 .text.TIM_ForcedOC2Config
                0x00000000       0x3c ..\obj\stm32f10x_tim.o
 .text.TIM_ForcedOC3Config
                0x00000000       0x38 ..\obj\stm32f10x_tim.o
 .text.TIM_ForcedOC4Config
                0x00000000       0x3c ..\obj\stm32f10x_tim.o
 .text.TIM_ARRPreloadConfig
                0x00000000       0x40 ..\obj\stm32f10x_tim.o
 .text.TIM_SelectCOM
                0x00000000       0x40 ..\obj\stm32f10x_tim.o
 .text.TIM_SelectCCDMA
                0x00000000       0x40 ..\obj\stm32f10x_tim.o
 .text.TIM_CCPreloadControl
                0x00000000       0x40 ..\obj\stm32f10x_tim.o
 .text.TIM_OC1PreloadConfig
                0x00000000       0x38 ..\obj\stm32f10x_tim.o
 .text.TIM_OC2PreloadConfig
                0x00000000       0x3c ..\obj\stm32f10x_tim.o
 .text.TIM_OC3PreloadConfig
                0x00000000       0x38 ..\obj\stm32f10x_tim.o
 .text.TIM_OC4PreloadConfig
                0x00000000       0x3c ..\obj\stm32f10x_tim.o
 .text.TIM_OC1FastConfig
                0x00000000       0x38 ..\obj\stm32f10x_tim.o
 .text.TIM_OC2FastConfig
                0x00000000       0x3c ..\obj\stm32f10x_tim.o
 .text.TIM_OC3FastConfig
                0x00000000       0x38 ..\obj\stm32f10x_tim.o
 .text.TIM_OC4FastConfig
                0x00000000       0x3c ..\obj\stm32f10x_tim.o
 .text.TIM_ClearOC1Ref
                0x00000000       0x38 ..\obj\stm32f10x_tim.o
 .text.TIM_ClearOC2Ref
                0x00000000       0x3c ..\obj\stm32f10x_tim.o
 .text.TIM_ClearOC3Ref
                0x00000000       0x38 ..\obj\stm32f10x_tim.o
 .text.TIM_ClearOC4Ref
                0x00000000       0x3c ..\obj\stm32f10x_tim.o
 .text.TIM_OC1PolarityConfig
                0x00000000       0x38 ..\obj\stm32f10x_tim.o
 .text.TIM_OC1NPolarityConfig
                0x00000000       0x38 ..\obj\stm32f10x_tim.o
 .text.TIM_OC2PolarityConfig
                0x00000000       0x3c ..\obj\stm32f10x_tim.o
 .text.TIM_OC2NPolarityConfig
                0x00000000       0x3c ..\obj\stm32f10x_tim.o
 .text.TIM_OC3PolarityConfig
                0x00000000       0x3c ..\obj\stm32f10x_tim.o
 .text.TIM_OC3NPolarityConfig
                0x00000000       0x3c ..\obj\stm32f10x_tim.o
 .text.TIM_OC4PolarityConfig
                0x00000000       0x3c ..\obj\stm32f10x_tim.o
 .text.TIM_CCxCmd
                0x00000000       0x54 ..\obj\stm32f10x_tim.o
 .text.TIM_CCxNCmd
                0x00000000       0x54 ..\obj\stm32f10x_tim.o
 .text.TIM_SelectOCxM
                0x00000000       0xac ..\obj\stm32f10x_tim.o
 .text.TIM_UpdateDisableConfig
                0x00000000       0x40 ..\obj\stm32f10x_tim.o
 .text.TIM_UpdateRequestConfig
                0x00000000       0x40 ..\obj\stm32f10x_tim.o
 .text.TIM_SelectHallSensor
                0x00000000       0x40 ..\obj\stm32f10x_tim.o
 .text.TIM_SelectOnePulseMode
                0x00000000       0x38 ..\obj\stm32f10x_tim.o
 .text.TIM_SelectOutputTrigger
                0x00000000       0x38 ..\obj\stm32f10x_tim.o
 .text.TIM_SelectSlaveMode
                0x00000000       0x38 ..\obj\stm32f10x_tim.o
 .text.TIM_SelectMasterSlaveMode
                0x00000000       0x38 ..\obj\stm32f10x_tim.o
 .text.TIM_SetCounter
                0x00000000       0x1c ..\obj\stm32f10x_tim.o
 .text.TIM_SetAutoreload
                0x00000000       0x1c ..\obj\stm32f10x_tim.o
 .text.TIM_SetCompare1
                0x00000000       0x1c ..\obj\stm32f10x_tim.o
 .text.TIM_SetCompare2
                0x00000000       0x1c ..\obj\stm32f10x_tim.o
 .text.TIM_SetCompare3
                0x00000000       0x1c ..\obj\stm32f10x_tim.o
 .text.TIM_SetCompare4
                0x00000000       0x20 ..\obj\stm32f10x_tim.o
 .text.TIM_SetIC1Prescaler
                0x00000000       0x38 ..\obj\stm32f10x_tim.o
 .text.TIM_SetIC2Prescaler
                0x00000000       0x3c ..\obj\stm32f10x_tim.o
 .text.TIM_SetIC3Prescaler
                0x00000000       0x38 ..\obj\stm32f10x_tim.o
 .text.TIM_SetIC4Prescaler
                0x00000000       0x3c ..\obj\stm32f10x_tim.o
 .text.TIM_SetClockDivision
                0x00000000       0x38 ..\obj\stm32f10x_tim.o
 .text.TIM_GetCapture1
                0x00000000       0x1c ..\obj\stm32f10x_tim.o
 .text.TIM_GetCapture2
                0x00000000       0x1c ..\obj\stm32f10x_tim.o
 .text.TIM_GetCapture3
                0x00000000       0x1c ..\obj\stm32f10x_tim.o
 .text.TIM_GetCapture4
                0x00000000       0x1c ..\obj\stm32f10x_tim.o
 .text.TIM_GetCounter
                0x00000000       0x1c ..\obj\stm32f10x_tim.o
 .text.TIM_GetPrescaler
                0x00000000       0x1c ..\obj\stm32f10x_tim.o
 .text.TIM_GetFlagStatus
                0x00000000       0x38 ..\obj\stm32f10x_tim.o
 .text.TIM_ClearFlag
                0x00000000       0x20 ..\obj\stm32f10x_tim.o
 .text.TIM_GetITStatus
                0x00000000       0x54 ..\obj\stm32f10x_tim.o
 .text.TIM_ClearITPendingBit
                0x00000000       0x20 ..\obj\stm32f10x_tim.o
 .text.TI1_Config
                0x00000000       0xe0 ..\obj\stm32f10x_tim.o
 .text.TI2_Config
                0x00000000       0xf4 ..\obj\stm32f10x_tim.o
 .text.TI3_Config
                0x00000000       0xec ..\obj\stm32f10x_tim.o
 .text.TI4_Config
                0x00000000       0xf8 ..\obj\stm32f10x_tim.o
 .debug_info    0x00000000     0x1c58 ..\obj\stm32f10x_tim.o
 .debug_abbrev  0x00000000      0x1b0 ..\obj\stm32f10x_tim.o
 .debug_aranges
                0x00000000      0x2f0 ..\obj\stm32f10x_tim.o
 .debug_ranges  0x00000000      0x2e0 ..\obj\stm32f10x_tim.o
 .debug_line    0x00000000      0xac4 ..\obj\stm32f10x_tim.o
 .debug_str     0x00000000      0xded ..\obj\stm32f10x_tim.o
 .comment       0x00000000       0x71 ..\obj\stm32f10x_tim.o
 .debug_frame   0x00000000      0xe2c ..\obj\stm32f10x_tim.o
 .ARM.attributes
                0x00000000       0x33 ..\obj\stm32f10x_tim.o
 .text          0x00000000        0x0 ..\obj\display_codepage.o
 .data          0x00000000        0x0 ..\obj\display_codepage.o
 .bss           0x00000000        0x0 ..\obj\display_codepage.o
 .text          0x00000000        0x0 ..\obj\usb_int.o
 .data          0x00000000        0x0 ..\obj\usb_int.o
 .bss           0x00000000        0x0 ..\obj\usb_int.o
 .text.CTR_HP   0x00000000       0xf0 ..\obj\usb_int.o
 .text          0x00000000        0x0 ..\obj\system_stm32f10x.o
 .data          0x00000000       0x14 ..\obj\system_stm32f10x.o
 .bss           0x00000000        0x0 ..\obj\system_stm32f10x.o
 .text.SystemCoreClockUpdate
                0x00000000       0xdc ..\obj\system_stm32f10x.o
 .text          0x00000000        0x0 ..\obj\startup_stm32f10x_hd.o
 .data          0x00000000        0x0 ..\obj\startup_stm32f10x_hd.o
 .bss           0x00000000        0x0 ..\obj\startup_stm32f10x_hd.o
 .text          0x00000000        0x0 ..\obj\usb_desc.o
 .bss           0x00000000        0x0 ..\obj\usb_desc.o
 .text          0x00000000        0x0 ..\obj\usb_regs.o
 .data          0x00000000        0x0 ..\obj\usb_regs.o
 .bss           0x00000000        0x0 ..\obj\usb_regs.o
 .text.SetCNTR  0x00000000       0x20 ..\obj\usb_regs.o
 .text.GetCNTR  0x00000000       0x18 ..\obj\usb_regs.o
 .text.SetISTR  0x00000000       0x20 ..\obj\usb_regs.o
 .text.GetISTR  0x00000000       0x18 ..\obj\usb_regs.o
 .text.GetFNR   0x00000000       0x18 ..\obj\usb_regs.o
 .text.SetDADDR
                0x00000000       0x20 ..\obj\usb_regs.o
 .text.GetDADDR
                0x00000000       0x18 ..\obj\usb_regs.o
 .text.GetBTABLE
                0x00000000       0x18 ..\obj\usb_regs.o
 .text.SetENDPOINT
                0x00000000       0x2c ..\obj\usb_regs.o
 .text.GetENDPOINT
                0x00000000       0x28 ..\obj\usb_regs.o
 .text.GetEPType
                0x00000000       0x2c ..\obj\usb_regs.o
 .text.SetDouBleBuffEPStall
                0x00000000       0x58 ..\obj\usb_regs.o
 .text.GetEPTxStatus
                0x00000000       0x2c ..\obj\usb_regs.o
 .text.GetEPRxStatus
                0x00000000       0x2c ..\obj\usb_regs.o
 .text.SetEP_KIND
                0x00000000       0x50 ..\obj\usb_regs.o
 .text.ClearEP_KIND
                0x00000000       0x50 ..\obj\usb_regs.o
 .text.Set_Status_Out
                0x00000000       0x50 ..\obj\usb_regs.o
 .text.SetEPDoubleBuff
                0x00000000       0x50 ..\obj\usb_regs.o
 .text.ClearEPDoubleBuff
                0x00000000       0x50 ..\obj\usb_regs.o
 .text.GetTxStallStatus
                0x00000000       0x38 ..\obj\usb_regs.o
 .text.GetRxStallStatus
                0x00000000       0x38 ..\obj\usb_regs.o
 .text.ClearEP_CTR_RX
                0x00000000       0x3c ..\obj\usb_regs.o
 .text.ClearEP_CTR_TX
                0x00000000       0x3c ..\obj\usb_regs.o
 .text.ToggleDTOG_RX
                0x00000000       0x44 ..\obj\usb_regs.o
 .text.ToggleDTOG_TX
                0x00000000       0x44 ..\obj\usb_regs.o
 .text.SetEPAddress
                0x00000000       0x4c ..\obj\usb_regs.o
 .text.GetEPAddress
                0x00000000       0x2c ..\obj\usb_regs.o
 .text.SetEPCountRxReg
                0x00000000       0x64 ..\obj\usb_regs.o
 .text.GetEPTxCount
                0x00000000       0x3c ..\obj\usb_regs.o
 .text.SetEPDblBuffAddr
                0x00000000       0x68 ..\obj\usb_regs.o
 .text.SetEPDblBuf0Addr
                0x00000000       0x44 ..\obj\usb_regs.o
 .text.SetEPDblBuf1Addr
                0x00000000       0x44 ..\obj\usb_regs.o
 .text.GetEPDblBuf0Addr
                0x00000000       0x38 ..\obj\usb_regs.o
 .text.GetEPDblBuf1Addr
                0x00000000       0x38 ..\obj\usb_regs.o
 .text.SetEPDblBuffCount
                0x00000000      0x13c ..\obj\usb_regs.o
 .text.SetEPDblBuf0Count
                0x00000000       0xb0 ..\obj\usb_regs.o
 .text.SetEPDblBuf1Count
                0x00000000       0xb0 ..\obj\usb_regs.o
 .text.GetEPDblBuf0Count
                0x00000000       0x3c ..\obj\usb_regs.o
 .text.GetEPDblBuf1Count
                0x00000000       0x3c ..\obj\usb_regs.o
 .text.GetEPDblBufDir
                0x00000000       0x6c ..\obj\usb_regs.o
 .text.FreeUserBuffer
                0x00000000       0x84 ..\obj\usb_regs.o
 .text.ToWord   0x00000000       0x30 ..\obj\usb_regs.o
 .text          0x00000000        0x0 ..\obj\stm32f10x_pwr.o
 .data          0x00000000        0x0 ..\obj\stm32f10x_pwr.o
 .bss           0x00000000        0x0 ..\obj\stm32f10x_pwr.o
 .text.PWR_DeInit
                0x00000000       0x1c ..\obj\stm32f10x_pwr.o
 .text.PWR_BackupAccessCmd
                0x00000000       0x20 ..\obj\stm32f10x_pwr.o
 .text.PWR_PVDCmd
                0x00000000       0x20 ..\obj\stm32f10x_pwr.o
 .text.PWR_PVDLevelConfig
                0x00000000       0x38 ..\obj\stm32f10x_pwr.o
 .text.PWR_WakeUpPinCmd
                0x00000000       0x20 ..\obj\stm32f10x_pwr.o
 .text.PWR_EnterSTOPMode
                0x00000000       0x64 ..\obj\stm32f10x_pwr.o
 .text.PWR_EnterSTANDBYMode
                0x00000000       0x3c ..\obj\stm32f10x_pwr.o
 .text.PWR_GetFlagStatus
                0x00000000       0x34 ..\obj\stm32f10x_pwr.o
 .text.PWR_ClearFlag
                0x00000000       0x24 ..\obj\stm32f10x_pwr.o
 .debug_info    0x00000000      0x482 ..\obj\stm32f10x_pwr.o
 .debug_abbrev  0x00000000      0x17f ..\obj\stm32f10x_pwr.o
 .debug_aranges
                0x00000000       0x60 ..\obj\stm32f10x_pwr.o
 .debug_ranges  0x00000000       0x50 ..\obj\stm32f10x_pwr.o
 .debug_line    0x00000000      0x26c ..\obj\stm32f10x_pwr.o
 .debug_str     0x00000000      0x332 ..\obj\stm32f10x_pwr.o
 .comment       0x00000000       0x71 ..\obj\stm32f10x_pwr.o
 .debug_frame   0x00000000      0x164 ..\obj\stm32f10x_pwr.o
 .ARM.attributes
                0x00000000       0x33 ..\obj\stm32f10x_pwr.o
 .text          0x00000000        0x0 ..\obj\hw_config.o
 .data          0x00000000        0x0 ..\obj\hw_config.o
 .text.USART_To_USB_Send_Data
                0x00000000       0x48 ..\obj\hw_config.o
 .text          0x00000000        0x0 ..\obj\stm32f10x_gpio.o
 .data          0x00000000        0x0 ..\obj\stm32f10x_gpio.o
 .bss           0x00000000        0x0 ..\obj\stm32f10x_gpio.o
 .text.GPIO_DeInit
                0x00000000       0xe4 ..\obj\stm32f10x_gpio.o
 .text.GPIO_AFIODeInit
                0x00000000       0x18 ..\obj\stm32f10x_gpio.o
 .text.GPIO_StructInit
                0x00000000       0x28 ..\obj\stm32f10x_gpio.o
 .text.GPIO_ReadInputDataBit
                0x00000000       0x34 ..\obj\stm32f10x_gpio.o
 .text.GPIO_ReadInputData
                0x00000000       0x1c ..\obj\stm32f10x_gpio.o
 .text.GPIO_ReadOutputDataBit
                0x00000000       0x34 ..\obj\stm32f10x_gpio.o
 .text.GPIO_ReadOutputData
                0x00000000       0x1c ..\obj\stm32f10x_gpio.o
 .text.GPIO_WriteBit
                0x00000000       0x30 ..\obj\stm32f10x_gpio.o
 .text.GPIO_Write
                0x00000000       0x1c ..\obj\stm32f10x_gpio.o
 .text.GPIO_PinLockConfig
                0x00000000       0x44 ..\obj\stm32f10x_gpio.o
 .text.GPIO_EventOutputConfig
                0x00000000       0x4c ..\obj\stm32f10x_gpio.o
 .text.GPIO_EventOutputCmd
                0x00000000       0x20 ..\obj\stm32f10x_gpio.o
 .text.GPIO_PinRemapConfig
                0x00000000       0xe0 ..\obj\stm32f10x_gpio.o
 .text.GPIO_EXTILineConfig
                0x00000000       0x84 ..\obj\stm32f10x_gpio.o
 .text.GPIO_ETH_MediaInterfaceConfig
                0x00000000       0x1c ..\obj\stm32f10x_gpio.o
 .text          0x00000000        0x0 ..\obj\usb_prop.o
 .text          0x00000000        0x0 ..\obj\usb_pwr.o
 .text.PowerOff
                0x00000000       0x2c ..\obj\usb_pwr.o
 .text          0x00000000        0x0 ..\obj\usb_init.o
 .data          0x00000000        0x0 ..\obj\usb_init.o
 .bss           0x00000000        0x0 ..\obj\usb_init.o
 .text          0x00000000        0x0 ..\obj\main.o
 .data          0x00000000        0x0 ..\obj\main.o
 .text          0x00000000        0x0 ..\obj\stm32f10x_rcc.o
 .data          0x00000000       0x14 ..\obj\stm32f10x_rcc.o
 .bss           0x00000000        0x0 ..\obj\stm32f10x_rcc.o
 .text.RCC_AdjustHSICalibrationValue
                0x00000000       0x3c ..\obj\stm32f10x_rcc.o
 .text.RCC_HSICmd
                0x00000000       0x20 ..\obj\stm32f10x_rcc.o
 .text.RCC_ITConfig
                0x00000000       0x4c ..\obj\stm32f10x_rcc.o
 .text.RCC_LSEConfig
                0x00000000       0x40 ..\obj\stm32f10x_rcc.o
 .text.RCC_LSICmd
                0x00000000       0x20 ..\obj\stm32f10x_rcc.o
 .text.RCC_RTCCLKConfig
                0x00000000       0x24 ..\obj\stm32f10x_rcc.o
 .text.RCC_RTCCLKCmd
                0x00000000       0x20 ..\obj\stm32f10x_rcc.o
 .text.RCC_GetClocksFreq
                0x00000000      0x164 ..\obj\stm32f10x_rcc.o
 .text.RCC_AHBPeriphClockCmd
                0x00000000       0x3c ..\obj\stm32f10x_rcc.o
 .text.RCC_APB2PeriphResetCmd
                0x00000000       0x3c ..\obj\stm32f10x_rcc.o
 .text.RCC_APB1PeriphResetCmd
                0x00000000       0x3c ..\obj\stm32f10x_rcc.o
 .text.RCC_BackupResetCmd
                0x00000000       0x20 ..\obj\stm32f10x_rcc.o
 .text.RCC_ClockSecuritySystemCmd
                0x00000000       0x20 ..\obj\stm32f10x_rcc.o
 .text.RCC_MCOConfig
                0x00000000       0x20 ..\obj\stm32f10x_rcc.o
 .text.RCC_ClearFlag
                0x00000000       0x1c ..\obj\stm32f10x_rcc.o
 .text.RCC_GetITStatus
                0x00000000       0x38 ..\obj\stm32f10x_rcc.o
 .text.RCC_ClearITPendingBit
                0x00000000       0x20 ..\obj\stm32f10x_rcc.o
 .text          0x00000000        0x0 ..\obj\display.o
 .data          0x00000000        0x0 ..\obj\display.o
 .text.DisplayCursorBlink
                0x00000000       0x20 ..\obj\display.o
 .text.DisplayStringCentered
                0x00000000       0x9c ..\obj\display.o
 .text.DisplayNum
                0x00000000       0x28 ..\obj\display.o
 .text.DisplayNumWDesc
                0x00000000       0x94 ..\obj\display.o
 .text.DisplayBacklightOn
                0x00000000       0x1c ..\obj\display.o
 .text.DisplayBacklightOff
                0x00000000       0x14 ..\obj\display.o
 .text.DisplayBacklightSetState
                0x00000000       0x20 ..\obj\display.o
 .text.DisplayCursorOn
                0x00000000        0xc ..\obj\display.o
 .text.DisplayCursorOff
                0x00000000        0xc ..\obj\display.o
 .text          0x00000000        0x0 ..\obj\stm32f10x_exti.o
 .data          0x00000000        0x0 ..\obj\stm32f10x_exti.o
 .bss           0x00000000        0x0 ..\obj\stm32f10x_exti.o
 .text.EXTI_DeInit
                0x00000000       0x34 ..\obj\stm32f10x_exti.o
 .text.EXTI_Init
                0x00000000       0xe4 ..\obj\stm32f10x_exti.o
 .text.EXTI_StructInit
                0x00000000       0x2c ..\obj\stm32f10x_exti.o
 .text.EXTI_GenerateSWInterrupt
                0x00000000       0x24 ..\obj\stm32f10x_exti.o
 .text.EXTI_GetFlagStatus
                0x00000000       0x34 ..\obj\stm32f10x_exti.o
 .text.EXTI_ClearFlag
                0x00000000       0x1c ..\obj\stm32f10x_exti.o
 .text.EXTI_GetITStatus
                0x00000000       0x48 ..\obj\stm32f10x_exti.o
 .text.EXTI_ClearITPendingBit
                0x00000000       0x1c ..\obj\stm32f10x_exti.o
 .debug_info    0x00000000      0x341 ..\obj\stm32f10x_exti.o
 .debug_abbrev  0x00000000      0x151 ..\obj\stm32f10x_exti.o
 .debug_aranges
                0x00000000       0x58 ..\obj\stm32f10x_exti.o
 .debug_ranges  0x00000000       0x48 ..\obj\stm32f10x_exti.o
 .debug_line    0x00000000      0x28a ..\obj\stm32f10x_exti.o
 .debug_str     0x00000000      0x359 ..\obj\stm32f10x_exti.o
 .comment       0x00000000       0x71 ..\obj\stm32f10x_exti.o
 .debug_frame   0x00000000      0x148 ..\obj\stm32f10x_exti.o
 .ARM.attributes
                0x00000000       0x33 ..\obj\stm32f10x_exti.o
 .text          0x00000000        0x0 ..\obj\usb_sil.o
 .data          0x00000000        0x0 ..\obj\usb_sil.o
 .bss           0x00000000        0x0 ..\obj\usb_sil.o
 .text.USB_SIL_Write
                0x00000000       0x4c ..\obj\usb_sil.o
 .text.USB_SIL_Read
                0x00000000       0x4c ..\obj\usb_sil.o
 .text          0x00000000        0x0 ..\obj\stm32f10x_flash.o
 .data          0x00000000        0x0 ..\obj\stm32f10x_flash.o
 .bss           0x00000000        0x0 ..\obj\stm32f10x_flash.o
 .text.FLASH_HalfCycleAccessCmd
                0x00000000       0x30 ..\obj\stm32f10x_flash.o
 .text.FLASH_Unlock
                0x00000000       0x24 ..\obj\stm32f10x_flash.o
 .text.FLASH_UnlockBank1
                0x00000000       0x24 ..\obj\stm32f10x_flash.o
 .text.FLASH_Lock
                0x00000000       0x1c ..\obj\stm32f10x_flash.o
 .text.FLASH_LockBank1
                0x00000000       0x1c ..\obj\stm32f10x_flash.o
 .text.FLASH_ErasePage
                0x00000000       0x64 ..\obj\stm32f10x_flash.o
 .text.FLASH_EraseAllPages
                0x00000000       0x5c ..\obj\stm32f10x_flash.o
 .text.FLASH_EraseAllBank1Pages
                0x00000000       0x5c ..\obj\stm32f10x_flash.o
 .text.FLASH_EraseOptionBytes
                0x00000000       0xd4 ..\obj\stm32f10x_flash.o
 .text.FLASH_ProgramWord
                0x00000000       0x94 ..\obj\stm32f10x_flash.o
 .text.FLASH_ProgramHalfWord
                0x00000000       0x5c ..\obj\stm32f10x_flash.o
 .text.FLASH_ProgramOptionByteData
                0x00000000       0x78 ..\obj\stm32f10x_flash.o
 .text.FLASH_EnableWriteProtection
                0x00000000      0x118 ..\obj\stm32f10x_flash.o
 .text.FLASH_ReadOutProtection
                0x00000000       0xd4 ..\obj\stm32f10x_flash.o
 .text.FLASH_UserOptionByteConfig
                0x00000000       0x94 ..\obj\stm32f10x_flash.o
 .text.FLASH_GetUserOptionByte
                0x00000000       0x18 ..\obj\stm32f10x_flash.o
 .text.FLASH_GetWriteProtectionOptionByte
                0x00000000       0x18 ..\obj\stm32f10x_flash.o
 .text.FLASH_GetReadOutProtectionStatus
                0x00000000       0x34 ..\obj\stm32f10x_flash.o
 .text.FLASH_GetPrefetchBufferStatus
                0x00000000       0x34 ..\obj\stm32f10x_flash.o
 .text.FLASH_ITConfig
                0x00000000       0x3c ..\obj\stm32f10x_flash.o
 .text.FLASH_GetFlagStatus
                0x00000000       0x54 ..\obj\stm32f10x_flash.o
 .text.FLASH_ClearFlag
                0x00000000       0x1c ..\obj\stm32f10x_flash.o
 .text.FLASH_GetStatus
                0x00000000       0x58 ..\obj\stm32f10x_flash.o
 .text.FLASH_GetBank1Status
                0x00000000       0x58 ..\obj\stm32f10x_flash.o
 .text.FLASH_WaitForLastOperation
                0x00000000       0x44 ..\obj\stm32f10x_flash.o
 .text.FLASH_WaitForLastBank1Operation
                0x00000000       0x44 ..\obj\stm32f10x_flash.o
 .text          0x00000000        0x0 ..\obj\stm32f10x_it.o
 .data          0x00000000        0x0 ..\obj\stm32f10x_it.o
 .bss           0x00000000        0x0 ..\obj\stm32f10x_it.o
 .text.EVAL_COM1_IRQHandler
                0x00000000        0xc ..\obj\stm32f10x_it.o
 .text          0x00000000        0x0 ..\obj\usb_endp.o
 .data          0x00000000        0x0 ..\obj\usb_endp.o
 .text          0x00000000        0x0 ..\obj\misc.o
 .data          0x00000000        0x0 ..\obj\misc.o
 .bss           0x00000000        0x0 ..\obj\misc.o
 .text.NVIC_SetVectorTable
                0x00000000       0x2c ..\obj\misc.o
 .text.NVIC_SystemLPConfig
                0x00000000       0x40 ..\obj\misc.o
 .text.SysTick_CLKSourceConfig
                0x00000000       0x38 ..\obj\misc.o
 .text          0x00000000        0x0 ..\obj\usb_mem.o
 .data          0x00000000        0x0 ..\obj\usb_mem.o
 .bss           0x00000000        0x0 ..\obj\usb_mem.o
 .text          0x00000000        0x0 ..\obj\usb_istr.o
 .text          0x00000000      0x370 c:/program files/gnu tools arm embedded/4.9 2015q3/bin/../lib/gcc/arm-none-eabi/4.9.3/armv7-m\libgcc.a(_arm_addsubdf3.o)
 .data          0x00000000        0x0 c:/program files/gnu tools arm embedded/4.9 2015q3/bin/../lib/gcc/arm-none-eabi/4.9.3/armv7-m\libgcc.a(_arm_addsubdf3.o)
 .bss           0x00000000        0x0 c:/program files/gnu tools arm embedded/4.9 2015q3/bin/../lib/gcc/arm-none-eabi/4.9.3/armv7-m\libgcc.a(_arm_addsubdf3.o)
 .ARM.attributes
                0x00000000       0x1d c:/program files/gnu tools arm embedded/4.9 2015q3/bin/../lib/gcc/arm-none-eabi/4.9.3/armv7-m\libgcc.a(_arm_addsubdf3.o)
 .text          0x00000000      0x424 c:/program files/gnu tools arm embedded/4.9 2015q3/bin/../lib/gcc/arm-none-eabi/4.9.3/armv7-m\libgcc.a(_arm_muldivdf3.o)
 .data          0x00000000        0x0 c:/program files/gnu tools arm embedded/4.9 2015q3/bin/../lib/gcc/arm-none-eabi/4.9.3/armv7-m\libgcc.a(_arm_muldivdf3.o)
 .bss           0x00000000        0x0 c:/program files/gnu tools arm embedded/4.9 2015q3/bin/../lib/gcc/arm-none-eabi/4.9.3/armv7-m\libgcc.a(_arm_muldivdf3.o)
 .ARM.attributes
                0x00000000       0x1d c:/program files/gnu tools arm embedded/4.9 2015q3/bin/../lib/gcc/arm-none-eabi/4.9.3/armv7-m\libgcc.a(_arm_muldivdf3.o)
 .text          0x00000000       0xa0 c:/program files/gnu tools arm embedded/4.9 2015q3/bin/../lib/gcc/arm-none-eabi/4.9.3/armv7-m\libgcc.a(_arm_truncdfsf2.o)
 .data          0x00000000        0x0 c:/program files/gnu tools arm embedded/4.9 2015q3/bin/../lib/gcc/arm-none-eabi/4.9.3/armv7-m\libgcc.a(_arm_truncdfsf2.o)
 .bss           0x00000000        0x0 c:/program files/gnu tools arm embedded/4.9 2015q3/bin/../lib/gcc/arm-none-eabi/4.9.3/armv7-m\libgcc.a(_arm_truncdfsf2.o)
 .ARM.attributes
                0x00000000       0x1d c:/program files/gnu tools arm embedded/4.9 2015q3/bin/../lib/gcc/arm-none-eabi/4.9.3/armv7-m\libgcc.a(_arm_truncdfsf2.o)
 .text          0x00000000      0x21c c:/program files/gnu tools arm embedded/4.9 2015q3/bin/../lib/gcc/arm-none-eabi/4.9.3/armv7-m\libgcc.a(_arm_addsubsf3.o)
 .data          0x00000000        0x0 c:/program files/gnu tools arm embedded/4.9 2015q3/bin/../lib/gcc/arm-none-eabi/4.9.3/armv7-m\libgcc.a(_arm_addsubsf3.o)
 .bss           0x00000000        0x0 c:/program files/gnu tools arm embedded/4.9 2015q3/bin/../lib/gcc/arm-none-eabi/4.9.3/armv7-m\libgcc.a(_arm_addsubsf3.o)
 .ARM.attributes
                0x00000000       0x1d c:/program files/gnu tools arm embedded/4.9 2015q3/bin/../lib/gcc/arm-none-eabi/4.9.3/armv7-m\libgcc.a(_arm_addsubsf3.o)
 .text          0x00000000      0x2a0 c:/program files/gnu tools arm embedded/4.9 2015q3/bin/../lib/gcc/arm-none-eabi/4.9.3/armv7-m\libgcc.a(_arm_muldivsf3.o)
 .data          0x00000000        0x0 c:/program files/gnu tools arm embedded/4.9 2015q3/bin/../lib/gcc/arm-none-eabi/4.9.3/armv7-m\libgcc.a(_arm_muldivsf3.o)
 .bss           0x00000000        0x0 c:/program files/gnu tools arm embedded/4.9 2015q3/bin/../lib/gcc/arm-none-eabi/4.9.3/armv7-m\libgcc.a(_arm_muldivsf3.o)
 .ARM.attributes
                0x00000000       0x1d c:/program files/gnu tools arm embedded/4.9 2015q3/bin/../lib/gcc/arm-none-eabi/4.9.3/armv7-m\libgcc.a(_arm_muldivsf3.o)
 .text          0x00000000       0xec c:/program files/gnu tools arm embedded/4.9 2015q3/bin/../lib/gcc/arm-none-eabi/4.9.3/armv7-m\libgcc.a(_arm_cmpsf2.o)
 .data          0x00000000        0x0 c:/program files/gnu tools arm embedded/4.9 2015q3/bin/../lib/gcc/arm-none-eabi/4.9.3/armv7-m\libgcc.a(_arm_cmpsf2.o)
 .bss           0x00000000        0x0 c:/program files/gnu tools arm embedded/4.9 2015q3/bin/../lib/gcc/arm-none-eabi/4.9.3/armv7-m\libgcc.a(_arm_cmpsf2.o)
 .ARM.attributes
                0x00000000       0x1d c:/program files/gnu tools arm embedded/4.9 2015q3/bin/../lib/gcc/arm-none-eabi/4.9.3/armv7-m\libgcc.a(_arm_cmpsf2.o)
 .text          0x00000000       0x4c c:/program files/gnu tools arm embedded/4.9 2015q3/bin/../lib/gcc/arm-none-eabi/4.9.3/armv7-m\libgcc.a(_arm_fixsfsi.o)
 .data          0x00000000        0x0 c:/program files/gnu tools arm embedded/4.9 2015q3/bin/../lib/gcc/arm-none-eabi/4.9.3/armv7-m\libgcc.a(_arm_fixsfsi.o)
 .bss           0x00000000        0x0 c:/program files/gnu tools arm embedded/4.9 2015q3/bin/../lib/gcc/arm-none-eabi/4.9.3/armv7-m\libgcc.a(_arm_fixsfsi.o)
 .ARM.attributes
                0x00000000       0x1d c:/program files/gnu tools arm embedded/4.9 2015q3/bin/../lib/gcc/arm-none-eabi/4.9.3/armv7-m\libgcc.a(_arm_fixsfsi.o)
 .text          0x00000000       0x38 c:/program files/gnu tools arm embedded/4.9 2015q3/bin/../lib/gcc/arm-none-eabi/4.9.3/armv7-m\libgcc.a(_aeabi_ldivmod.o)
 .data          0x00000000        0x0 c:/program files/gnu tools arm embedded/4.9 2015q3/bin/../lib/gcc/arm-none-eabi/4.9.3/armv7-m\libgcc.a(_aeabi_ldivmod.o)
 .bss           0x00000000        0x0 c:/program files/gnu tools arm embedded/4.9 2015q3/bin/../lib/gcc/arm-none-eabi/4.9.3/armv7-m\libgcc.a(_aeabi_ldivmod.o)
 .debug_frame   0x00000000       0x28 c:/program files/gnu tools arm embedded/4.9 2015q3/bin/../lib/gcc/arm-none-eabi/4.9.3/armv7-m\libgcc.a(_aeabi_ldivmod.o)
 .ARM.attributes
                0x00000000       0x1d c:/program files/gnu tools arm embedded/4.9 2015q3/bin/../lib/gcc/arm-none-eabi/4.9.3/armv7-m\libgcc.a(_aeabi_ldivmod.o)
 .text          0x00000000       0x60 c:/program files/gnu tools arm embedded/4.9 2015q3/bin/../lib/gcc/arm-none-eabi/4.9.3/armv7-m\libgcc.a(bpabi.o)
 .data          0x00000000        0x0 c:/program files/gnu tools arm embedded/4.9 2015q3/bin/../lib/gcc/arm-none-eabi/4.9.3/armv7-m\libgcc.a(bpabi.o)
 .bss           0x00000000        0x0 c:/program files/gnu tools arm embedded/4.9 2015q3/bin/../lib/gcc/arm-none-eabi/4.9.3/armv7-m\libgcc.a(bpabi.o)
 .debug_frame   0x00000000       0x54 c:/program files/gnu tools arm embedded/4.9 2015q3/bin/../lib/gcc/arm-none-eabi/4.9.3/armv7-m\libgcc.a(bpabi.o)
 .ARM.attributes
                0x00000000       0x2d c:/program files/gnu tools arm embedded/4.9 2015q3/bin/../lib/gcc/arm-none-eabi/4.9.3/armv7-m\libgcc.a(bpabi.o)
 .text          0x00000000        0x4 c:/program files/gnu tools arm embedded/4.9 2015q3/bin/../lib/gcc/arm-none-eabi/4.9.3/armv7-m\libgcc.a(_dvmd_tls.o)
 .data          0x00000000        0x0 c:/program files/gnu tools arm embedded/4.9 2015q3/bin/../lib/gcc/arm-none-eabi/4.9.3/armv7-m\libgcc.a(_dvmd_tls.o)
 .bss           0x00000000        0x0 c:/program files/gnu tools arm embedded/4.9 2015q3/bin/../lib/gcc/arm-none-eabi/4.9.3/armv7-m\libgcc.a(_dvmd_tls.o)
 .ARM.attributes
                0x00000000       0x1d c:/program files/gnu tools arm embedded/4.9 2015q3/bin/../lib/gcc/arm-none-eabi/4.9.3/armv7-m\libgcc.a(_dvmd_tls.o)
 .text          0x00000000      0x2ac c:/program files/gnu tools arm embedded/4.9 2015q3/bin/../lib/gcc/arm-none-eabi/4.9.3/armv7-m\libgcc.a(_divdi3.o)
 .data          0x00000000        0x0 c:/program files/gnu tools arm embedded/4.9 2015q3/bin/../lib/gcc/arm-none-eabi/4.9.3/armv7-m\libgcc.a(_divdi3.o)
 .bss           0x00000000        0x0 c:/program files/gnu tools arm embedded/4.9 2015q3/bin/../lib/gcc/arm-none-eabi/4.9.3/armv7-m\libgcc.a(_divdi3.o)
 .ARM.extab     0x00000000        0x0 c:/program files/gnu tools arm embedded/4.9 2015q3/bin/../lib/gcc/arm-none-eabi/4.9.3/armv7-m\libgcc.a(_divdi3.o)
 .ARM.exidx     0x00000000        0x8 c:/program files/gnu tools arm embedded/4.9 2015q3/bin/../lib/gcc/arm-none-eabi/4.9.3/armv7-m\libgcc.a(_divdi3.o)
 .debug_frame   0x00000000       0x34 c:/program files/gnu tools arm embedded/4.9 2015q3/bin/../lib/gcc/arm-none-eabi/4.9.3/armv7-m\libgcc.a(_divdi3.o)
 .ARM.attributes
                0x00000000       0x2d c:/program files/gnu tools arm embedded/4.9 2015q3/bin/../lib/gcc/arm-none-eabi/4.9.3/armv7-m\libgcc.a(_divdi3.o)
 .text          0x00000000      0x270 c:/program files/gnu tools arm embedded/4.9 2015q3/bin/../lib/gcc/arm-none-eabi/4.9.3/armv7-m\libgcc.a(_udivdi3.o)
 .data          0x00000000        0x0 c:/program files/gnu tools arm embedded/4.9 2015q3/bin/../lib/gcc/arm-none-eabi/4.9.3/armv7-m\libgcc.a(_udivdi3.o)
 .bss           0x00000000        0x0 c:/program files/gnu tools arm embedded/4.9 2015q3/bin/../lib/gcc/arm-none-eabi/4.9.3/armv7-m\libgcc.a(_udivdi3.o)
 .ARM.extab     0x00000000        0x0 c:/program files/gnu tools arm embedded/4.9 2015q3/bin/../lib/gcc/arm-none-eabi/4.9.3/armv7-m\libgcc.a(_udivdi3.o)
 .ARM.exidx     0x00000000        0x8 c:/program files/gnu tools arm embedded/4.9 2015q3/bin/../lib/gcc/arm-none-eabi/4.9.3/armv7-m\libgcc.a(_udivdi3.o)
 .debug_frame   0x00000000       0x34 c:/program files/gnu tools arm embedded/4.9 2015q3/bin/../lib/gcc/arm-none-eabi/4.9.3/armv7-m\libgcc.a(_udivdi3.o)
 .ARM.attributes
                0x00000000       0x2d c:/program files/gnu tools arm embedded/4.9 2015q3/bin/../lib/gcc/arm-none-eabi/4.9.3/armv7-m\libgcc.a(_udivdi3.o)
 .data          0x00000000        0x0 c:/program files/gnu tools arm embedded/4.9 2015q3/bin/../lib/gcc/arm-none-eabi/4.9.3/../../../../arm-none-eabi/lib/armv7-m\libg.a(lib_a-memcpy.o)
 .bss           0x00000000        0x0 c:/program files/gnu tools arm embedded/4.9 2015q3/bin/../lib/gcc/arm-none-eabi/4.9.3/../../../../arm-none-eabi/lib/armv7-m\libg.a(lib_a-memcpy.o)

Memory Configuration

Name             Origin             Length             Attributes
rom              0x08000000         0x00040000         xr
ram              0x20000000         0x0000c000         xrw
*default*        0x00000000         0xffffffff

Linker script and memory map

                0x2000c000                _eram = 0x2000c000

.text           0x08000000     0x4000
 *(.isr_vector)
 .isr_vector    0x08000000      0x134 ..\obj\startup_stm32f10x_hd.o
                0x08000000                g_pfnVectors
 *(.text*)
 .text.Standard_GetConfiguration
                0x08000134       0x3c ..\obj\usb_core.o
                0x08000134                Standard_GetConfiguration
 .text.Standard_SetConfiguration
                0x08000170       0x50 ..\obj\usb_core.o
                0x08000170                Standard_SetConfiguration
 .text.Standard_GetInterface
                0x080001c0       0x3c ..\obj\usb_core.o
                0x080001c0                Standard_GetInterface
 .text.Standard_SetInterface
                0x080001fc       0x8c ..\obj\usb_core.o
                0x080001fc                Standard_SetInterface
 .text.Standard_GetStatus
                0x08000288      0x138 ..\obj\usb_core.o
                0x08000288                Standard_GetStatus
 .text.Standard_ClearFeature
                0x080003c0      0x1dc ..\obj\usb_core.o
                0x080003c0                Standard_ClearFeature
 .text.Standard_SetEndPointFeature
                0x0800059c      0x118 ..\obj\usb_core.o
                0x0800059c                Standard_SetEndPointFeature
 .text.Standard_SetDeviceFeature
                0x080006b4       0x2c ..\obj\usb_core.o
                0x080006b4                Standard_SetDeviceFeature
 .text.Standard_GetDescriptorData
                0x080006e0       0x48 ..\obj\usb_core.o
                0x080006e0                Standard_GetDescriptorData
 .text.DataStageOut
                0x08000728      0x104 ..\obj\usb_core.o
 .text.DataStageIn
                0x0800082c      0x10c ..\obj\usb_core.o
 .text.NoData_Setup0
                0x08000938      0x194 ..\obj\usb_core.o
 .text.Data_Setup0
                0x08000acc      0x328 ..\obj\usb_core.o
 .text.Setup0_Process
                0x08000df4       0xd8 ..\obj\usb_core.o
                0x08000df4                Setup0_Process
 .text.In0_Process
                0x08000ecc       0x90 ..\obj\usb_core.o
                0x08000ecc                In0_Process
 .text.Out0_Process
                0x08000f5c       0x74 ..\obj\usb_core.o
                0x08000f5c                Out0_Process
 .text.Post0_Process
                0x08000fd0       0x50 ..\obj\usb_core.o
                0x08000fd0                Post0_Process
 .text.SetDeviceAddress
                0x08001020       0x7c ..\obj\usb_core.o
                0x08001020                SetDeviceAddress
 .text.NOP_Process
                0x0800109c        0xc ..\obj\usb_core.o
                0x0800109c                NOP_Process
 .text.strlen   0x080010a8       0x30 ..\obj\string.o
                0x080010a8                strlen
 .text.itoa_    0x080010d8       0x8c ..\obj\string.o
                0x080010d8                itoa_
 .text.reverse  0x08001164       0x5c ..\obj\string.o
                0x08001164                reverse
 .text.CTR_LP   0x080011c0      0x308 ..\obj\usb_int.o
                0x080011c0                CTR_LP
 .text.SystemInit
                0x080014c8       0x68 ..\obj\system_stm32f10x.o
                0x080014c8                SystemInit
 .text.SetSysClock
                0x08001530        0xc ..\obj\system_stm32f10x.o
 .text.SetSysClockTo72
                0x0800153c      0x100 ..\obj\system_stm32f10x.o
 .text.Default_Reset_Handler
                0x0800163c       0x5c ..\obj\startup_stm32f10x_hd.o
                0x0800163c                Default_Reset_Handler
                0x0800163c                Reset_Handler
 .text.Default_Handler
                0x08001698        0x8 ..\obj\startup_stm32f10x_hd.o
                0x08001698                EXTI2_IRQHandler
                0x08001698                TIM8_TRG_COM_IRQHandler
                0x08001698                TIM8_CC_IRQHandler
                0x08001698                TIM1_CC_IRQHandler
                0x08001698                TIM6_IRQHandler
                0x08001698                PVD_IRQHandler
                0x08001698                SDIO_IRQHandler
                0x08001698                EXTI3_IRQHandler
                0x08001698                EXTI0_IRQHandler
                0x08001698                I2C2_EV_IRQHandler
                0x08001698                ADC1_2_IRQHandler
                0x08001698                SPI1_IRQHandler
                0x08001698                TAMPER_IRQHandler
                0x08001698                TIM8_UP_IRQHandler
                0x08001698                DMA2_Channel2_IRQHandler
                0x08001698                DMA1_Channel4_IRQHandler
                0x08001698                USART3_IRQHandler
                0x08001698                RTC_IRQHandler
                0x08001698                DMA1_Channel7_IRQHandler
                0x08001698                CAN1_RX1_IRQHandler
                0x08001698                UART5_IRQHandler
                0x08001698                ADC3_IRQHandler
                0x08001698                TIM4_IRQHandler
                0x08001698                DMA2_Channel1_IRQHandler
                0x08001698                I2C1_EV_IRQHandler
                0x08001698                DMA1_Channel6_IRQHandler
                0x08001698                UART4_IRQHandler
                0x08001698                TIM3_IRQHandler
                0x08001698                RCC_IRQHandler
                0x08001698                TIM1_TRG_COM_IRQHandler
                0x08001698                DMA1_Channel1_IRQHandler
                0x08001698                EXTI15_10_IRQHandler
                0x08001698                TIM7_IRQHandler
                0x08001698                TIM5_IRQHandler
                0x08001698                EXTI9_5_IRQHandler
                0x08001698                SPI2_IRQHandler
                0x08001698                DMA1_Channel5_IRQHandler
                0x08001698                EXTI4_IRQHandler
                0x08001698                USB_HP_CAN1_TX_IRQHandler
                0x08001698                DMA1_Channel3_IRQHandler
                0x08001698                FSMC_IRQHandler
                0x08001698                TIM1_UP_IRQHandler
                0x08001698                WWDG_IRQHandler
                0x08001698                TIM2_IRQHandler
                0x08001698                TIM1_BRK_IRQHandler
                0x08001698                EXTI1_IRQHandler
                0x08001698                RTCAlarm_IRQHandler
                0x08001698                DMA2_Channel4_5_IRQHandler
                0x08001698                USART2_IRQHandler
                0x08001698                I2C2_ER_IRQHandler
                0x08001698                DMA1_Channel2_IRQHandler
                0x08001698                TIM8_BRK_IRQHandler
                0x08001698                CAN1_SCE_IRQHandler
                0x08001698                FLASH_IRQHandler
                0x08001698                USART1_IRQHandler
                0x08001698                SPI3_IRQHandler
                0x08001698                I2C1_ER_IRQHandler
                0x08001698                USBWakeUp_IRQHandler
                0x08001698                DMA2_Channel3_IRQHandler
 .text.SetBTABLE
                0x080016a0       0x24 ..\obj\usb_regs.o
                0x080016a0                SetBTABLE
 .text.SetEPType
                0x080016c4       0x4c ..\obj\usb_regs.o
                0x080016c4                SetEPType
 .text.SetEPTxStatus
                0x08001710       0x70 ..\obj\usb_regs.o
                0x08001710                SetEPTxStatus
 .text.SetEPRxStatus
                0x08001780       0x70 ..\obj\usb_regs.o
                0x08001780                SetEPRxStatus
 .text.SetEPTxValid
                0x080017f0       0x50 ..\obj\usb_regs.o
                0x080017f0                SetEPTxValid
 .text.SetEPRxValid
                0x08001840       0x50 ..\obj\usb_regs.o
                0x08001840                SetEPRxValid
 .text.Clear_Status_Out
                0x08001890       0x50 ..\obj\usb_regs.o
                0x08001890                Clear_Status_Out
 .text.ClearDTOG_RX
                0x080018e0       0x5c ..\obj\usb_regs.o
                0x080018e0                ClearDTOG_RX
 .text.ClearDTOG_TX
                0x0800193c       0x5c ..\obj\usb_regs.o
                0x0800193c                ClearDTOG_TX
 .text.SetEPTxAddr
                0x08001998       0x44 ..\obj\usb_regs.o
                0x08001998                SetEPTxAddr
 .text.SetEPRxAddr
                0x080019dc       0x44 ..\obj\usb_regs.o
                0x080019dc                SetEPRxAddr
 .text.GetEPTxAddr
                0x08001a20       0x38 ..\obj\usb_regs.o
                0x08001a20                GetEPTxAddr
 .text.GetEPRxAddr
                0x08001a58       0x38 ..\obj\usb_regs.o
                0x08001a58                GetEPRxAddr
 .text.SetEPTxCount
                0x08001a90       0x3c ..\obj\usb_regs.o
                0x08001a90                SetEPTxCount
 .text.SetEPRxCount
                0x08001acc       0x84 ..\obj\usb_regs.o
                0x08001acc                SetEPRxCount
 .text.GetEPRxCount
                0x08001b50       0x3c ..\obj\usb_regs.o
                0x08001b50                GetEPRxCount
 .text.ByteSwap
                0x08001b8c       0x30 ..\obj\usb_regs.o
                0x08001b8c                ByteSwap
 .text.NVIC_SetPriority
                0x08001bbc       0x54 ..\obj\hw_config.o
 .text.SysTick_Config
                0x08001c10       0x44 ..\obj\hw_config.o
 .text.Initialization
                0x08001c54       0xa4 ..\obj\hw_config.o
                0x08001c54                Initialization
 .text.Set_System
                0x08001cf8        0xc ..\obj\hw_config.o
                0x08001cf8                Set_System
 .text.Set_USBClock
                0x08001d04       0x18 ..\obj\hw_config.o
                0x08001d04                Set_USBClock
 .text.Enter_LowPowerMode
                0x08001d1c       0x18 ..\obj\hw_config.o
                0x08001d1c                Enter_LowPowerMode
 .text.Leave_LowPowerMode
                0x08001d34       0x34 ..\obj\hw_config.o
                0x08001d34                Leave_LowPowerMode
 .text.USB_Interrupts_Config
                0x08001d68       0x2c ..\obj\hw_config.o
                0x08001d68                USB_Interrupts_Config
 .text.USB_Cable_Config
                0x08001d94       0x14 ..\obj\hw_config.o
                0x08001d94                USB_Cable_Config
 .text.IntToUnicode
                0x08001da8       0x7c ..\obj\hw_config.o
 .text.Get_SerialNum
                0x08001e24       0x54 ..\obj\hw_config.o
                0x08001e24                Get_SerialNum
 .text.To_USB_Send_Str
                0x08001e78       0x74 ..\obj\hw_config.o
                0x08001e78                To_USB_Send_Str
 .text.handler_usb_rs
                0x08001eec       0x84 ..\obj\hw_config.o
                0x08001eec                handler_usb_rs
 .text.GPIO_Init
                0x08001f70      0x180 ..\obj\stm32f10x_gpio.o
                0x08001f70                GPIO_Init
 .text.GPIO_SetBits
                0x080020f0       0x1c ..\obj\stm32f10x_gpio.o
                0x080020f0                GPIO_SetBits
 .text.GPIO_ResetBits
                0x0800210c       0x1c ..\obj\stm32f10x_gpio.o
                0x0800210c                GPIO_ResetBits
 .text.Virtual_Com_Port_init
                0x08002128       0x28 ..\obj\usb_prop.o
                0x08002128                Virtual_Com_Port_init
 .text.Virtual_Com_Port_Reset
                0x08002150       0xf0 ..\obj\usb_prop.o
                0x08002150                Virtual_Com_Port_Reset
 .text.Virtual_Com_Port_SetConfiguration
                0x08002240       0x2c ..\obj\usb_prop.o
                0x08002240                Virtual_Com_Port_SetConfiguration
 .text.Virtual_Com_Port_SetDeviceAddress
                0x0800226c       0x18 ..\obj\usb_prop.o
                0x0800226c                Virtual_Com_Port_SetDeviceAddress
 .text.Virtual_Com_Port_Status_In
                0x08002284       0x20 ..\obj\usb_prop.o
                0x08002284                Virtual_Com_Port_Status_In
 .text.Virtual_Com_Port_Status_Out
                0x080022a4        0xc ..\obj\usb_prop.o
                0x080022a4                Virtual_Com_Port_Status_Out
 .text.Virtual_Com_Port_Data_Setup
                0x080022b0       0x80 ..\obj\usb_prop.o
                0x080022b0                Virtual_Com_Port_Data_Setup
 .text.Virtual_Com_Port_NoData_Setup
                0x08002330       0x40 ..\obj\usb_prop.o
                0x08002330                Virtual_Com_Port_NoData_Setup
 .text.Virtual_Com_Port_GetDeviceDescriptor
                0x08002370       0x24 ..\obj\usb_prop.o
                0x08002370                Virtual_Com_Port_GetDeviceDescriptor
 .text.Virtual_Com_Port_GetConfigDescriptor
                0x08002394       0x24 ..\obj\usb_prop.o
                0x08002394                Virtual_Com_Port_GetConfigDescriptor
 .text.Virtual_Com_Port_GetStringDescriptor
                0x080023b8       0x40 ..\obj\usb_prop.o
                0x080023b8                Virtual_Com_Port_GetStringDescriptor
 .text.Virtual_Com_Port_Get_Interface_Setting
                0x080023f8       0x34 ..\obj\usb_prop.o
                0x080023f8                Virtual_Com_Port_Get_Interface_Setting
 .text.Virtual_Com_Port_GetLineCoding
                0x0800242c       0x34 ..\obj\usb_prop.o
                0x0800242c                Virtual_Com_Port_GetLineCoding
 .text.Virtual_Com_Port_SetLineCoding
                0x08002460       0x34 ..\obj\usb_prop.o
                0x08002460                Virtual_Com_Port_SetLineCoding
 .text.PowerOn  0x08002494       0x50 ..\obj\usb_pwr.o
                0x08002494                PowerOn
 .text.Suspend  0x080024e4       0x3c ..\obj\usb_pwr.o
                0x080024e4                Suspend
 .text.Resume_Init
                0x08002520       0x30 ..\obj\usb_pwr.o
                0x08002520                Resume_Init
 .text.Resume   0x08002550       0xf8 ..\obj\usb_pwr.o
                0x08002550                Resume
 .text.USB_Init
                0x08002648       0x40 ..\obj\usb_init.o
                0x08002648                USB_Init
 .text.__delay_ms
                0x08002688       0x28 ..\obj\main.o
                0x08002688                __delay_ms
 .text.SysTick_Handler
                0x080026b0       0x24 ..\obj\main.o
                0x080026b0                SysTick_Handler
 .text.main     0x080026d4       0x80 ..\obj\main.o
                0x080026d4                main
 .text.RCC_DeInit
                0x08002754       0x5c ..\obj\stm32f10x_rcc.o
                0x08002754                RCC_DeInit
 .text.RCC_HSEConfig
                0x080027b0       0x5c ..\obj\stm32f10x_rcc.o
                0x080027b0                RCC_HSEConfig
 .text.RCC_WaitForHSEStartUp
                0x0800280c       0x50 ..\obj\stm32f10x_rcc.o
                0x0800280c                RCC_WaitForHSEStartUp
 .text.RCC_PLLConfig
                0x0800285c       0x3c ..\obj\stm32f10x_rcc.o
                0x0800285c                RCC_PLLConfig
 .text.RCC_PLLCmd
                0x08002898       0x20 ..\obj\stm32f10x_rcc.o
                0x08002898                RCC_PLLCmd
 .text.RCC_SYSCLKConfig
                0x080028b8       0x38 ..\obj\stm32f10x_rcc.o
                0x080028b8                RCC_SYSCLKConfig
 .text.RCC_GetSYSCLKSource
                0x080028f0       0x20 ..\obj\stm32f10x_rcc.o
                0x080028f0                RCC_GetSYSCLKSource
 .text.RCC_HCLKConfig
                0x08002910       0x38 ..\obj\stm32f10x_rcc.o
                0x08002910                RCC_HCLKConfig
 .text.RCC_PCLK1Config
                0x08002948       0x38 ..\obj\stm32f10x_rcc.o
                0x08002948                RCC_PCLK1Config
 .text.RCC_PCLK2Config
                0x08002980       0x38 ..\obj\stm32f10x_rcc.o
                0x08002980                RCC_PCLK2Config
 .text.RCC_USBCLKConfig
                0x080029b8       0x1c ..\obj\stm32f10x_rcc.o
                0x080029b8                RCC_USBCLKConfig
 .text.RCC_ADCCLKConfig
                0x080029d4       0x38 ..\obj\stm32f10x_rcc.o
                0x080029d4                RCC_ADCCLKConfig
 .text.RCC_APB2PeriphClockCmd
                0x08002a0c       0x3c ..\obj\stm32f10x_rcc.o
                0x08002a0c                RCC_APB2PeriphClockCmd
 .text.RCC_APB1PeriphClockCmd
                0x08002a48       0x3c ..\obj\stm32f10x_rcc.o
                0x08002a48                RCC_APB1PeriphClockCmd
 .text.RCC_GetFlagStatus
                0x08002a84       0x74 ..\obj\stm32f10x_rcc.o
                0x08002a84                RCC_GetFlagStatus
 .text.ClearBuffer
                0x08002af8       0x38 ..\obj\display.o
                0x08002af8                ClearBuffer
 .text.DisplayInit
                0x08002b30      0x114 ..\obj\display.o
                0x08002b30                DisplayInit
 .text.DisplayClear
                0x08002c44       0x50 ..\obj\display.o
                0x08002c44                DisplayClear
 .text.DisplayWriteData
                0x08002c94       0x84 ..\obj\display.o
                0x08002c94                DisplayWriteData
 .text.DisplayWriteCom
                0x08002d18       0x84 ..\obj\display.o
                0x08002d18                DisplayWriteCom
 .text.DisplayChar
                0x08002d9c       0x60 ..\obj\display.o
                0x08002d9c                DisplayChar
 .text.DisplayWriteCustomChar
                0x08002dfc      0x16c ..\obj\display.o
                0x08002dfc                DisplayWriteCustomChar
 .text.IsCharInEngPage
                0x08002f68      0x22c ..\obj\display.o
                0x08002f68                IsCharInEngPage
 .text.DisplaySetCursor
                0x08003194       0x2c ..\obj\display.o
                0x08003194                DisplaySetCursor
 .text.DisplayString
                0x080031c0       0x74 ..\obj\display.o
                0x080031c0                DisplayString
 .text.DisplayStringRelative
                0x08003234       0x84 ..\obj\display.o
                0x08003234                DisplayStringRelative
 .text.DisplayNumAtPos
                0x080032b8       0x34 ..\obj\display.o
                0x080032b8                DisplayNumAtPos
 .text.DisplayCheckIfTheSameContent
                0x080032ec       0x74 ..\obj\display.o
                0x080032ec                DisplayCheckIfTheSameContent
 .text.USB_SIL_Init
                0x08003360       0x34 ..\obj\usb_sil.o
                0x08003360                USB_SIL_Init
 .text.FLASH_SetLatency
                0x08003394       0x38 ..\obj\stm32f10x_flash.o
                0x08003394                FLASH_SetLatency
 .text.FLASH_PrefetchBufferCmd
                0x080033cc       0x30 ..\obj\stm32f10x_flash.o
                0x080033cc                FLASH_PrefetchBufferCmd
 .text.NMI_Handler
                0x080033fc        0xc ..\obj\stm32f10x_it.o
                0x080033fc                NMI_Handler
 .text.HardFault_Handler
                0x08003408        0x8 ..\obj\stm32f10x_it.o
                0x08003408                HardFault_Handler
 .text.MemManage_Handler
                0x08003410        0x8 ..\obj\stm32f10x_it.o
                0x08003410                MemManage_Handler
 .text.BusFault_Handler
                0x08003418        0x8 ..\obj\stm32f10x_it.o
                0x08003418                BusFault_Handler
 .text.UsageFault_Handler
                0x08003420        0x8 ..\obj\stm32f10x_it.o
                0x08003420                UsageFault_Handler
 .text.SVC_Handler
                0x08003428        0xc ..\obj\stm32f10x_it.o
                0x08003428                SVC_Handler
 .text.DebugMon_Handler
                0x08003434        0xc ..\obj\stm32f10x_it.o
                0x08003434                DebugMon_Handler
 .text.PendSV_Handler
                0x08003440        0xc ..\obj\stm32f10x_it.o
                0x08003440                PendSV_Handler
 .text.USB_LP_CAN1_RX0_IRQHandler
                0x0800344c        0xc ..\obj\stm32f10x_it.o
                0x0800344c                USB_LP_CAN1_RX0_IRQHandler
 .text.EP3_OUT_Callback
                0x08003458       0x40 ..\obj\usb_endp.o
                0x08003458                EP3_OUT_Callback
 .text.EP1_IN_Callback
                0x08003498       0x18 ..\obj\usb_endp.o
                0x08003498                EP1_IN_Callback
 .text.NVIC_PriorityGroupConfig
                0x080034b0       0x24 ..\obj\misc.o
                0x080034b0                NVIC_PriorityGroupConfig
 .text.NVIC_Init
                0x080034d4       0xc4 ..\obj\misc.o
                0x080034d4                NVIC_Init
 .text.UserToPMABufferCopy
                0x08003598       0x74 ..\obj\usb_mem.o
                0x08003598                UserToPMABufferCopy
 .text.PMAToUserBufferCopy
                0x0800360c       0x5c ..\obj\usb_mem.o
                0x0800360c                PMAToUserBufferCopy
 .text.USB_Istr
                0x08003668      0x224 ..\obj\usb_istr.o
                0x08003668                USB_Istr
 .text          0x0800388c       0xec c:/program files/gnu tools arm embedded/4.9 2015q3/bin/../lib/gcc/arm-none-eabi/4.9.3/../../../../arm-none-eabi/lib/armv7-m\libg.a(lib_a-memcpy.o)
                0x0800388c                memcpy
 *(.init)
 *(.fini)
 *crtbegin.o(.ctors)
 *crtbegin?.o(.ctors)
 *(EXCLUDE_FILE(*crtend.o *crtend?.o) .ctors)
 *(SORT(.ctors.*))
 *(.ctors)
 *crtbegin.o(.dtors)
 *crtbegin?.o(.dtors)
 *(EXCLUDE_FILE(*crtend.o *crtend?.o) .dtors)
 *(SORT(.dtors.*))
 *(.dtors)
 *(.rodata*)
 .rodata        0x08003978      0x558 ..\obj\display_codepage.o
                0x08003978                RusPage
 .rodata        0x08003ed0       0xb6 ..\obj\usb_desc.o
                0x08003ed0                Virtual_Com_Port_DeviceDescriptor
                0x08003ee4                Virtual_Com_Port_ConfigDescriptor
                0x08003f28                Virtual_Com_Port_StringLangID
                0x08003f2c                Virtual_Com_Port_StringVendor
                0x08003f54                Virtual_Com_Port_StringProduct
 *fill*         0x08003f86        0x2 
 .rodata        0x08003f88       0x20 ..\obj\main.o
 .rodata        0x08003fa8       0x58 ..\obj\display.o
 *(.eh_fram e*)

.glue_7         0x08004000        0x0
 .glue_7        0x00000000        0x0 linker stubs

.glue_7t        0x08004000        0x0
 .glue_7t       0x00000000        0x0 linker stubs

.vfp11_veneer   0x08004000        0x0
 .vfp11_veneer  0x00000000        0x0 linker stubs

.v4_bx          0x08004000        0x0
 .v4_bx         0x00000000        0x0 linker stubs

.iplt           0x08004000        0x0
 .iplt          0x00000000        0x0 ..\obj\usb_core.o

.rel.dyn        0x08004000        0x0
 .rel.iplt      0x00000000        0x0 ..\obj\usb_core.o

.ARM.extab
 *(.ARM.extab* .gnu.linkonce.armextab.*)
                0x08004000                __exidx_start = .

.ARM.exidx
 *(.ARM.exidx* .gnu.linkonce.armexidx.*)
                0x08004000                __exidx_end = .
                0x08004000                __etext = .
                0x08004000                _sidata = __etext

.data           0x20000000       0xe8 load address 0x08004000
                0x20000000                __data_start__ = .
                0x20000000                _sdata = __data_start__
 *(vtable)
 *(.data*)
 .data          0x20000000       0x1a ..\obj\usb_desc.o
                0x20000000                Virtual_Com_Port_StringSerial
 *fill*         0x2000001a        0x2 
 .data          0x2000001c       0x90 ..\obj\usb_prop.o
                0x2000001c                linecoding
                0x20000024                Device_Table
                0x20000028                Device_Property
                0x20000058                User_Standard_Requests
                0x2000007c                Device_Descriptor
                0x20000084                Config_Descriptor
                0x2000008c                String_Descriptor
 .data          0x200000ac        0x1 ..\obj\usb_pwr.o
                0x200000ac                fSuspendEnabled
 *fill*         0x200000ad        0x3 
 .data          0x200000b0       0x38 ..\obj\usb_istr.o
                0x200000b0                pEpInt_IN
                0x200000cc                pEpInt_OUT
                0x200000e8                . = ALIGN (0x4)
                0x200000e8                PROVIDE (__preinit_array_start, .)
 *(.preinit_array)
                0x200000e8                PROVIDE (__preinit_array_end, .)
                0x200000e8                . = ALIGN (0x4)
                0x200000e8                PROVIDE (__init_array_start, .)
 *(SORT(.init_array.*))
 *(.init_array)
                0x200000e8                PROVIDE (__init_array_end, .)
                0x200000e8                . = ALIGN (0x4)
                0x200000e8                PROVIDE (__fini_array_start, .)
 *(SORT(.fini_array.*))
 *(.fini_array)
                0x200000e8                PROVIDE (__fini_array_end, .)
 *(.jcr*)
                0x200000e8                . = ALIGN (0x4)
                0x200000e8                __data_end__ = .
                0x200000e8                _edata = __data_end__

.igot.plt       0x200000e8        0x0 load address 0x080040e8
 .igot.plt      0x00000000        0x0 ..\obj\usb_core.o

.bss            0x200000e8      0x108 load address 0x080040e8
                0x200000e8                . = ALIGN (0x4)
                0x200000e8                __bss_start__ = .
                0x200000e8                _sbss = __bss_start__
 *(.bss*)
 .bss           0x200000e8        0x1 ..\obj\usb_core.o
                0x200000e8                Data_Mul_MaxPacketSize
 .bss           0x200000e9        0x1 ..\obj\hw_config.o
                0x200000e9                flag_usb
 .bss           0x200000ea        0x1 ..\obj\usb_prop.o
                0x200000ea                Request
 *fill*         0x200000eb        0x1 
 .bss           0x200000ec        0x4 ..\obj\usb_pwr.o
                0x200000ec                bDeviceState
 .bss           0x200000f0        0x8 ..\obj\main.o
                0x200000f0                delay
 .bss           0x200000f8       0x16 ..\obj\display.o
 *fill*         0x2000010e        0x2 
 .bss           0x20000110        0x8 ..\obj\usb_endp.o
                0x20000110                count_out
                0x20000114                count_in
 .bss           0x20000118        0xc ..\obj\usb_istr.o
                0x20000118                bIntPackSOF
                0x2000011c                esof_counter
                0x20000120                wCNTR
 *(COMMON)
 COMMON         0x20000124        0x2 ..\obj\usb_core.o
                0x20000124                StatusInfo
 COMMON         0x20000126        0x4 ..\obj\usb_int.o
                0x20000126                SaveRState
                0x20000128                SaveTState
 *fill*         0x2000012a        0x2 
 COMMON         0x2000012c       0x45 ..\obj\hw_config.o
                0x2000012c                RS_data_in
                0x20000130                buffer_in
                0x20000170                NumByt
 *fill*         0x20000171        0x3 
 COMMON         0x20000174        0x2 ..\obj\usb_pwr.o
                0x20000174                ResumeS
 *fill*         0x20000176        0x2 
 COMMON         0x20000178       0x32 ..\obj\usb_init.o
                0x20000178                SaveState
                0x2000017c                pProperty
                0x20000180                EPindex
                0x20000184                Device_Info
                0x200001a0                pUser_Standard_Requests
                0x200001a4                pInformation
                0x200001a8                wInterrupt_Mask
 *fill*         0x200001aa        0x2 
 COMMON         0x200001ac       0x40 ..\obj\usb_endp.o
                0x200001ac                buffer_out
 COMMON         0x200001ec        0x2 ..\obj\usb_istr.o
                0x200001ec                wIstr
                0x200001f0                . = ALIGN (0x4)
 *fill*         0x200001ee        0x2 
                0x200001f0                __bss_end__ = .
                0x200001f0                _ebss = __bss_end__

.heap           0x200001f0        0x0
                0x200001f0                __end__ = .
                0x200001f0                _end = __end__
                0x200001f0                end = __end__
 *(.heap*)
                0x200001f0                __HeapLimit = .

.co_stack       0x200001f0      0x400 load address 0x080041f0
                0x200001f0                . = ALIGN (0x8)
 *(.co_stack .co_stack.*)
 .co_stack      0x200001f0      0x400 ..\obj\startup_stm32f10x_hd.o
                0x200001f0                pulStack
                0x2000c000                __StackTop = (ORIGIN (ram) + 0xc000)
                0x2000bc00                __StackLimit = (__StackTop - SIZEOF (.co_stack))
                0x2000c000                PROVIDE (__stack, __StackTop)
                0x00000001                ASSERT ((__StackLimit >= __HeapLimit), region ram  overflowed with stack)
LOAD ..\obj\usb_core.o
LOAD ..\obj\string.o
LOAD ..\obj\stm32f10x_tim.o
LOAD ..\obj\display_codepage.o
LOAD ..\obj\usb_int.o
LOAD ..\obj\system_stm32f10x.o
LOAD ..\obj\startup_stm32f10x_hd.o
LOAD ..\obj\usb_desc.o
LOAD ..\obj\usb_regs.o
LOAD ..\obj\stm32f10x_pwr.o
LOAD ..\obj\hw_config.o
LOAD ..\obj\stm32f10x_gpio.o
LOAD ..\obj\usb_prop.o
LOAD ..\obj\usb_pwr.o
LOAD ..\obj\usb_init.o
LOAD ..\obj\main.o
LOAD ..\obj\stm32f10x_rcc.o
LOAD ..\obj\display.o
LOAD ..\obj\stm32f10x_exti.o
LOAD ..\obj\usb_sil.o
LOAD ..\obj\stm32f10x_flash.o
LOAD ..\obj\stm32f10x_it.o
LOAD ..\obj\usb_endp.o
LOAD ..\obj\misc.o
LOAD ..\obj\usb_mem.o
LOAD ..\obj\usb_istr.o
START GROUP
LOAD c:/program files/gnu tools arm embedded/4.9 2015q3/bin/../lib/gcc/arm-none-eabi/4.9.3/armv7-m\libgcc.a
LOAD c:/program files/gnu tools arm embedded/4.9 2015q3/bin/../lib/gcc/arm-none-eabi/4.9.3/../../../../arm-none-eabi/lib/armv7-m\libg.a
LOAD c:/program files/gnu tools arm embedded/4.9 2015q3/bin/../lib/gcc/arm-none-eabi/4.9.3/../../../../arm-none-eabi/lib/armv7-m\libc.a
END GROUP
OUTPUT(VCP.elf elf32-littlearm)

.debug_info     0x00000000     0x73f9
 .debug_info    0x00000000      0xb5d ..\obj\usb_core.o
 .debug_info    0x00000b5d      0x920 ..\obj\string.o
 .debug_info    0x0000147d       0x54 ..\obj\display_codepage.o
 .debug_info    0x000014d1      0x1f3 ..\obj\usb_int.o
 .debug_info    0x000016c4      0x479 ..\obj\system_stm32f10x.o
 .debug_info    0x00001b3d       0xe9 ..\obj\startup_stm32f10x_hd.o
 .debug_info    0x00001c26      0x183 ..\obj\usb_desc.o
 .debug_info    0x00001da9      0xca5 ..\obj\usb_regs.o
 .debug_info    0x00002a4e      0xab3 ..\obj\hw_config.o
 .debug_info    0x00003501      0x6e7 ..\obj\stm32f10x_gpio.o
 .debug_info    0x00003be8      0x822 ..\obj\usb_prop.o
 .debug_info    0x0000440a      0x2e1 ..\obj\usb_pwr.o
 .debug_info    0x000046eb      0x450 ..\obj\usb_init.o
 .debug_info    0x00004b3b      0x1cd ..\obj\main.o
 .debug_info    0x00004d08      0x88d ..\obj\stm32f10x_rcc.o
 .debug_info    0x00005595      0x852 ..\obj\display.o
 .debug_info    0x00005de7      0x186 ..\obj\usb_sil.o
 .debug_info    0x00005f6d      0x7b1 ..\obj\stm32f10x_flash.o
 .debug_info    0x0000671e      0x140 ..\obj\stm32f10x_it.o
 .debug_info    0x0000685e      0x13d ..\obj\usb_endp.o
 .debug_info    0x0000699b      0x53d ..\obj\misc.o
 .debug_info    0x00006ed8      0x1d2 ..\obj\usb_mem.o
 .debug_info    0x000070aa      0x34f ..\obj\usb_istr.o

.debug_abbrev   0x00000000     0x1dc4
 .debug_abbrev  0x00000000      0x290 ..\obj\usb_core.o
 .debug_abbrev  0x00000290      0x184 ..\obj\string.o
 .debug_abbrev  0x00000414       0x43 ..\obj\display_codepage.o
 .debug_abbrev  0x00000457       0xce ..\obj\usb_int.o
 .debug_abbrev  0x00000525      0x14c ..\obj\system_stm32f10x.o
 .debug_abbrev  0x00000671       0xa7 ..\obj\startup_stm32f10x_hd.o
 .debug_abbrev  0x00000718       0x73 ..\obj\usb_desc.o
 .debug_abbrev  0x0000078b      0x16d ..\obj\usb_regs.o
 .debug_abbrev  0x000008f8      0x32a ..\obj\hw_config.o
 .debug_abbrev  0x00000c22      0x1c8 ..\obj\stm32f10x_gpio.o
 .debug_abbrev  0x00000dea      0x206 ..\obj\usb_prop.o
 .debug_abbrev  0x00000ff0      0x12b ..\obj\usb_pwr.o
 .debug_abbrev  0x0000111b      0x11e ..\obj\usb_init.o
 .debug_abbrev  0x00001239      0x125 ..\obj\main.o
 .debug_abbrev  0x0000135e      0x1ba ..\obj\stm32f10x_rcc.o
 .debug_abbrev  0x00001518      0x240 ..\obj\display.o
 .debug_abbrev  0x00001758       0xbb ..\obj\usb_sil.o
 .debug_abbrev  0x00001813      0x18b ..\obj\stm32f10x_flash.o
 .debug_abbrev  0x0000199e       0x7d ..\obj\stm32f10x_it.o
 .debug_abbrev  0x00001a1b       0xb1 ..\obj\usb_endp.o
 .debug_abbrev  0x00001acc      0x145 ..\obj\misc.o
 .debug_abbrev  0x00001c11       0x9d ..\obj\usb_mem.o
 .debug_abbrev  0x00001cae      0x116 ..\obj\usb_istr.o

.debug_aranges  0x00000000      0xa88
 .debug_aranges
                0x00000000       0xb0 ..\obj\usb_core.o
 .debug_aranges
                0x000000b0       0xc8 ..\obj\string.o
 .debug_aranges
                0x00000178       0x18 ..\obj\display_codepage.o
 .debug_aranges
                0x00000190       0x28 ..\obj\usb_int.o
 .debug_aranges
                0x000001b8       0x38 ..\obj\system_stm32f10x.o
 .debug_aranges
                0x000001f0       0x28 ..\obj\startup_stm32f10x_hd.o
 .debug_aranges
                0x00000218       0x18 ..\obj\usb_desc.o
 .debug_aranges
                0x00000230      0x1f0 ..\obj\usb_regs.o
 .debug_aranges
                0x00000420       0x88 ..\obj\hw_config.o
 .debug_aranges
                0x000004a8       0xa8 ..\obj\stm32f10x_gpio.o
 .debug_aranges
                0x00000550       0x88 ..\obj\usb_prop.o
 .debug_aranges
                0x000005d8       0x40 ..\obj\usb_pwr.o
 .debug_aranges
                0x00000618       0x20 ..\obj\usb_init.o
 .debug_aranges
                0x00000638       0x30 ..\obj\main.o
 .debug_aranges
                0x00000668      0x118 ..\obj\stm32f10x_rcc.o
 .debug_aranges
                0x00000780       0xc8 ..\obj\display.o
 .debug_aranges
                0x00000848       0x30 ..\obj\usb_sil.o
 .debug_aranges
                0x00000878       0xf8 ..\obj\stm32f10x_flash.o
 .debug_aranges
                0x00000970       0x68 ..\obj\stm32f10x_it.o
 .debug_aranges
                0x000009d8       0x28 ..\obj\usb_endp.o
 .debug_aranges
                0x00000a00       0x40 ..\obj\misc.o
 .debug_aranges
                0x00000a40       0x28 ..\obj\usb_mem.o
 .debug_aranges
                0x00000a68       0x20 ..\obj\usb_istr.o

.debug_ranges   0x00000000      0x920
 .debug_ranges  0x00000000       0xb8 ..\obj\usb_core.o
 .debug_ranges  0x000000b8       0xb8 ..\obj\string.o
 .debug_ranges  0x00000170       0x18 ..\obj\usb_int.o
 .debug_ranges  0x00000188       0x28 ..\obj\system_stm32f10x.o
 .debug_ranges  0x000001b0       0x18 ..\obj\startup_stm32f10x_hd.o
 .debug_ranges  0x000001c8      0x1e0 ..\obj\usb_regs.o
 .debug_ranges  0x000003a8       0x78 ..\obj\hw_config.o
 .debug_ranges  0x00000420       0x98 ..\obj\stm32f10x_gpio.o
 .debug_ranges  0x000004b8       0x78 ..\obj\usb_prop.o
 .debug_ranges  0x00000530       0x30 ..\obj\usb_pwr.o
 .debug_ranges  0x00000560       0x10 ..\obj\usb_init.o
 .debug_ranges  0x00000570       0x20 ..\obj\main.o
 .debug_ranges  0x00000590      0x108 ..\obj\stm32f10x_rcc.o
 .debug_ranges  0x00000698       0xb8 ..\obj\display.o
 .debug_ranges  0x00000750       0x20 ..\obj\usb_sil.o
 .debug_ranges  0x00000770       0xe8 ..\obj\stm32f10x_flash.o
 .debug_ranges  0x00000858       0x58 ..\obj\stm32f10x_it.o
 .debug_ranges  0x000008b0       0x18 ..\obj\usb_endp.o
 .debug_ranges  0x000008c8       0x30 ..\obj\misc.o
 .debug_ranges  0x000008f8       0x18 ..\obj\usb_mem.o
 .debug_ranges  0x00000910       0x10 ..\obj\usb_istr.o

.debug_line     0x00000000     0x43f8
 .debug_line    0x00000000      0x507 ..\obj\usb_core.o
 .debug_line    0x00000507      0x548 ..\obj\string.o
 .debug_line    0x00000a4f       0x55 ..\obj\display_codepage.o
 .debug_line    0x00000aa4      0x2a8 ..\obj\usb_int.o
 .debug_line    0x00000d4c      0x20a ..\obj\system_stm32f10x.o
 .debug_line    0x00000f56       0x9f ..\obj\startup_stm32f10x_hd.o
 .debug_line    0x00000ff5      0x15d ..\obj\usb_desc.o
 .debug_line    0x00001152      0x73b ..\obj\usb_regs.o
 .debug_line    0x0000188d      0x3e4 ..\obj\hw_config.o
 .debug_line    0x00001c71      0x39c ..\obj\stm32f10x_gpio.o
 .debug_line    0x0000200d      0x32a ..\obj\usb_prop.o
 .debug_line    0x00002337      0x2a2 ..\obj\usb_pwr.o
 .debug_line    0x000025d9      0x1c5 ..\obj\usb_init.o
 .debug_line    0x0000279e      0x1d7 ..\obj\main.o
 .debug_line    0x00002975      0x4a9 ..\obj\stm32f10x_rcc.o
 .debug_line    0x00002e1e      0x562 ..\obj\display.o
 .debug_line    0x00003380      0x1f2 ..\obj\usb_sil.o
 .debug_line    0x00003572      0x4b7 ..\obj\stm32f10x_flash.o
 .debug_line    0x00003a29      0x21a ..\obj\stm32f10x_it.o
 .debug_line    0x00003c43      0x186 ..\obj\usb_endp.o
 .debug_line    0x00003dc9      0x22a ..\obj\misc.o
 .debug_line    0x00003ff3      0x1ca ..\obj\usb_mem.o
 .debug_line    0x000041bd      0x23b ..\obj\usb_istr.o

.debug_str      0x00000000     0x2f7c
 .debug_str     0x00000000      0x8f4 ..\obj\usb_core.o
                                0xa7c (size before relaxing)
 .debug_str     0x000008f4      0x1bb ..\obj\string.o
                                0x32b (size before relaxing)
 .debug_str     0x00000aaf       0x3d ..\obj\display_codepage.o
                                 0xd2 (size before relaxing)
 .debug_str     0x00000aec       0x83 ..\obj\usb_int.o
                                0x20f (size before relaxing)
 .debug_str     0x00000b6f      0x179 ..\obj\system_stm32f10x.o
                                0x2ff (size before relaxing)
 .debug_str     0x00000ce8       0xad ..\obj\startup_stm32f10x_hd.o
                                0x14f (size before relaxing)
 .debug_str     0x00000d95      0x105 ..\obj\usb_desc.o
                                0x24a (size before relaxing)
 .debug_str     0x00000e9a      0x40f ..\obj\usb_regs.o
                                0x598 (size before relaxing)
 .debug_str     0x000012a9      0x705 ..\obj\hw_config.o
                                0xa3a (size before relaxing)
 .debug_str     0x000019ae      0x385 ..\obj\stm32f10x_gpio.o
                                0x529 (size before relaxing)
 .debug_str     0x00001d33      0x276 ..\obj\usb_prop.o
                                0x96a (size before relaxing)
 .debug_str     0x00001fa9      0x12d ..\obj\usb_pwr.o
                                0x36d (size before relaxing)
 .debug_str     0x000020d6       0x5f ..\obj\usb_init.o
                                0x550 (size before relaxing)
 .debug_str     0x00002135       0x55 ..\obj\main.o
                                0x238 (size before relaxing)
 .debug_str     0x0000218a      0x3cb ..\obj\stm32f10x_rcc.o
                                0x62a (size before relaxing)
 .debug_str     0x00002555      0x21c ..\obj\display.o
                                0x4d3 (size before relaxing)
 .debug_str     0x00002771       0xa1 ..\obj\usb_sil.o
                                0x21e (size before relaxing)
 .debug_str     0x00002812      0x404 ..\obj\stm32f10x_flash.o
                                0x5f8 (size before relaxing)
 .debug_str     0x00002c16       0xfc ..\obj\stm32f10x_it.o
                                0x22f (size before relaxing)
 .debug_str     0x00002d12       0x69 ..\obj\usb_endp.o
                                0x1e0 (size before relaxing)
 .debug_str     0x00002d7b       0xf4 ..\obj\misc.o
                                0x3ce (size before relaxing)
 .debug_str     0x00002e6f       0xa3 ..\obj\usb_mem.o
                                0x210 (size before relaxing)
 .debug_str     0x00002f12       0x6a ..\obj\usb_istr.o
                                0x3cd (size before relaxing)

.comment        0x00000000       0x70
 .comment       0x00000000       0x70 ..\obj\usb_core.o
                                 0x71 (size before relaxing)
 .comment       0x00000000       0x71 ..\obj\string.o
 .comment       0x00000000       0x71 ..\obj\display_codepage.o
 .comment       0x00000000       0x71 ..\obj\usb_int.o
 .comment       0x00000000       0x71 ..\obj\system_stm32f10x.o
 .comment       0x00000000       0x71 ..\obj\startup_stm32f10x_hd.o
 .comment       0x00000000       0x71 ..\obj\usb_desc.o
 .comment       0x00000000       0x71 ..\obj\usb_regs.o
 .comment       0x00000000       0x71 ..\obj\hw_config.o
 .comment       0x00000000       0x71 ..\obj\stm32f10x_gpio.o
 .comment       0x00000000       0x71 ..\obj\usb_prop.o
 .comment       0x00000000       0x71 ..\obj\usb_pwr.o
 .comment       0x00000000       0x71 ..\obj\usb_init.o
 .comment       0x00000000       0x71 ..\obj\main.o
 .comment       0x00000000       0x71 ..\obj\stm32f10x_rcc.o
 .comment       0x00000000       0x71 ..\obj\display.o
 .comment       0x00000000       0x71 ..\obj\usb_sil.o
 .comment       0x00000000       0x71 ..\obj\stm32f10x_flash.o
 .comment       0x00000000       0x71 ..\obj\stm32f10x_it.o
 .comment       0x00000000       0x71 ..\obj\usb_endp.o
 .comment       0x00000000       0x71 ..\obj\misc.o
 .comment       0x00000000       0x71 ..\obj\usb_mem.o
 .comment       0x00000000       0x71 ..\obj\usb_istr.o

.ARM.attributes
                0x00000000       0x31
 .ARM.attributes
                0x00000000       0x33 ..\obj\usb_core.o
 .ARM.attributes
                0x00000033       0x33 ..\obj\string.o
 .ARM.attributes
                0x00000066       0x33 ..\obj\display_codepage.o
 .ARM.attributes
                0x00000099       0x33 ..\obj\usb_int.o
 .ARM.attributes
                0x000000cc       0x33 ..\obj\system_stm32f10x.o
 .ARM.attributes
                0x000000ff       0x33 ..\obj\startup_stm32f10x_hd.o
 .ARM.attributes
                0x00000132       0x33 ..\obj\usb_desc.o
 .ARM.attributes
                0x00000165       0x33 ..\obj\usb_regs.o
 .ARM.attributes
                0x00000198       0x33 ..\obj\hw_config.o
 .ARM.attributes
                0x000001cb       0x33 ..\obj\stm32f10x_gpio.o
 .ARM.attributes
                0x000001fe       0x33 ..\obj\usb_prop.o
 .ARM.attributes
                0x00000231       0x33 ..\obj\usb_pwr.o
 .ARM.attributes
                0x00000264       0x33 ..\obj\usb_init.o
 .ARM.attributes
                0x00000297       0x33 ..\obj\main.o
 .ARM.attributes
                0x000002ca       0x33 ..\obj\stm32f10x_rcc.o
 .ARM.attributes
                0x000002fd       0x33 ..\obj\display.o
 .ARM.attributes
                0x00000330       0x33 ..\obj\usb_sil.o
 .ARM.attributes
                0x00000363       0x33 ..\obj\stm32f10x_flash.o
 .ARM.attributes
                0x00000396       0x33 ..\obj\stm32f10x_it.o
 .ARM.attributes
                0x000003c9       0x33 ..\obj\usb_endp.o
 .ARM.attributes
                0x000003fc       0x33 ..\obj\misc.o
 .ARM.attributes
                0x0000042f       0x33 ..\obj\usb_mem.o
 .ARM.attributes
                0x00000462       0x33 ..\obj\usb_istr.o
 .ARM.attributes
                0x00000495       0x1b c:/program files/gnu tools arm embedded/4.9 2015q3/bin/../lib/gcc/arm-none-eabi/4.9.3/../../../../arm-none-eabi/lib/armv7-m\libg.a(lib_a-memcpy.o)

.debug_frame    0x00000000     0x283c
 .debug_frame   0x00000000      0x2b8 ..\obj\usb_core.o
 .debug_frame   0x000002b8      0x374 ..\obj\string.o
 .debug_frame   0x0000062c       0x5c ..\obj\usb_int.o
 .debug_frame   0x00000688       0x98 ..\obj\system_stm32f10x.o
 .debug_frame   0x00000720       0x4c ..\obj\startup_stm32f10x_hd.o
 .debug_frame   0x0000076c      0x91c ..\obj\usb_regs.o
 .debug_frame   0x00001088      0x200 ..\obj\hw_config.o
 .debug_frame   0x00001288      0x2d0 ..\obj\stm32f10x_gpio.o
 .debug_frame   0x00001558      0x200 ..\obj\usb_prop.o
 .debug_frame   0x00001758       0xbc ..\obj\usb_pwr.o
 .debug_frame   0x00001814       0x2c ..\obj\usb_init.o
 .debug_frame   0x00001840       0x74 ..\obj\main.o
 .debug_frame   0x000018b4      0x4f4 ..\obj\stm32f10x_rcc.o
 .debug_frame   0x00001da8      0x320 ..\obj\display.o
 .debug_frame   0x000020c8       0x78 ..\obj\usb_sil.o
 .debug_frame   0x00002140      0x410 ..\obj\stm32f10x_flash.o
 .debug_frame   0x00002550      0x12c ..\obj\stm32f10x_it.o
 .debug_frame   0x0000267c       0x54 ..\obj\usb_endp.o
 .debug_frame   0x000026d0       0xd8 ..\obj\misc.o
 .debug_frame   0x000027a8       0x60 ..\obj\usb_mem.o
 .debug_frame   0x00002808       0x34 ..\obj\usb_istr.o
